#
# There is insufficient memory for the Java Runtime Environment to continue.
# Native memory allocation (mmap) failed to map 65536 bytes. Error detail: Failed to commit metaspace.
# Possible reasons:
#   The system is out of physical RAM or swap space
#   This process is running with CompressedOops enabled, and the Java Heap may be blocking the growth of the native heap
# Possible solutions:
#   Reduce memory load on the system
#   Increase physical memory or swap space
#   Check if swap backing store is full
#   Decrease Java heap size (-Xmx/-Xms)
#   Decrease number of Java threads
#   Decrease Java thread stack sizes (-Xss)
#   Set larger code cache with -XX:ReservedCodeCacheSize=
#   JVM is running with Unscaled Compressed Oops mode in which the Java heap is
#     placed in the first 4GB address space. The Java Heap base address is the
#     maximum limit for the native heap growth. Please use -XX:HeapBaseMinAddress
#     to set the Java Heap base and to place the Java Heap above 4GB virtual address.
# This output file may be truncated or incomplete.
#
#  Out of Memory Error (virtualSpaceNode.cpp:110), pid=13228, tid=23680
#
# JRE version: OpenJDK Runtime Environment Microsoft-13877129 (17.0.19+10) (build 17.0.19+10-LTS)
# Java VM: OpenJDK 64-Bit Server VM Microsoft-13877129 (17.0.19+10-LTS, mixed mode, emulated-client, sharing, tiered, compressed oops, compressed class ptrs, g1 gc, windows-amd64)
# No core dump will be written. Minidumps are not enabled by default on client versions of Windows
#

---------------  S U M M A R Y ------------

Command Line: -Xms64m -Xmx256m -XX:TieredStopAtLevel=1 -Dspring.output.ansi.enabled=always -Dcom.sun.management.jmxremote -Dspring.jmx.enabled=true -Dspring.liveBeansView.mbeanDomain -Dspring.application.admin.enabled=true -Dmanagement.endpoints.jmx.exposure.include=* -javaagent:D:\IntelliJ IDEA 2026.1.4\lib\idea_rt.jar=60639 -Dfile.encoding=UTF-8 com.zosh.UserServiceApplication

Host: 11th Gen Intel(R) Core(TM) i3-1115G4 @ 3.00GHz, 4 cores, 7G,  Windows 10 , 64 bit Build 19041 (10.0.19041.2546)
Time: Thu Jul 30 20:18:36 2026 India Standard Time elapsed time: 1.637081 seconds (0d 0h 0m 1s)

---------------  T H R E A D  ---------------

Current thread (0x0000018482387fa0):  JavaThread "main" [_thread_in_vm, id=23680, stack(0x00000054aa400000,0x00000054aa500000)]

Stack: [0x00000054aa400000,0x00000054aa500000]
Native frames: (J=compiled Java code, j=interpreted, Vv=VM code, C=native code)
V  [jvm.dll+0x68cc89]  (no source info available)
V  [jvm.dll+0x845d89]  (no source info available)
V  [jvm.dll+0x847af8]  (no source info available)
V  [jvm.dll+0x848183]  (no source info available)
V  [jvm.dll+0x24d0bf]  (no source info available)
V  [jvm.dll+0x841b67]  (no source info available)
V  [jvm.dll+0x6332eb]  (no source info available)
V  [jvm.dll+0x63335a]  (no source info available)
V  [jvm.dll+0x635ba3]  (no source info available)
V  [jvm.dll+0x633ca6]  (no source info available)
V  [jvm.dll+0x2414c0]  (no source info available)
V  [jvm.dll+0x63dcb5]  (no source info available)
V  [jvm.dll+0x1ee875]  (no source info available)
V  [jvm.dll+0x1eed85]  (no source info available)
V  [jvm.dll+0x1ef72c]  (no source info available)
V  [jvm.dll+0x1e5031]  (no source info available)
V  [jvm.dll+0x5520d9]  (no source info available)
V  [jvm.dll+0x1f5aee]  (no source info available)
V  [jvm.dll+0x7bf6a3]  (no source info available)
V  [jvm.dll+0x7c0afd]  (no source info available)
V  [jvm.dll+0x42573c]  (no source info available)
C  [java.dll+0x1a85]  (no source info available)

Java frames: (J=compiled Java code, j=interpreted, Vv=VM code)
J 1002  java.lang.ClassLoader.findBootstrapClass(Ljava/lang/String;)Ljava/lang/Class; java.base@17.0.19 (0 bytes) @ 0x000001848a20df9a [0x000001848a20df40+0x000000000000005a]
J 1219 c1 jdk.internal.loader.ClassLoaders$BootClassLoader.loadClassOrNull(Ljava/lang/String;Z)Ljava/lang/Class; java.base@17.0.19 (10 bytes) @ 0x000001848a26eaa4 [0x000001848a26ea40+0x0000000000000064]
J 1163 c1 jdk.internal.loader.BuiltinClassLoader.loadClassOrNull(Ljava/lang/String;Z)Ljava/lang/Class; java.base@17.0.19 (143 bytes) @ 0x000001848a2553c4 [0x000001848a255020+0x00000000000003a4]
J 1223 c1 jdk.internal.loader.ClassLoaders$AppClassLoader.loadClass(Ljava/lang/String;Z)Ljava/lang/Class; java.base@17.0.19 (40 bytes) @ 0x000001848a26f844 [0x000001848a26f700+0x0000000000000144]
J 1208 c1 java.lang.ClassLoader.loadClass(Ljava/lang/String;)Ljava/lang/Class; java.base@17.0.19 (7 bytes) @ 0x000001848a269904 [0x000001848a2698c0+0x0000000000000044]
v  ~StubRoutines::call_stub
j  org.springframework.core.io.UrlResource.getFilename()Ljava/lang/String;+52
j  org.springframework.core.io.support.PropertiesLoaderUtils.fillProperties(Ljava/util/Properties;Lorg/springframework/core/io/Resource;)V+8
j  org.springframework.core.io.support.PropertiesLoaderUtils.loadProperties(Lorg/springframework/core/io/Resource;)Ljava/util/Properties;+10
j  org.springframework.core.io.support.SpringFactoriesLoader.loadFactoriesResource(Ljava/lang/ClassLoader;Ljava/lang/String;)Ljava/util/Map;+43
j  org.springframework.core.io.support.SpringFactoriesLoader.lambda$forResourceLocation$1(Ljava/lang/ClassLoader;Ljava/lang/String;Ljava/lang/String;)Lorg/springframework/core/io/support/SpringFactoriesLoader$Factories;+6
j  org.springframework.core.io.support.SpringFactoriesLoader$$Lambda$147+0x0000018491100cc8.apply(Ljava/lang/Object;)Ljava/lang/Object;+12
j  org.springframework.util.ConcurrentReferenceHashMap$6.execute(Lorg/springframework/util/ConcurrentReferenceHashMap$Reference;Lorg/springframework/util/ConcurrentReferenceHashMap$Entry;Lorg/springframework/util/ConcurrentReferenceHashMap$Entries;)Ljava/lang/Object;+17
j  org.springframework.util.ConcurrentReferenceHashMap$Segment.doTask(ILjava/lang/Object;Lorg/springframework/util/ConcurrentReferenceHashMap$Task;)Ljava/lang/Object;+126
j  org.springframework.util.ConcurrentReferenceHashMap.doTask(Ljava/lang/Object;Lorg/springframework/util/ConcurrentReferenceHashMap$Task;)Ljava/lang/Object;+14
j  org.springframework.util.ConcurrentReferenceHashMap.computeIfAbsent(Ljava/lang/Object;Ljava/util/function/Function;)Ljava/lang/Object;+28
j  org.springframework.core.io.support.SpringFactoriesLoader.forResourceLocation(Ljava/lang/String;Ljava/lang/ClassLoader;)Lorg/springframework/core/io/support/SpringFactoriesLoader;+47
j  org.springframework.core.io.support.SpringFactoriesLoader.forDefaultResourceLocation(Ljava/lang/ClassLoader;)Lorg/springframework/core/io/support/SpringFactoriesLoader;+3
j  org.springframework.core.io.support.SpringFactoriesLoader.forDefaultResourceLocation()Lorg/springframework/core/io/support/SpringFactoriesLoader;+1
j  org.springframework.boot.WebApplicationType.deduce()Lorg/springframework/boot/WebApplicationType;+0
j  org.springframework.boot.SpringApplication.<init>(Lorg/springframework/core/io/ResourceLoader;[Ljava/lang/Class;)V+103
j  org.springframework.boot.SpringApplication.<init>([Ljava/lang/Class;)V+3
j  org.springframework.boot.SpringApplication.run([Ljava/lang/Class;[Ljava/lang/String;)Lorg/springframework/context/ConfigurableApplicationContext;+5
j  org.springframework.boot.SpringApplication.run(Ljava/lang/Class;[Ljava/lang/String;)Lorg/springframework/context/ConfigurableApplicationContext;+9
j  com.zosh.UserServiceApplication.main([Ljava/lang/String;)V+3
v  ~StubRoutines::call_stub

Compiled method (n/a) 1674 1002     n 0       java.lang.ClassLoader::findBootstrapClass (native)
 total in heap  [0x000001848a20dd90,0x000001848a20e220] = 1168
 relocation     [0x000001848a20def0,0x000001848a20df28] = 56
 main code      [0x000001848a20df40,0x000001848a20e220] = 736

[Constant Pool (empty)]

[MachCode]
[Entry Point]
  # {method} {0x0000018490011098} 'findBootstrapClass' '(Ljava/lang/String;)Ljava/lang/Class;' in 'java/lang/ClassLoader'
  # parm0:    rdx:rdx   = 'java/lang/String'
  #           [sp+0x70]  (sp of caller)
  0x000001848a20df40: 448b 5208 | 49bb 0000 | 0090 8401 | 0000 4d03 | d349 3bc2 | 0f84 0600 

  0x000001848a20df58: ;   {runtime_call ic_miss_stub}
  0x000001848a20df58: 0000 e921 | 36d5 ff90 
[Verified Entry Point]
  0x000001848a20df60: 8984 2400 | 90ff ff55 | 488b ec48 | 83ec 6048 | 8954 2420 | 4883 fa00 | 4c8d 4424 | 204c 0f44 
  0x000001848a20df80: ;   {oop(a 'java/lang/Class'{0x00000000f08415f8} = 'java/lang/ClassLoader')}
  0x000001848a20df80: 4424 2049 | bef8 1584 | f000 0000 | 004c 8974 | 2450 4c8d | 7424 5049 | 8bd6 c5f8 

  0x000001848a20df9c: ;   {internal_word}
  0x000001848a20df9c: 7749 ba9a | df20 8a84 | 0100 004d | 8997 a802 | 0000 4989 | a7a0 0200 

  0x000001848a20dfb4: ;   {external_word}
  0x000001848a20dfb4: 0049 badb | b895 99f8 | 7f00 0041 | 803a 000f | 844e 0000 | 0052 4150 

  0x000001848a20dfcc: ;   {metadata({method} {0x0000018490011098} 'findBootstrapClass' '(Ljava/lang/String;)Ljava/lang/Class;' in 'java/lang/ClassLoader')}
  0x000001848a20dfcc: 48ba 9010 | 0190 8401 | 0000 498b | cf48 83ec | 20f7 c40f | 0000 000f | 841a 0000 | 0048 83ec 
  0x000001848a20dfec: ;   {runtime_call}
  0x000001848a20dfec: 0849 bae0 | 594b 99f8 | 7f00 0041 | ffd2 4883 | c408 e90d 

  0x000001848a20e000: ;   {runtime_call}
  0x000001848a20e000: 0000 0049 | bae0 594b | 99f8 7f00 | 0041 ffd2 | 4883 c420 | 4158 5a49 | 8d8f c002 | 0000 41c7 
  0x000001848a20e020: 8748 0300 | 0004 0000 

  0x000001848a20e028: ;   {runtime_call}
  0x000001848a20e028: 0049 ba08 | 1a58 e3f8 | 7f00 0041 | ffd2 c5f8 | 7741 c787 | 4803 0000 | 0500 0000 | f083 4424 
  0x000001848a20e048: c000 493b | af50 0300 | 000f 8711 | 0000 0041 | 81bf 3803 | 0000 0000 | 0000 0f84 | 2c00 0000 
  0x000001848a20e068: c5f8 7748 | 8945 f849 | 8bcf 4c8b | e448 83ec | 2048 83e4 

  0x000001848a20e07c: ;   {runtime_call}
  0x000001848a20e07c: f049 ba80 | 675b 99f8 | 7f00 0041 | ffd2 498b | e44d 33e4 | 488b 45f8 | 41c7 8748 | 0300 0008 
  0x000001848a20e09c: 0000 0041 | 81bf b803 | 0000 0200 | 0000 0f84 | 3f01 0000 

  0x000001848a20e0b0: ;   {external_word}
  0x000001848a20e0b0: 49ba dbb8 | 9599 f87f | 0000 4180 | 3a00 0f84 | 5000 0000 | 4889 45f8 

  0x000001848a20e0c8: ;   {metadata({method} {0x0000018490011098} 'findBootstrapClass' '(Ljava/lang/String;)Ljava/lang/Class;' in 'java/lang/ClassLoader')}
  0x000001848a20e0c8: 48ba 9010 | 0190 8401 | 0000 498b | cf48 83ec | 20f7 c40f | 0000 000f | 841a 0000 | 0048 83ec 
  0x000001848a20e0e8: ;   {runtime_call}
  0x000001848a20e0e8: 0849 bae0 | 594b 99f8 | 7f00 0041 | ffd2 4883 | c408 e90d 

  0x000001848a20e0fc: ;   {runtime_call}
  0x000001848a20e0fc: 0000 0049 | bae0 594b | 99f8 7f00 | 0041 ffd2 | 4883 c420 | 488b 45f8 | 49c7 87a0 | 0200 0000 
  0x000001848a20e11c: 0000 0049 | c787 a802 | 0000 0000 | 0000 c5f8 | 7748 85c0 | 0f84 9300 | 0000 48f7 | c001 0000 
  0x000001848a20e13c: 000f 8483 | 0000 0048 | 8b40 ff41 | 807f 3800 | 0f84 6f00 | 0000 4883 | f800 0f84 | 6500 0000 
  0x000001848a20e15c: 498b 4f20 | 4883 f900 | 0f84 1400 | 0000 4883 | e908 4989 | 4f20 4903 | 4f30 4889 | 01e9 4300 
  0x000001848a20e17c: 0000 5049 | 8bd7 488b | c848 83ec | 20f7 c40f | 0000 000f | 841a 0000 | 0048 83ec 

  0x000001848a20e198: ;   {runtime_call}
  0x000001848a20e198: 0849 ba10 | d109 99f8 | 7f00 0041 | ffd2 4883 | c408 e90d 

  0x000001848a20e1ac: ;   {runtime_call}
  0x000001848a20e1ac: 0000 0049 | ba10 d109 | 99f8 7f00 | 0041 ffd2 | 4883 c420 | 58e9 0300 | 0000 488b | 0049 8b8f 
  0x000001848a20e1cc: d800 0000 | c781 0001 | 0000 0000 | 0000 c949 | 817f 0800 | 0000 000f | 8501 0000 

  0x000001848a20e1e8: ;   {runtime_call StubRoutines (1)}
  0x000001848a20e1e8: 00c3 e911 | 2dd0 ffc5 | f877 4889 | 45f8 4c8b | e448 83ec | 2048 83e4 

  0x000001848a20e200: ;   {runtime_call}
  0x000001848a20e200: f049 baa0 | 8a4b 99f8 | 7f00 0041 | ffd2 498b | e44d 33e4 | 488b 45f8 | e993 feff | fff4 f4f4 
[/MachCode]


Compiled method (c1) 1684 1219       1       jdk.internal.loader.ClassLoaders$BootClassLoader::loadClassOrNull (10 bytes)
 total in heap  [0x000001848a26e890,0x000001848a26ebe8] = 856
 relocation     [0x000001848a26e9f0,0x000001848a26ea30] = 64
 main code      [0x000001848a26ea40,0x000001848a26eb00] = 192
 stub code      [0x000001848a26eb00,0x000001848a26eb58] = 88
 metadata       [0x000001848a26eb58,0x000001848a26eb70] = 24
 scopes data    [0x000001848a26eb70,0x000001848a26eba0] = 48
 scopes pcs     [0x000001848a26eba0,0x000001848a26ebe0] = 64
 dependencies   [0x000001848a26ebe0,0x000001848a26ebe8] = 8

[Constant Pool (empty)]

[MachCode]
[Entry Point]
  # {method} {0x0000018490198858} 'loadClassOrNull' '(Ljava/lang/String;Z)Ljava/lang/Class;' in 'jdk/internal/loader/ClassLoaders$BootClassLoader'
  # this:     rdx:rdx   = 'jdk/internal/loader/ClassLoaders$BootClassLoader'
  # parm0:    r8:r8     = 'java/lang/String'
  # parm1:    r9        = boolean
  #           [sp+0x60]  (sp of caller)
  0x000001848a26ea40: 448b 5208 | 49bb 0000 | 0090 8401 | 0000 4d03 | d34c 3bd0 

  0x000001848a26ea54: ;   {runtime_call ic_miss_stub}
  0x000001848a26ea54: 0f85 262b | cfff 660f | 1f44 0000 
[Verified Entry Point]
  0x000001848a26ea60: 8984 2400 | 90ff ff55 | 4883 ec50 | 498b d04c | 8944 2438 

  0x000001848a26ea74: ;   {static_call}
  0x000001848a26ea74: 6666 90e8 

  0x000001848a26ea78: ; ImmutableOopMap {[56]=Oop }
                      ;*invokestatic checkName {reexecute=0 rethrow=0 return_oop=0}
                      ; - java.lang.ClassLoader::findBootstrapClassOrNull@1 (line 1265)
                      ; - java.lang.System$2::findBootstrapClassOrNull@1 (line 2327)
                      ; - jdk.internal.loader.ClassLoaders$BootClassLoader::loadClassOrNull@4 (line 140)
  0x000001848a26ea78: 84d3 f9ff | 83f8 000f | 850f 0000 

  0x000001848a26ea84: ;   {oop(NULL)}
  0x000001848a26ea84: 0048 be00 | 0000 0000 | 0000 00e9 | 1300 0000 | 4c8b 4424 | 3849 8bd0 

  0x000001848a26ea9c: ;   {static_call}
  0x000001848a26ea9c: 6666 90e8 

  0x000001848a26eaa0: ; ImmutableOopMap {}
                      ;*invokestatic findBootstrapClass {reexecute=0 rethrow=0 return_oop=0}
                      ; - java.lang.ClassLoader::findBootstrapClassOrNull@10 (line 1267)
                      ; - java.lang.System$2::findBootstrapClassOrNull@1 (line 2327)
                      ; - jdk.internal.loader.ClassLoaders$BootClassLoader::loadClassOrNull@4 (line 140)
  0x000001848a26eaa0: bcf4 f9ff | 488b f048 | 8bc6 4883 

  0x000001848a26eaac: ;   {poll_return}
  0x000001848a26eaac: c450 5d49 | 3ba7 5003 | 0000 0f87 | 0100 0000 

  0x000001848a26eabc: ;   {internal_word}
  0x000001848a26eabc: c349 baaf | ea26 8a84 | 0100 004d | 8997 6803 

  0x000001848a26eacc: ;   {runtime_call SafepointBlob}
  0x000001848a26eacc: 0000 e9ad | a4cf ff90 | 9049 8b87 | e003 0000 | 49c7 87e0 | 0300 0000 | 0000 0049 | c787 e803 
  0x000001848a26eaec: 0000 0000 | 0000 4883 

  0x000001848a26eaf4: ;   {runtime_call unwind_exception Runtime1 stub}
  0x000001848a26eaf4: c450 5de9 | 0430 d9ff | f4f4 f4f4 
[Stub Code]
  0x000001848a26eb00: ;   {no_reloc}
  0x000001848a26eb00: 0f1f 4400 

  0x000001848a26eb04: ;   {static_stub}
  0x000001848a26eb04: 0048 bb00 | 0000 0000 

  0x000001848a26eb0c: ;   {runtime_call}
  0x000001848a26eb0c: 0000 00e9 | fbff ffff 

  0x000001848a26eb14: ;   {static_stub}
  0x000001848a26eb14: 9048 bb00 | 0000 0000 

  0x000001848a26eb1c: ;   {runtime_call}
  0x000001848a26eb1c: 0000 00e9 | fbff ffff 
[Exception Handler]
  0x000001848a26eb24: ;   {runtime_call handle_exception_from_callee Runtime1 stub}
  0x000001848a26eb24: e8d7 64d9 

  0x000001848a26eb28: ;   {external_word}
  0x000001848a26eb28: ff48 b950 | ba6f 99f8 | 7f00 0048 

  0x000001848a26eb34: ;   {runtime_call}
  0x000001848a26eb34: 83e4 f049 | ba00 3438 | 99f8 7f00 | 0041 ffd2 

  0x000001848a26eb44: ;   {section_word}
  0x000001848a26eb44: f449 ba45 | eb26 8a84 | 0100 0041 

  0x000001848a26eb50: ;   {runtime_call DeoptimizationBlob}
  0x000001848a26eb50: 52e9 cab8 | cfff f4f4 
[/MachCode]


Compiled method (c1) 1693 1163   !   1       jdk.internal.loader.BuiltinClassLoader::loadClassOrNull (143 bytes)
 total in heap  [0x000001848a254d90,0x000001848a255f58] = 4552
 relocation     [0x000001848a254ef0,0x000001848a255010] = 288
 main code      [0x000001848a255020,0x000001848a2556c0] = 1696
 stub code      [0x000001848a2556c0,0x000001848a2557e8] = 296
 metadata       [0x000001848a2557e8,0x000001848a255870] = 136
 scopes data    [0x000001848a255870,0x000001848a255ad0] = 608
 scopes pcs     [0x000001848a255ad0,0x000001848a255cc0] = 496
 dependencies   [0x000001848a255cc0,0x000001848a255cd8] = 24
 handler table  [0x000001848a255cd8,0x000001848a255f18] = 576
 nul chk table  [0x000001848a255f18,0x000001848a255f58] = 64

[Constant Pool (empty)]

[MachCode]
[Entry Point]
  # {method} {0x000001849007d7d0} 'loadClassOrNull' '(Ljava/lang/String;Z)Ljava/lang/Class;' in 'jdk/internal/loader/BuiltinClassLoader'
  # this:     rdx:rdx   = 'jdk/internal/loader/BuiltinClassLoader'
  # parm0:    r8:r8     = 'java/lang/String'
  # parm1:    r9        = boolean
  #           [sp+0x110]  (sp of caller)
  0x000001848a255020: 448b 5208 | 49bb 0000 | 0090 8401 | 0000 4d03 | d34c 3bd0 

  0x000001848a255034: ;   {runtime_call ic_miss_stub}
  0x000001848a255034: 0f85 46c5 | d0ff 660f | 1f44 0000 
[Verified Entry Point]
  0x000001848a255040: 8984 2400 | 90ff ff55 | 4881 ec00 | 0100 0048 | 8994 24a0 | 0000 004c | 8984 2498 | 0000 008b 
  0x000001848a255060: 5a28 4883 | fb00 0f85 | 1000 0000 | 488b f244 | 898c 24a8 | 0000 00e9 | 9500 0000 | 4489 8c24 
  0x000001848a255080: a800 0000 

  0x000001848a255084: ;   {metadata('java/lang/Object')}
  0x000001848a255084: 48ba 580d | 0090 8401 | 0000 498b | 8708 0100 | 0048 8d78 | 1049 3bbf | 1801 0000 | 0f87 2f05 
  0x000001848a2550a4: 0000 4989 | bf08 0100 | 0048 c700 | 0100 0000 | 488b ca49 | ba00 0000 | 9084 0100 | 0049 2bca 
  0x000001848a2550c4: 8948 0848 | 33c9 8948 | 0c48 33c9 

  0x000001848a2550d0: ; implicit exception: dispatches to 0x000001848a2555e2
  0x000001848a2550d0: 483b 0349 | 8bf0 4c8b | c64c 8bc8 | bf01 0000 | 0048 8bd3 | 4889 8424 | 9000 0000 

  0x000001848a2550ec: ;   {optimized virtual_call}
  0x000001848a2550ec: 6666 90e8 

  0x000001848a2550f0: ; ImmutableOopMap {[152]=Oop [144]=Oop [160]=Oop }
                      ;*invokevirtual putVal {reexecute=0 rethrow=0 return_oop=0}
                      ; - java.util.concurrent.ConcurrentHashMap::putIfAbsent@4 (line 1541)
                      ; - java.lang.ClassLoader::getClassLoadingLock@23 (line 671)
                      ; - jdk.internal.loader.BuiltinClassLoader::loadClassOrNull@2 (line 651)
  0x000001848a2550f0: cc9f ddff | 4883 f800 | 0f84 0800 | 0000 488b | f0e9 0b00 | 0000 488b | 8424 9000 | 0000 488b 
  0x000001848a255110: f048 8d94 | 24e8 0000 | 0048 8972 | 0848 8b06 | 4883 c801 | 4889 02f0 | 480f b116 | 0f84 1300 
  0x000001848a255130: 0000 482b | c448 81e0 | 07f0 ffff | 4889 020f | 85a7 0400 | 0048 8b94 | 2498 0000 | 0048 89b4 
  0x000001848a255150: 24b0 0000 

  0x000001848a255154: ;   {static_call}
  0x000001848a255154: 0066 90e8 

  0x000001848a255158: ; ImmutableOopMap {[152]=Oop [160]=Oop [176]=Oop [240]=Oop }
                      ;*invokestatic checkName {reexecute=0 rethrow=0 return_oop=0}
                      ; - java.lang.ClassLoader::findLoadedClass@1 (line 1288)
                      ; - jdk.internal.loader.BuiltinClassLoader::loadClassOrNull@10 (line 653)
  0x000001848a255158: a46c fbff | 83f8 000f | 850f 0000 

  0x000001848a255164: ;   {oop(NULL)}
  0x000001848a255164: 0048 be00 | 0000 0000 | 0000 00e9 | 1b00 0000 | 4c8b 8424 | 9800 0000 | 488b 9424 | a000 0000 
  0x000001848a255184: ;   {optimized virtual_call}
  0x000001848a255184: 6666 90e8 

  0x000001848a255188: ; ImmutableOopMap {[152]=Oop [160]=Oop [176]=Oop [240]=Oop }
                      ;*invokevirtual findLoadedClass0 {reexecute=0 rethrow=0 return_oop=0}
                      ; - java.lang.ClassLoader::findLoadedClass@11 (line 1290)
                      ; - jdk.internal.loader.BuiltinClassLoader::loadClassOrNull@10 (line 653)
  0x000001848a255188: 547b fbff | 488b f048 | 83fe 000f | 85fe 0200 | 0048 89b4 | 24b8 0000 | 004c 8b84 | 2498 0000 
  0x000001848a2551a8: 0041 8b48 | 1444 8b49 | 0c41 0fbe | 4810 c1e1 | 18c1 f918 | 41d3 f941 | ffc9 498b | f841 b82e 
  0x000001848a2551c8: 0000 0048 

  0x000001848a2551cc: ;   {optimized virtual_call}
  0x000001848a2551cc: 8bd7 90e8 

  0x000001848a2551d0: ; ImmutableOopMap {[176]=Oop [160]=Oop [152]=Oop [184]=Oop [240]=Oop }
                      ;*invokevirtual lastIndexOf {reexecute=0 rethrow=0 return_oop=0}
                      ; - java.lang.String::lastIndexOf@8 (line 2451)
                      ; - jdk.internal.loader.BuiltinClassLoader::findLoadedModule@3 (line 709)
                      ; - jdk.internal.loader.BuiltinClassLoader::loadClassOrNull@22 (line 658)
  0x000001848a2551d0: 0c1f eaff | 83f8 000f | 8d0f 0000 

  0x000001848a2551dc: ;   {oop(NULL)}
  0x000001848a2551dc: 0048 be00 | 0000 0000 | 0000 00e9 | 6900 0000 | 41b8 0000 | 0000 4c8b | c848 8b94 | 2498 0000 
  0x000001848a2551fc: ;   {optimized virtual_call}
  0x000001848a2551fc: 0066 90e8 

  0x000001848a255200: ; ImmutableOopMap {[176]=Oop [160]=Oop [152]=Oop [184]=Oop [240]=Oop }
                      ;*invokevirtual substring {reexecute=0 rethrow=0 return_oop=0}
                      ; - jdk.internal.loader.BuiltinClassLoader::findLoadedModule@16 (line 713)
                      ; - jdk.internal.loader.BuiltinClassLoader::loadClassOrNull@22 (line 658)
  0x000001848a255200: 7c4d dfff 

  0x000001848a255204: ;   {oop(a 'java/util/concurrent/ConcurrentHashMap'{0x00000000f08a2630})}
  0x000001848a255204: 4c8b c048 | ba30 268a | f000 0000 | 0066 0f1f 

  0x000001848a255214: ;   {optimized virtual_call}
  0x000001848a255214: 4400 00e8 

  0x000001848a255218: ; ImmutableOopMap {[176]=Oop [160]=Oop [152]=Oop [184]=Oop [240]=Oop }
                      ;*invokeinterface get {reexecute=0 rethrow=0 return_oop=0}
                      ; - jdk.internal.loader.BuiltinClassLoader::findLoadedModule@24 (line 714)
                      ; - jdk.internal.loader.BuiltinClassLoader::loadClassOrNull@22 (line 658)
  0x000001848a255218: a44a deff | 4883 f800 | 0f84 2900 

  0x000001848a255224: ;   {metadata('jdk/internal/loader/BuiltinClassLoader$LoadedModule')}
  0x000001848a255224: 0000 48be | 38e9 1590 | 8401 0000 | 448b 4808 | 49ba 0000 | 0090 8401 | 0000 4d03 | ca49 3bf1 
  0x000001848a255244: 0f85 bf03 | 0000 e900 | 0000 004c | 8bc0 498b | f048 83fe | 0048 8b94 | 24a0 0000 | 000f 8465 
  0x000001848a255264: 0100 008b | 7e0c 483b | fa0f 852a 

  0x000001848a255270: ;   {oop(a 'java/lang/Class'{0x00000000f08bdc08} = 'jdk/internal/misc/VM')}
  0x000001848a255270: 0100 0049 | b808 dc8b | f000 0000 | 0045 8b80 | 9400 0000 | 4183 f802 | 41b8 0000 | 0000 0f8c 
  0x000001848a255290: 0600 0000 | 41b8 0100 | 0000 4183 | e001 4183 | f800 0f85 | 0d00 0000 | 488b b424 | b800 0000 
  0x000001848a2552b0: e9e2 0100 

  0x000001848a2552b4: ;   {oop(a 'java/lang/Class'{0x00000000f08c5d60} = 'java/lang/System')}
  0x000001848a2552b4: 0049 b860 | 5d8c f000 | 0000 0045 | 8b40 7c49 | 83f8 000f | 851c 0000 | 004c 8b84 | 2498 0000 
  0x000001848a2552d4: 004c 8bce | 488b f248 

  0x000001848a2552dc: ;   {optimized virtual_call}
  0x000001848a2552dc: 8bd6 90e8 

  0x000001848a2552e0: ; ImmutableOopMap {[176]=Oop [160]=Oop [240]=Oop }
                      ;*invokevirtual defineClass {reexecute=0 rethrow=0 return_oop=0}
                      ; - jdk.internal.loader.BuiltinClassLoader::findClassInModuleOrNull@9 (line 741)
                      ; - jdk.internal.loader.BuiltinClassLoader::loadClassOrNull@55 (line 665)
  0x000001848a2552e0: 1cc8 d0ff | e9ac 0000 | 000f 1f80 | 0000 0000 

  0x000001848a2552f0: ;   {no_reloc}
  0x000001848a2552f0: e931 0300 | 0090 9090 | 9090 488b | 9424 a000 | 0000 4c8b | 8424 9800 | 0000 4c8b 

  0x000001848a25530c: ;   {static_call}
  0x000001848a25530c: ce66 90e8 

  0x000001848a255310: ; ImmutableOopMap {[176]=Oop [160]=Oop [240]=Oop }
                      ;*invokedynamic {reexecute=0 rethrow=0 return_oop=0}
                      ; - jdk.internal.loader.BuiltinClassLoader::findClassInModuleOrNull@16 (line 743)
                      ; - jdk.internal.loader.BuiltinClassLoader::loadClassOrNull@55 (line 665)
  0x000001848a255310: ecd2 d0ff | 4889 8424 | c000 0000 

  0x000001848a25531c: ;   {static_call}
  0x000001848a25531c: 6666 90e8 

  0x000001848a255320: ; ImmutableOopMap {[176]=Oop [160]=Oop [192]=Oop [240]=Oop }
                      ;*invokestatic getCallerClass {reexecute=0 rethrow=0 return_oop=0}
                      ; - java.security.AccessController::doPrivileged@2 (line 318)
                      ; - jdk.internal.loader.BuiltinClassLoader::findClassInModuleOrNull@23 (line 744)
                      ; - jdk.internal.loader.BuiltinClassLoader::loadClassOrNull@55 (line 665)
  0x000001848a255320: dcd2 d0ff | 488b 9424 | c000 0000 | 4889 8424 | c800 0000 | 9048 b8ff | ffff ffff 

  0x000001848a25533c: ;   {virtual_call}
  0x000001848a25533c: ffff ffe8 

  0x000001848a255340: ; ImmutableOopMap {[176]=Oop [160]=Oop [200]=Oop [240]=Oop }
                      ;*invokeinterface run {reexecute=0 rethrow=0 return_oop=0}
                      ; - java.security.AccessController::executePrivileged@29 (line 776)
                      ; - java.security.AccessController::doPrivileged@5 (line 318)
                      ; - jdk.internal.loader.BuiltinClassLoader::findClassInModuleOrNull@23 (line 744)
                      ; - jdk.internal.loader.BuiltinClassLoader::loadClassOrNull@55 (line 665)
  0x000001848a255340: 3ccd d0ff | 488b d048 | 8984 24d0 

  0x000001848a25534c: ;   {static_call}
  0x000001848a25534c: 0000 00e8 

  0x000001848a255350: ; ImmutableOopMap {[176]=Oop [160]=Oop [200]=Oop [208]=Oop [240]=Oop }
                      ;*invokestatic ensureMaterializedForStackWalk {reexecute=0 rethrow=0 return_oop=0}
                      ; - java.security.AccessController::executePrivileged@56 (line 784)
                      ; - java.security.AccessController::doPrivileged@5 (line 318)
                      ; - jdk.internal.loader.BuiltinClassLoader::findClassInModuleOrNull@23 (line 744)
                      ; - jdk.internal.loader.BuiltinClassLoader::loadClassOrNull@55 (line 665)
  0x000001848a255350: acd2 d0ff | 488b 8424 | d000 0000 | 4883 f800 | 0f84 2900 

  0x000001848a255364: ;   {metadata('java/lang/Class')}
  0x000001848a255364: 0000 48be | 2817 0090 | 8401 0000 | 448b 4808 | 49ba 0000 | 0090 8401 | 0000 4d03 | ca49 3bf1 
  0x000001848a255384: 0f85 a602 | 0000 e900 | 0000 004c | 8bc0 498b | c048 8bf0 | e9fa 0000 | 0048 3b07 | 4c8b 8424 
  0x000001848a2553a4: 9800 0000 | 41b9 0000 | 0000 488b | d70f 1f40 | 0048 b800 | e1a2 d584 

  0x000001848a2553bc: ;   {virtual_call}
  0x000001848a2553bc: 0100 00e8 

  0x000001848a2553c0: ; ImmutableOopMap {[176]=Oop [160]=Oop [240]=Oop }
                      ;*invokevirtual loadClassOrNull {reexecute=0 rethrow=0 return_oop=0}
                      ; - jdk.internal.loader.BuiltinClassLoader::loadClassOrNull@3 (line 700)
                      ; - jdk.internal.loader.BuiltinClassLoader::loadClassOrNull@66 (line 669)
  0x000001848a2553c0: 9c8b d0ff | 488b f0e9 | cb00 0000 | 8b72 5448 | 83fe 000f | 850d 0000 | 0048 8bb4 | 24b8 0000 
  0x000001848a2553e0: 00e9 2900 | 0000 483b | 064c 8b84 | 2498 0000 | 0041 b900 | 0000 0048 | 8bd6 6666 | 9048 b8ff 
  0x000001848a255400: ffff ffff 

  0x000001848a255404: ;   {virtual_call}
  0x000001848a255404: ffff ffe8 

  0x000001848a255408: ; ImmutableOopMap {[176]=Oop [152]=Oop [160]=Oop [240]=Oop }
                      ;*invokevirtual loadClassOrNull {reexecute=0 rethrow=0 return_oop=0}
                      ; - jdk.internal.loader.BuiltinClassLoader::loadClassOrNull@3 (line 700)
                      ; - jdk.internal.loader.BuiltinClassLoader::loadClassOrNull@86 (line 676)
  0x000001848a255408: 7c86 dbff | 488b f048 | 83fe 000f | 857e 0000 | 0048 8b94 | 24a0 0000 | 0044 8b42 | 5849 83f8 
  0x000001848a255428: 0041 b800 | 0000 000f | 8406 0000 | 0041 b801 | 0000 0041 | 83e0 0141 | 83f8 000f | 844e 0000 
  0x000001848a255448: ;   {oop(a 'java/lang/Class'{0x00000000f08bdc08} = 'jdk/internal/misc/VM')}
  0x000001848a255448: 0049 b808 | dc8b f000 | 0000 0045 | 8b80 9400 | 0000 4183 | f802 41b8 | 0000 0000 | 0f8c 0600 
  0x000001848a255468: 0000 41b8 | 0100 0000 | 4183 e001 | 4183 f800 | 0f84 1900 | 0000 4c8b | 8424 9800 | 0000 488b 
  0x000001848a255488: f248 8bd6 

  0x000001848a25548c: ;   {optimized virtual_call}
  0x000001848a25548c: 6666 90e8 

  0x000001848a255490: ; ImmutableOopMap {[176]=Oop [160]=Oop [240]=Oop }
                      ;*invokevirtual findClassOnClassPathOrNull {reexecute=0 rethrow=0 return_oop=0}
                      ; - jdk.internal.loader.BuiltinClassLoader::loadClassOrNull@111 (line 681)
  0x000001848a255490: acac 0300 | 488b f044 | 8b8c 24a8 | 0000 0041 | 83f9 000f | 8414 0000 | 0048 83fe | 000f 840a 
  0x000001848a2554b0: 0000 0048 | 83fe 000f | 843c 0000 | 0048 8d84 | 24e8 0000 | 0048 8b10 | 4885 d20f | 840f 0000 
  0x000001848a2554d0: 0048 8b78 | 08f0 480f | b117 0f85 | 6301 0000 | 488b c648 | 81c4 0001 

  0x000001848a2554e8: ;   {poll_return}
  0x000001848a2554e8: 0000 5d49 | 3ba7 5003 | 0000 0f87 | 6101 0000 | c348 89b4 | 24e0 0000 

  0x000001848a255500: ;   {metadata('java/lang/NullPointerException')}
  0x000001848a255500: 0048 ba30 | 1a06 9084 | 0100 0049 | 8b87 0801 | 0000 488d | 7830 493b | bf18 0100 | 000f 874c 
  0x000001848a255520: 0100 0049 | 89bf 0801 | 0000 48c7 | 0001 0000 | 0048 8bca | 49ba 0000 | 0090 8401 | 0000 492b 
  0x000001848a255540: ca89 4808 | 4833 c989 | 480c 4833 | c948 8948 | 1048 8948 | 1848 8948 | 2048 8948 | 2848 8bd0 
  0x000001848a255560: 4889 8424 | d800 0000 | 0f1f 8000 

  0x000001848a25556c: ;   {optimized virtual_call}
  0x000001848a25556c: 0000 00e8 

  0x000001848a255570: ; ImmutableOopMap {[176]=Oop [216]=Oop [224]=Oop [240]=Oop }
                      ;*invokespecial <init> {reexecute=0 rethrow=0 return_oop=0}
                      ; - java.lang.ClassLoader::resolveClass@8 (line 1228)
                      ; - jdk.internal.loader.BuiltinClassLoader::loadClassOrNull@128 (line 688)
  0x000001848a255570: 8cc5 d0ff | 488b 8424 

  0x000001848a255578: ; ImmutableOopMap {[176]=Oop [224]=Oop [240]=Oop rax=Oop }
                      ;*athrow {reexecute=1 rethrow=0 return_oop=0}
                      ; - (reexecute) java.lang.ClassLoader::resolveClass@11 (line 1228)
                      ; - jdk.internal.loader.BuiltinClassLoader::loadClassOrNull@128 (line 688)
  0x000001848a255578: d800 0000 

  0x000001848a25557c: ;   {section_word}
  0x000001848a25557c: 48ba 7c55 | 258a 8401 

  0x000001848a255584: ;   {runtime_call handle_exception_nofpu Runtime1 stub}
  0x000001848a255584: 0000 e875 | f3da ff90 | 498b 87e0 | 0300 004d | 33d2 4d89 | 97e0 0300 | 004d 33d2 | 4d89 97e8 
  0x000001848a2555a4: 0300 0048 | 8bf0 488d | 8424 e800 | 0000 488b | 3848 85ff | 0f84 0f00 | 0000 488b | 5808 f048 
  0x000001848a2555c4: 0fb1 3b0f | 85af 0000 | 0048 8bc6 | e9dc 0000 | 0048 8bd2 

  0x000001848a2555d8: ;   {runtime_call fast_new_instance Runtime1 stub}
  0x000001848a2555d8: e823 dfda 

  0x000001848a2555dc: ; ImmutableOopMap {r8=Oop [152]=Oop rbx=Oop [160]=Oop }
                      ;*new {reexecute=0 rethrow=0 return_oop=0}
                      ; - java.lang.ClassLoader::getClassLoadingLock@9 (line 670)
                      ; - jdk.internal.loader.BuiltinClassLoader::loadClassOrNull@2 (line 651)
  0x000001848a2555dc: ffe9 eefa 

  0x000001848a2555e0: ;   {runtime_call throw_null_pointer_exception Runtime1 stub}
  0x000001848a2555e0: ffff e839 

  0x000001848a2555e4: ; ImmutableOopMap {r8=Oop [152]=Oop rbx=Oop [160]=Oop rax=Oop }
                      ;*invokevirtual putIfAbsent {reexecute=0 rethrow=0 return_oop=0}
                      ; - java.lang.ClassLoader::getClassLoadingLock@23 (line 671)
                      ; - jdk.internal.loader.BuiltinClassLoader::loadClassOrNull@2 (line 651)
                      ;   {runtime_call throw_null_pointer_exception Runtime1 stub}
  0x000001848a2555e4: d4da ffe8 

  0x000001848a2555e8: ; ImmutableOopMap {[152]=Oop [160]=Oop rsi=Oop }
                      ;*monitorenter {reexecute=0 rethrow=0 return_oop=0}
                      ; - jdk.internal.loader.BuiltinClassLoader::loadClassOrNull@7 (line 651)
  0x000001848a2555e8: 34d4 daff | 4889 7424 | 0848 8914 

  0x000001848a2555f4: ;   {runtime_call monitorenter_nofpu Runtime1 stub}
  0x000001848a2555f4: 24e8 860c 

  0x000001848a2555f8: ; ImmutableOopMap {[152]=Oop [160]=Oop rsi=Oop [240]=Oop }
                      ;*monitorenter {reexecute=0 rethrow=0 return_oop=0}
                      ; - jdk.internal.loader.BuiltinClassLoader::loadClassOrNull@7 (line 651)
  0x000001848a2555f8: dbff e946 

  0x000001848a2555fc: ;   {runtime_call throw_null_pointer_exception Runtime1 stub}
  0x000001848a2555fc: fbff ffe8 

  0x000001848a255600: ; ImmutableOopMap {[176]=Oop r8=Oop [152]=Oop [184]=Oop [160]=Oop [240]=Oop }
                      ;*invokevirtual lastIndexOf {reexecute=0 rethrow=0 return_oop=0}
                      ; - jdk.internal.loader.BuiltinClassLoader::findLoadedModule@3 (line 709)
                      ; - jdk.internal.loader.BuiltinClassLoader::loadClassOrNull@22 (line 658)
  0x000001848a255600: 1cd4 daff 

  0x000001848a255604: ;   {runtime_call throw_null_pointer_exception Runtime1 stub}
  0x000001848a255604: e817 d4da 

  0x000001848a255608: ; ImmutableOopMap {[176]=Oop r8=Oop [152]=Oop [184]=Oop [160]=Oop [240]=Oop }
                      ;*arraylength {reexecute=0 rethrow=0 return_oop=0}
                      ; - java.lang.String::length@4 (line 1481)
                      ; - java.lang.String::lastIndexOf@3 (line 2451)
                      ; - jdk.internal.loader.BuiltinClassLoader::findLoadedModule@3 (line 709)
                      ; - jdk.internal.loader.BuiltinClassLoader::loadClassOrNull@22 (line 658)
  0x000001848a255608: ff48 8904 

  0x000001848a25560c: ;   {runtime_call throw_class_cast_exception Runtime1 stub}
  0x000001848a25560c: 24e8 0e00 

  0x000001848a255610: ; ImmutableOopMap {[176]=Oop [160]=Oop [152]=Oop [184]=Oop [240]=Oop }
                      ;*checkcast {reexecute=0 rethrow=0 return_oop=0}
                      ; - jdk.internal.loader.BuiltinClassLoader::findLoadedModule@29 (line 714)
                      ; - jdk.internal.loader.BuiltinClassLoader::loadClassOrNull@22 (line 658)
                      ;   {runtime_call throw_null_pointer_exception Runtime1 stub}
  0x000001848a255610: dbff e809 

  0x000001848a255614: ; ImmutableOopMap {[176]=Oop [152]=Oop [184]=Oop rsi=Oop rdx=Oop [160]=Oop [240]=Oop }
                      ;*invokevirtual loader {reexecute=0 rethrow=0 return_oop=0}
                      ; - jdk.internal.loader.BuiltinClassLoader::loadClassOrNull@34 (line 662)
  0x000001848a255614: d4da ff48 | bf00 0000 | 0000 0000 | 00b8 000f 

  0x000001848a255624: ;   {runtime_call load_appendix_patching Runtime1 stub}
  0x000001848a255624: 050a e8d5 

  0x000001848a255628: ; ImmutableOopMap {[176]=Oop [152]=Oop rsi=Oop [160]=Oop [240]=Oop }
                      ;*invokedynamic {reexecute=1 rethrow=0 return_oop=0}
                      ; - (reexecute) jdk.internal.loader.BuiltinClassLoader::findClassInModuleOrNull@16 (line 743)
                      ; - jdk.internal.loader.BuiltinClassLoader::loadClassOrNull@55 (line 665)
  0x000001848a255628: 2cdb ffe9 | c0fc ffff | 4889 0424 

  0x000001848a255634: ;   {runtime_call throw_class_cast_exception Runtime1 stub}
  0x000001848a255634: e8e7 ffda 

  0x000001848a255638: ; ImmutableOopMap {[176]=Oop [160]=Oop [240]=Oop }
                      ;*checkcast {reexecute=0 rethrow=0 return_oop=0}
                      ; - jdk.internal.loader.BuiltinClassLoader::findClassInModuleOrNull@26 (line 744)
                      ; - jdk.internal.loader.BuiltinClassLoader::loadClassOrNull@55 (line 665)
                      ;   {runtime_call throw_null_pointer_exception Runtime1 stub}
  0x000001848a255638: ffe8 e2d3 

  0x000001848a25563c: ; ImmutableOopMap {[176]=Oop rdi=Oop [152]=Oop [160]=Oop [240]=Oop }
                      ;*invokevirtual loadClassOrNull {reexecute=0 rethrow=0 return_oop=0}
                      ; - jdk.internal.loader.BuiltinClassLoader::loadClassOrNull@66 (line 669)
                      ;   {runtime_call throw_null_pointer_exception Runtime1 stub}
  0x000001848a25563c: daff e8dd 

  0x000001848a255640: ; ImmutableOopMap {[176]=Oop [152]=Oop [160]=Oop rsi=Oop [240]=Oop }
                      ;*invokevirtual loadClassOrNull {reexecute=0 rethrow=0 return_oop=0}
                      ; - jdk.internal.loader.BuiltinClassLoader::loadClassOrNull@86 (line 676)
  0x000001848a255640: d3da ff48 | 8d84 24e8 | 0000 0048 

  0x000001848a25564c: ;   {runtime_call monitorexit_nofpu Runtime1 stub}
  0x000001848a25564c: 8904 24e8 | ac12 dbff | e987 feff 

  0x000001848a255658: ;   {internal_word}
  0x000001848a255658: ff49 baeb | 5425 8a84 | 0100 004d | 8997 6803 

  0x000001848a255668: ;   {runtime_call SafepointBlob}
  0x000001848a255668: 0000 e911 | 39d1 ff48 

  0x000001848a255670: ;   {runtime_call fast_new_instance Runtime1 stub}
  0x000001848a255670: 8bd2 e889 

  0x000001848a255674: ; ImmutableOopMap {[176]=Oop [224]=Oop [240]=Oop }
                      ;*new {reexecute=0 rethrow=0 return_oop=0}
                      ; - java.lang.ClassLoader::resolveClass@4 (line 1228)
                      ; - jdk.internal.loader.BuiltinClassLoader::loadClassOrNull@128 (line 688)
  0x000001848a255674: deda ffe9 | e1fe ffff | 488d 8424 | e800 0000 | 4889 0424 

  0x000001848a255688: ;   {runtime_call monitorexit_nofpu Runtime1 stub}
  0x000001848a255688: e873 12db | ffe9 3bff | ffff 9090 | 498b 87e0 | 0300 0049 | c787 e003 | 0000 0000 | 0000 49c7 
  0x000001848a2556a8: 87e8 0300 | 0000 0000 | 0048 81c4 | 0001 0000 

  0x000001848a2556b8: ;   {runtime_call unwind_exception Runtime1 stub}
  0x000001848a2556b8: 5de9 42c4 | daff f4f4 
[Stub Code]
  0x000001848a2556c0: ;   {no_reloc}
  0x000001848a2556c0: 0f1f 4400 

  0x000001848a2556c4: ;   {static_stub}
  0x000001848a2556c4: 0048 bb00 | 0000 0000 

  0x000001848a2556cc: ;   {runtime_call}
  0x000001848a2556cc: 0000 00e9 | fbff ffff 

  0x000001848a2556d4: ;   {static_stub}
  0x000001848a2556d4: 9048 bb00 | 0000 0000 

  0x000001848a2556dc: ;   {runtime_call}
  0x000001848a2556dc: 0000 00e9 | fbff ffff 

  0x000001848a2556e4: ;   {static_stub}
  0x000001848a2556e4: 9048 bb00 | 0000 0000 

  0x000001848a2556ec: ;   {runtime_call}
  0x000001848a2556ec: 0000 00e9 | fbff ffff 

  0x000001848a2556f4: ;   {static_stub}
  0x000001848a2556f4: 9048 bb00 | 0000 0000 

  0x000001848a2556fc: ;   {runtime_call}
  0x000001848a2556fc: 0000 00e9 | fbff ffff 

  0x000001848a255704: ;   {static_stub}
  0x000001848a255704: 9048 bb00 | 0000 0000 

  0x000001848a25570c: ;   {runtime_call}
  0x000001848a25570c: 0000 00e9 | fbff ffff 

  0x000001848a255714: ;   {static_stub}
  0x000001848a255714: 9048 bb00 | 0000 0000 

  0x000001848a25571c: ;   {runtime_call}
  0x000001848a25571c: 0000 00e9 | fbff ffff 

  0x000001848a255724: ;   {static_stub}
  0x000001848a255724: 9048 bb00 | 0000 0000 

  0x000001848a25572c: ;   {runtime_call}
  0x000001848a25572c: 0000 00e9 | fbff ffff 

  0x000001848a255734: ;   {static_stub}
  0x000001848a255734: 9048 bb00 | 0000 0000 

  0x000001848a25573c: ;   {runtime_call}
  0x000001848a25573c: 0000 00e9 | fbff ffff 

  0x000001848a255744: ;   {static_stub}
  0x000001848a255744: 9048 bb00 | 0000 0000 

  0x000001848a25574c: ;   {runtime_call}
  0x000001848a25574c: 0000 00e9 | fbff ffff 

  0x000001848a255754: ;   {static_stub}
  0x000001848a255754: 9048 bb00 | 0000 0000 

  0x000001848a25575c: ;   {runtime_call}
  0x000001848a25575c: 0000 00e9 | fbff ffff 

  0x000001848a255764: ;   {static_stub}
  0x000001848a255764: 9048 bb00 | 0000 0000 

  0x000001848a25576c: ;   {runtime_call}
  0x000001848a25576c: 0000 00e9 | fbff ffff 

  0x000001848a255774: ;   {static_stub}
  0x000001848a255774: 9048 bb00 | 0000 0000 

  0x000001848a25577c: ;   {runtime_call}
  0x000001848a25577c: 0000 00e9 | fbff ffff 

  0x000001848a255784: ;   {static_stub}
  0x000001848a255784: 9048 bb00 | 0000 0000 

  0x000001848a25578c: ;   {runtime_call}
  0x000001848a25578c: 0000 00e9 | fbff ffff 

  0x000001848a255794: ;   {static_stub}
  0x000001848a255794: 9048 bbf8 | 6c43 9084 

  0x000001848a25579c: ;   {runtime_call I2C/C2I adapters}
  0x000001848a25579c: 0100 00e9 | b91d d1ff 

  0x000001848a2557a4: ;   {static_stub}
  0x000001848a2557a4: 9048 bb00 | 0000 0000 

  0x000001848a2557ac: ;   {runtime_call}
  0x000001848a2557ac: 0000 00e9 | fbff ffff 
[Exception Handler]
  0x000001848a2557b4: ;   {runtime_call handle_exception_from_callee Runtime1 stub}
  0x000001848a2557b4: e847 f8da 

  0x000001848a2557b8: ;   {external_word}
  0x000001848a2557b8: ff48 b950 | ba6f 99f8 | 7f00 0048 

  0x000001848a2557c4: ;   {runtime_call}
  0x000001848a2557c4: 83e4 f049 | ba00 3438 | 99f8 7f00 | 0041 ffd2 

  0x000001848a2557d4: ;   {section_word}
  0x000001848a2557d4: f449 bad5 | 5725 8a84 | 0100 0041 

  0x000001848a2557e0: ;   {runtime_call DeoptimizationBlob}
  0x000001848a2557e0: 52e9 3a4c | d1ff f4f4 
[/MachCode]


---------------  P R O C E S S  ---------------

Threads class SMR info:
_java_thread_list=0x00000184d5a2cc30, length=17, elements={
0x0000018482387fa0, 0x00000184824218e0, 0x00000184824223b0, 0x000001848fb772f0,
0x000001848fb77bc0, 0x000001848fb78490, 0x000001848fb7ad70, 0x000001848fb7b6f0,
0x000001848fb7d010, 0x000001848240afd0, 0x00000184d50d6f50, 0x00000184d58ed790,
0x00000184d58edc70, 0x00000184d59d8dd0, 0x00000184d5a133c0, 0x00000184d5a9ebe0,
0x00000184d5a9f3c0
}

Java Threads: ( => current thread )
=>0x0000018482387fa0 JavaThread "main" [_thread_in_vm, id=23680, stack(0x00000054aa400000,0x00000054aa500000)]
  0x00000184824218e0 JavaThread "Reference Handler" daemon [_thread_blocked, id=15184, stack(0x00000054aab00000,0x00000054aac00000)]
  0x00000184824223b0 JavaThread "Finalizer" daemon [_thread_blocked, id=9400, stack(0x00000054aac00000,0x00000054aad00000)]
  0x000001848fb772f0 JavaThread "Signal Dispatcher" daemon [_thread_blocked, id=7612, stack(0x00000054aad00000,0x00000054aae00000)]
  0x000001848fb77bc0 JavaThread "Attach Listener" daemon [_thread_blocked, id=25184, stack(0x00000054aae00000,0x00000054aaf00000)]
  0x000001848fb78490 JavaThread "Service Thread" daemon [_thread_blocked, id=25196, stack(0x00000054aaf00000,0x00000054ab000000)]
  0x000001848fb7ad70 JavaThread "Monitor Deflation Thread" daemon [_thread_blocked, id=15736, stack(0x00000054ab000000,0x00000054ab100000)]
  0x000001848fb7b6f0 JavaThread "C1 CompilerThread0" daemon [_thread_blocked, id=11188, stack(0x00000054ab100000,0x00000054ab200000)]
  0x000001848fb7d010 JavaThread "Sweeper thread" daemon [_thread_blocked, id=10076, stack(0x00000054ab200000,0x00000054ab300000)]
  0x000001848240afd0 JavaThread "Common-Cleaner" daemon [_thread_blocked, id=12504, stack(0x00000054ab300000,0x00000054ab400000)]
  0x00000184d50d6f50 JavaThread "C1 CompilerThread1" daemon [_thread_blocked, id=3020, stack(0x00000054ab400000,0x00000054ab500000)]
  0x00000184d58ed790 JavaThread "Monitor Ctrl-Break" daemon [_thread_in_native, id=23152, stack(0x00000054ab500000,0x00000054ab600000)]
  0x00000184d58edc70 JavaThread "Notification Thread" daemon [_thread_blocked, id=19144, stack(0x00000054ab600000,0x00000054ab700000)]
  0x00000184d59d8dd0 JavaThread "RMI TCP Accept-0" daemon [_thread_in_native, id=2244, stack(0x00000054abb00000,0x00000054abc00000)]
  0x00000184d5a133c0 JavaThread "RMI TCP Connection(1)-192.168.1.166" daemon [_thread_in_native, id=12096, stack(0x00000054abc00000,0x00000054abd00000)]
  0x00000184d5a9ebe0 JavaThread "RMI Scheduler(0)" daemon [_thread_blocked, id=9076, stack(0x00000054abe00000,0x00000054abf00000)]
  0x00000184d5a9f3c0 JavaThread "JMX server connection timeout 19" daemon [_thread_blocked, id=12980, stack(0x00000054abf00000,0x00000054ac000000)]

Other Threads:
  0x000001848241d430 VMThread "VM Thread" [stack: 0x00000054aaa00000,0x00000054aab00000] [id=3660]
  0x0000018482388e70 WatcherThread [stack: 0x00000054abd00000,0x00000054abe00000] [id=5708]
  0x00000184823ad0c0 GCTaskThread "GC Thread#0" [stack: 0x00000054aa500000,0x00000054aa600000] [id=23768]
  0x00000184d5945250 GCTaskThread "GC Thread#1" [stack: 0x00000054ab700000,0x00000054ab800000] [id=13528]
  0x00000184d59552a0 GCTaskThread "GC Thread#2" [stack: 0x00000054ab800000,0x00000054ab900000] [id=22004]
  0x00000184d5955570 GCTaskThread "GC Thread#3" [stack: 0x00000054ab900000,0x00000054aba00000] [id=15444]
  0x00000184823aff30 ConcurrentGCThread "G1 Main Marker" [stack: 0x00000054aa600000,0x00000054aa700000] [id=12988]
  0x00000184823b0860 ConcurrentGCThread "G1 Conc#0" [stack: 0x00000054aa700000,0x00000054aa800000] [id=12132]
  0x00000184823fba20 ConcurrentGCThread "G1 Refine#0" [stack: 0x00000054aa800000,0x00000054aa900000] [id=13184]
  0x00000184d5950ed0 ConcurrentGCThread "G1 Refine#1" [stack: 0x00000054aba00000,0x00000054abb00000] [id=15656]
  0x00000184823fc370 ConcurrentGCThread "G1 Service" [stack: 0x00000054aa900000,0x00000054aaa00000] [id=15280]

Threads with active compile tasks:

VM state: not at safepoint (normal execution)

VM Mutex/Monitor currently owned by a thread:  ([mutex/lock_event])
[0x0000018482381a70] Metaspace_lock - owner thread: 0x0000018482387fa0

Heap address: 0x00000000f0000000, size: 256 MB, Compressed Oops mode: 32-bit

CDS archive(s) mapped at: [0x0000018490000000-0x0000018490bb0000-0x0000018490bb0000), size 12255232, SharedBaseAddress: 0x0000018490000000, ArchiveRelocationMode: 1.
Compressed class space mapped at: 0x0000018491000000-0x00000184d1000000, reserved size: 1073741824
Narrow klass base: 0x0000018490000000, Narrow klass shift: 0, Narrow klass range: 0x100000000

GC Precious Log:
 CPUs: 4 total, 4 available
 Memory: 7991M
 Large Page Support: Disabled
 NUMA Support: Disabled
 Compressed Oops: Enabled (32-bit)
 Heap Region Size: 1M
 Heap Min Capacity: 64M
 Heap Initial Capacity: 64M
 Heap Max Capacity: 256M
 Pre-touch: Disabled
 Parallel Workers: 4
 Concurrent Workers: 1
 Concurrent Refinement Workers: 4
 Periodic GC: Disabled

Heap:
 garbage-first heap   total 65536K, used 15557K [0x00000000f0000000, 0x0000000100000000)
  region size 1024K, 7 young (7168K), 2 survivors (2048K)
 Metaspace       used 7303K, committed 7488K, reserved 1114112K
  class space    used 922K, committed 1024K, reserved 1048576K

Heap Regions: E=young(eden), S=young(survivor), O=old, HS=humongous(starts), HC=humongous(continues), CS=collection set, F=free, OA=open archive, CA=closed archive, TAMS=top-at-mark-start (previous, next)
|   0|0x00000000f0000000, 0x00000000f0100000, 0x00000000f0100000|100%|HS|  |TAMS 0x00000000f0000000, 0x00000000f0000000| Complete 
|   1|0x00000000f0100000, 0x00000000f0200000, 0x00000000f0200000|100%|HS|  |TAMS 0x00000000f0100000, 0x00000000f0100000| Complete 
|   2|0x00000000f0200000, 0x00000000f0300000, 0x00000000f0300000|100%|HS|  |TAMS 0x00000000f0200000, 0x00000000f0200000| Complete 
|   3|0x00000000f0300000, 0x00000000f0400000, 0x00000000f0400000|100%| O|  |TAMS 0x00000000f0300000, 0x00000000f0300000| Untracked 
|   4|0x00000000f0400000, 0x00000000f0500000, 0x00000000f0500000|100%| O|  |TAMS 0x00000000f0400000, 0x00000000f0400000| Untracked 
|   5|0x00000000f0500000, 0x00000000f0600000, 0x00000000f0600000|100%| O|  |TAMS 0x00000000f0500000, 0x00000000f0500000| Untracked 
|   6|0x00000000f0600000, 0x00000000f0700000, 0x00000000f0700000|100%| O|  |TAMS 0x00000000f0600000, 0x00000000f0600000| Untracked 
|   7|0x00000000f0700000, 0x00000000f0800000, 0x00000000f0800000|100%| O|  |TAMS 0x00000000f0700000, 0x00000000f0700000| Untracked 
|   8|0x00000000f0800000, 0x00000000f0900000, 0x00000000f0900000|100%| O|  |TAMS 0x00000000f0800000, 0x00000000f0800000| Untracked 
|   9|0x00000000f0900000, 0x00000000f0a00000, 0x00000000f0a00000|100%| O|  |TAMS 0x00000000f0900000, 0x00000000f0900000| Untracked 
|  10|0x00000000f0a00000, 0x00000000f0a3d200, 0x00000000f0b00000| 23%| O|  |TAMS 0x00000000f0a00000, 0x00000000f0a00000| Untracked 
|  11|0x00000000f0b00000, 0x00000000f0b00000, 0x00000000f0c00000|  0%| F|  |TAMS 0x00000000f0b00000, 0x00000000f0b00000| Untracked 
|  12|0x00000000f0c00000, 0x00000000f0c00000, 0x00000000f0d00000|  0%| F|  |TAMS 0x00000000f0c00000, 0x00000000f0c00000| Untracked 
|  13|0x00000000f0d00000, 0x00000000f0d00000, 0x00000000f0e00000|  0%| F|  |TAMS 0x00000000f0d00000, 0x00000000f0d00000| Untracked 
|  14|0x00000000f0e00000, 0x00000000f0e00000, 0x00000000f0f00000|  0%| F|  |TAMS 0x00000000f0e00000, 0x00000000f0e00000| Untracked 
|  15|0x00000000f0f00000, 0x00000000f0f00000, 0x00000000f1000000|  0%| F|  |TAMS 0x00000000f0f00000, 0x00000000f0f00000| Untracked 
|  16|0x00000000f1000000, 0x00000000f1000000, 0x00000000f1100000|  0%| F|  |TAMS 0x00000000f1000000, 0x00000000f1000000| Untracked 
|  17|0x00000000f1100000, 0x00000000f1100000, 0x00000000f1200000|  0%| F|  |TAMS 0x00000000f1100000, 0x00000000f1100000| Untracked 
|  18|0x00000000f1200000, 0x00000000f1200000, 0x00000000f1300000|  0%| F|  |TAMS 0x00000000f1200000, 0x00000000f1200000| Untracked 
|  19|0x00000000f1300000, 0x00000000f1300000, 0x00000000f1400000|  0%| F|  |TAMS 0x00000000f1300000, 0x00000000f1300000| Untracked 
|  20|0x00000000f1400000, 0x00000000f1400000, 0x00000000f1500000|  0%| F|  |TAMS 0x00000000f1400000, 0x00000000f1400000| Untracked 
|  21|0x00000000f1500000, 0x00000000f1500000, 0x00000000f1600000|  0%| F|  |TAMS 0x00000000f1500000, 0x00000000f1500000| Untracked 
|  22|0x00000000f1600000, 0x00000000f1600000, 0x00000000f1700000|  0%| F|  |TAMS 0x00000000f1600000, 0x00000000f1600000| Untracked 
|  23|0x00000000f1700000, 0x00000000f1700000, 0x00000000f1800000|  0%| F|  |TAMS 0x00000000f1700000, 0x00000000f1700000| Untracked 
|  24|0x00000000f1800000, 0x00000000f1800000, 0x00000000f1900000|  0%| F|  |TAMS 0x00000000f1800000, 0x00000000f1800000| Untracked 
|  25|0x00000000f1900000, 0x00000000f1900000, 0x00000000f1a00000|  0%| F|  |TAMS 0x00000000f1900000, 0x00000000f1900000| Untracked 
|  26|0x00000000f1a00000, 0x00000000f1a00000, 0x00000000f1b00000|  0%| F|  |TAMS 0x00000000f1a00000, 0x00000000f1a00000| Untracked 
|  27|0x00000000f1b00000, 0x00000000f1b00000, 0x00000000f1c00000|  0%| F|  |TAMS 0x00000000f1b00000, 0x00000000f1b00000| Untracked 
|  28|0x00000000f1c00000, 0x00000000f1c00000, 0x00000000f1d00000|  0%| F|  |TAMS 0x00000000f1c00000, 0x00000000f1c00000| Untracked 
|  29|0x00000000f1d00000, 0x00000000f1d00000, 0x00000000f1e00000|  0%| F|  |TAMS 0x00000000f1d00000, 0x00000000f1d00000| Untracked 
|  30|0x00000000f1e00000, 0x00000000f1e00000, 0x00000000f1f00000|  0%| F|  |TAMS 0x00000000f1e00000, 0x00000000f1e00000| Untracked 
|  31|0x00000000f1f00000, 0x00000000f1f00000, 0x00000000f2000000|  0%| F|  |TAMS 0x00000000f1f00000, 0x00000000f1f00000| Untracked 
|  32|0x00000000f2000000, 0x00000000f2000000, 0x00000000f2100000|  0%| F|  |TAMS 0x00000000f2000000, 0x00000000f2000000| Untracked 
|  33|0x00000000f2100000, 0x00000000f2100000, 0x00000000f2200000|  0%| F|  |TAMS 0x00000000f2100000, 0x00000000f2100000| Untracked 
|  34|0x00000000f2200000, 0x00000000f2200000, 0x00000000f2300000|  0%| F|  |TAMS 0x00000000f2200000, 0x00000000f2200000| Untracked 
|  35|0x00000000f2300000, 0x00000000f2300000, 0x00000000f2400000|  0%| F|  |TAMS 0x00000000f2300000, 0x00000000f2300000| Untracked 
|  36|0x00000000f2400000, 0x00000000f2400000, 0x00000000f2500000|  0%| F|  |TAMS 0x00000000f2400000, 0x00000000f2400000| Untracked 
|  37|0x00000000f2500000, 0x00000000f2500000, 0x00000000f2600000|  0%| F|  |TAMS 0x00000000f2500000, 0x00000000f2500000| Untracked 
|  38|0x00000000f2600000, 0x00000000f2600000, 0x00000000f2700000|  0%| F|  |TAMS 0x00000000f2600000, 0x00000000f2600000| Untracked 
|  39|0x00000000f2700000, 0x00000000f2700000, 0x00000000f2800000|  0%| F|  |TAMS 0x00000000f2700000, 0x00000000f2700000| Untracked 
|  40|0x00000000f2800000, 0x00000000f2800000, 0x00000000f2900000|  0%| F|  |TAMS 0x00000000f2800000, 0x00000000f2800000| Untracked 
|  41|0x00000000f2900000, 0x00000000f2900000, 0x00000000f2a00000|  0%| F|  |TAMS 0x00000000f2900000, 0x00000000f2900000| Untracked 
|  42|0x00000000f2a00000, 0x00000000f2a00000, 0x00000000f2b00000|  0%| F|  |TAMS 0x00000000f2a00000, 0x00000000f2a00000| Untracked 
|  43|0x00000000f2b00000, 0x00000000f2b00000, 0x00000000f2c00000|  0%| F|  |TAMS 0x00000000f2b00000, 0x00000000f2b00000| Untracked 
|  44|0x00000000f2c00000, 0x00000000f2c00000, 0x00000000f2d00000|  0%| F|  |TAMS 0x00000000f2c00000, 0x00000000f2c00000| Untracked 
|  45|0x00000000f2d00000, 0x00000000f2d00000, 0x00000000f2e00000|  0%| F|  |TAMS 0x00000000f2d00000, 0x00000000f2d00000| Untracked 
|  46|0x00000000f2e00000, 0x00000000f2e00000, 0x00000000f2f00000|  0%| F|  |TAMS 0x00000000f2e00000, 0x00000000f2e00000| Untracked 
|  47|0x00000000f2f00000, 0x00000000f2f00000, 0x00000000f3000000|  0%| F|  |TAMS 0x00000000f2f00000, 0x00000000f2f00000| Untracked 
|  48|0x00000000f3000000, 0x00000000f3000000, 0x00000000f3100000|  0%| F|  |TAMS 0x00000000f3000000, 0x00000000f3000000| Untracked 
|  49|0x00000000f3100000, 0x00000000f3100000, 0x00000000f3200000|  0%| F|  |TAMS 0x00000000f3100000, 0x00000000f3100000| Untracked 
|  50|0x00000000f3200000, 0x00000000f3200000, 0x00000000f3300000|  0%| F|  |TAMS 0x00000000f3200000, 0x00000000f3200000| Untracked 
|  51|0x00000000f3300000, 0x00000000f3300000, 0x00000000f3400000|  0%| F|  |TAMS 0x00000000f3300000, 0x00000000f3300000| Untracked 
|  52|0x00000000f3400000, 0x00000000f3400000, 0x00000000f3500000|  0%| F|  |TAMS 0x00000000f3400000, 0x00000000f3400000| Untracked 
|  53|0x00000000f3500000, 0x00000000f3500000, 0x00000000f3600000|  0%| F|  |TAMS 0x00000000f3500000, 0x00000000f3500000| Untracked 
|  54|0x00000000f3600000, 0x00000000f36f4470, 0x00000000f3700000| 95%| S|CS|TAMS 0x00000000f3600000, 0x00000000f3600000| Complete 
|  55|0x00000000f3700000, 0x00000000f3800000, 0x00000000f3800000|100%| S|CS|TAMS 0x00000000f3700000, 0x00000000f3700000| Complete 
|  56|0x00000000f3800000, 0x00000000f3800000, 0x00000000f3900000|  0%| F|  |TAMS 0x00000000f3800000, 0x00000000f3800000| Untracked 
|  57|0x00000000f3900000, 0x00000000f3900000, 0x00000000f3a00000|  0%| F|  |TAMS 0x00000000f3900000, 0x00000000f3900000| Untracked 
|  58|0x00000000f3a00000, 0x00000000f3a00000, 0x00000000f3b00000|  0%| F|  |TAMS 0x00000000f3a00000, 0x00000000f3a00000| Untracked 
|  59|0x00000000f3b00000, 0x00000000f3b8ecb8, 0x00000000f3c00000| 55%| E|  |TAMS 0x00000000f3b00000, 0x00000000f3b00000| Complete 
|  60|0x00000000f3c00000, 0x00000000f3d00000, 0x00000000f3d00000|100%| E|CS|TAMS 0x00000000f3c00000, 0x00000000f3c00000| Complete 
|  61|0x00000000f3d00000, 0x00000000f3e00000, 0x00000000f3e00000|100%| E|CS|TAMS 0x00000000f3d00000, 0x00000000f3d00000| Complete 
|  62|0x00000000f3e00000, 0x00000000f3f00000, 0x00000000f3f00000|100%| E|  |TAMS 0x00000000f3e00000, 0x00000000f3e00000| Complete 
|  63|0x00000000f3f00000, 0x00000000f4000000, 0x00000000f4000000|100%| E|CS|TAMS 0x00000000f3f00000, 0x00000000f3f00000| Complete 

Card table byte_map: [0x0000018482070000,0x00000184820f0000] _byte_map_base: 0x00000184818f0000

Marking Bits (Prev, Next): (CMBitMap*) 0x00000184823ad600, (CMBitMap*) 0x00000184823ad640
 Prev Bits: [0x000001848cf10000, 0x000001848d310000)
 Next Bits: [0x000001848d310000, 0x000001848d710000)

Polling page: 0x0000018481b30000

Metaspace:

Usage:
  Non-class:      6.23 MB used.
      Class:    922.94 KB used.
       Both:      7.13 MB used.

Virtual space:
  Non-class space:       64.00 MB reserved,       6.31 MB ( 10%) committed,  1 nodes.
      Class space:        1.00 GB reserved,       1.00 MB ( <1%) committed,  1 nodes.
             Both:        1.06 GB reserved,       7.31 MB ( <1%) committed. 

Chunk freelists:
   Non-Class:  9.33 MB
       Class:  14.98 MB
        Both:  24.31 MB

MaxMetaspaceSize: unlimited
CompressedClassSpaceSize: 1.00 GB
Initial GC threshold: 21.00 MB
Current GC threshold: 21.00 MB
CDS: on
MetaspaceReclaimPolicy: balanced
 - commit_granule_bytes: 65536.
 - commit_granule_words: 8192.
 - virtual_space_node_default_size: 8388608.
 - enlarge_chunks_in_place: 1.
 - new_chunks_are_fully_committed: 0.
 - uncommit_free_chunks: 1.
 - use_allocation_guard: 0.
 - handle_deallocations: 1.


Internal statistics:

num_allocs_failed_limit: 0.
num_arena_births: 188.
num_arena_deaths: 0.
num_vsnodes_births: 2.
num_vsnodes_deaths: 0.
num_space_committed: 117.
num_space_uncommitted: 0.
num_chunks_returned_to_freelist: 0.
num_chunks_taken_from_freelist: 317.
num_chunk_merges: 0.
num_chunk_splits: 197.
num_chunks_enlarged: 111.
num_inconsistent_stats: 0.

CodeCache: size=49152Kb used=3653Kb max_used=3653Kb free=45498Kb
 bounds [0x0000018489f10000, 0x000001848a2b0000, 0x000001848cf10000]
 total_blobs=1791 nmethods=1335 adapters=383
 compilation: enabled
              stopped_count=0, restarted_count=0
 full_count=0

Compilation events (20 events):
Event: 1.599 Thread 0x00000184d50d6f50 1322       1       jdk.internal.loader.URLClassPath$JarLoader$2::getCodeSigners (8 bytes)
Event: 1.599 Thread 0x000001848fb7b6f0 1323   !   1       java.util.jar.JarFile$JarFileEntry::getCodeSigners (81 bytes)
Event: 1.599 Thread 0x00000184d50d6f50 nmethod 1322 0x000001848a29be10 code [0x000001848a29bfc0, 0x000001848a29c0a8]
Event: 1.599 Thread 0x000001848fb7b6f0 nmethod 1323 0x000001848a29c110 code [0x000001848a29c300, 0x000001848a29c648]
Event: 1.603 Thread 0x000001848fb7b6f0 1324       1       java.lang.ref.ReferenceQueue::<init> (21 bytes)
Event: 1.603 Thread 0x00000184d50d6f50 1325       1       java.lang.ref.ReferenceQueue$Lock::<init> (5 bytes)
Event: 1.603 Thread 0x00000184d50d6f50 nmethod 1325 0x000001848a29cb10 code [0x000001848a29cca0, 0x000001848a29cd58]
Event: 1.603 Thread 0x000001848fb7b6f0 nmethod 1324 0x000001848a29ce10 code [0x000001848a29cfa0, 0x000001848a29d118]
Event: 1.603 Thread 0x00000184d50d6f50 1326       1       java.security.SecureClassLoader$CodeSourceKey::equals (60 bytes)
Event: 1.603 Thread 0x000001848fb7b6f0 1327       1       java.security.CodeSource::matchCerts (254 bytes)
Event: 1.604 Thread 0x00000184d50d6f50 nmethod 1326 0x000001848a29d190 code [0x000001848a29d360, 0x000001848a29d5f8]
Event: 1.604 Thread 0x000001848fb7b6f0 nmethod 1327 0x000001848a29d790 code [0x000001848a29d9a0, 0x000001848a29deb8]
Event: 1.608 Thread 0x000001848fb7b6f0 1329       1       sun.invoke.util.Wrapper::isDoubleWord (15 bytes)
Event: 1.608 Thread 0x000001848fb7b6f0 nmethod 1329 0x000001848a29e510 code [0x000001848a29e6a0, 0x000001848a29e778]
Event: 1.611 Thread 0x00000184d50d6f50 1333       1       java.lang.invoke.DirectMethodHandle::make (275 bytes)
Event: 1.612 Thread 0x000001848fb7b6f0 1334       1       java.lang.invoke.MemberName::isField (8 bytes)
Event: 1.612 Thread 0x000001848fb7b6f0 nmethod 1334 0x000001848a29f110 code [0x000001848a29f2a0, 0x000001848a29f398]
Event: 1.612 Thread 0x000001848fb7b6f0 1335       1       java.lang.invoke.DirectMethodHandle::preparedLambdaForm (244 bytes)
Event: 1.612 Thread 0x00000184d50d6f50 nmethod 1333 0x000001848a29f410 code [0x000001848a29f700, 0x000001848a2a0288]
Event: 1.613 Thread 0x000001848fb7b6f0 nmethod 1335 0x000001848a2a0890 code [0x000001848a2a0ae0, 0x000001848a2a1038]

GC Heap History (4 events):
Event: 1.056 GC heap before
{Heap before GC invocations=0 (full 0):
 garbage-first heap   total 65536K, used 16384K [0x00000000f0000000, 0x0000000100000000)
  region size 1024K, 13 young (13312K), 0 survivors (0K)
 Metaspace       used 2050K, committed 2240K, reserved 1114112K
  class space    used 238K, committed 320K, reserved 1048576K
}
Event: 1.074 GC heap after
{Heap after GC invocations=1 (full 0):
 garbage-first heap   total 65536K, used 10320K [0x00000000f0000000, 0x0000000100000000)
  region size 1024K, 2 young (2048K), 2 survivors (2048K)
 Metaspace       used 2050K, committed 2240K, reserved 1114112K
  class space    used 238K, committed 320K, reserved 1048576K
}
Event: 1.388 GC heap before
{Heap before GC invocations=1 (full 0):
 garbage-first heap   total 65536K, used 17488K [0x00000000f0000000, 0x0000000100000000)
  region size 1024K, 10 young (10240K), 2 survivors (2048K)
 Metaspace       used 6110K, committed 6336K, reserved 1114112K
  class space    used 753K, committed 896K, reserved 1048576K
}
Event: 1.393 GC heap after
{Heap after GC invocations=2 (full 0):
 garbage-first heap   total 65536K, used 12485K [0x00000000f0000000, 0x0000000100000000)
  region size 1024K, 2 young (2048K), 2 survivors (2048K)
 Metaspace       used 6110K, committed 6336K, reserved 1114112K
  class space    used 753K, committed 896K, reserved 1048576K
}

Dll operation events (11 events):
Event: 0.013 Loaded shared library C:\Users\GNEX_DIGITAL\.jdks\ms-17.0.19\bin\java.dll
Event: 0.031 Loaded shared library C:\Users\GNEX_DIGITAL\.jdks\ms-17.0.19\bin\jsvml.dll
Event: 0.243 Loaded shared library C:\Users\GNEX_DIGITAL\.jdks\ms-17.0.19\bin\zip.dll
Event: 0.246 Loaded shared library C:\Users\GNEX_DIGITAL\.jdks\ms-17.0.19\bin\instrument.dll
Event: 0.254 Loaded shared library C:\Users\GNEX_DIGITAL\.jdks\ms-17.0.19\bin\net.dll
Event: 0.256 Loaded shared library C:\Users\GNEX_DIGITAL\.jdks\ms-17.0.19\bin\nio.dll
Event: 0.259 Loaded shared library C:\Users\GNEX_DIGITAL\.jdks\ms-17.0.19\bin\zip.dll
Event: 0.411 Loaded shared library C:\Users\GNEX_DIGITAL\.jdks\ms-17.0.19\bin\jimage.dll
Event: 0.803 Loaded shared library C:\Users\GNEX_DIGITAL\.jdks\ms-17.0.19\bin\management.dll
Event: 0.823 Loaded shared library C:\Users\GNEX_DIGITAL\.jdks\ms-17.0.19\bin\management_ext.dll
Event: 1.143 Loaded shared library C:\Users\GNEX_DIGITAL\.jdks\ms-17.0.19\bin\extnet.dll

Deoptimization events (0 events):
No events

Classes loaded (20 events):
Event: 1.453 Loading class java/lang/InheritableThreadLocal done
Event: 1.505 Loading class java/net/MalformedURLException
Event: 1.505 Loading class java/net/MalformedURLException done
Event: 1.531 Loading class java/util/concurrent/atomic/AtomicReference
Event: 1.532 Loading class java/util/concurrent/atomic/AtomicReference done
Event: 1.548 Loading class java/util/concurrent/TimeoutException
Event: 1.548 Loading class java/util/concurrent/TimeoutException done
Event: 1.617 Loading class java/io/FileNotFoundException
Event: 1.617 Loading class java/io/FileNotFoundException done
Event: 1.617 Loading class java/net/URISyntaxException
Event: 1.617 Loading class java/net/URISyntaxException done
Event: 1.618 Loading class java/nio/file/NoSuchFileException
Event: 1.619 Loading class java/nio/file/FileSystemException
Event: 1.619 Loading class java/nio/file/FileSystemException done
Event: 1.619 Loading class java/nio/file/NoSuchFileException done
Event: 1.620 Loading class java/io/UncheckedIOException
Event: 1.620 Loading class java/io/UncheckedIOException done
Event: 1.623 Loading class java/net/HttpURLConnection
Event: 1.624 Loading class java/net/HttpURLConnection done
Event: 1.625 Loading class java/net/URLDecoder

Classes unloaded (0 events):
No events

Classes redefined (0 events):
No events

Internal exceptions (20 events):
Event: 0.828 Thread 0x000001848fb77bc0 Exception <a 'java/lang/IncompatibleClassChangeError'{0x00000000f34d22b8}: Found class java.lang.Object, but interface was expected> (0x00000000f34d22b8) 
thrown [s\src\hotspot\share\interpreter\linkResolver.cpp, line 826]
Event: 0.829 Thread 0x000001848fb77bc0 Exception <a 'java/lang/NoSuchMethodError'{0x00000000f34d7ed8}: 'void java.lang.invoke.DirectMethodHandle$Holder.invokeStatic(java.lang.Object, java.lang.Object)'> (0x00000000f34d7ed8) 
thrown [s\src\hotspot\share\interpreter\linkResolver.cpp, line 759]
Event: 1.041 Thread 0x000001848fb77bc0 Exception <a 'java/lang/NoSuchMethodError'{0x00000000f33bd4b0}: 'int java.lang.invoke.DirectMethodHandle$Holder.invokeSpecial(java.lang.Object, java.lang.Object, java.lang.Object)'> (0x00000000f33bd4b0) 
thrown [s\src\hotspot\share\interpreter\linkResolver.cpp, line 759]
Event: 1.107 Thread 0x000001848fb77bc0 Exception <a 'java/lang/NoSuchMethodError'{0x00000000f3fe6a48}: 'void java.lang.invoke.DirectMethodHandle$Holder.invokeStatic(java.lang.Object, java.lang.Object, java.lang.Object)'> (0x00000000f3fe6a48) 
thrown [s\src\hotspot\share\interpreter\linkResolver.cpp, line 759]
Event: 1.151 Thread 0x000001848fb77bc0 Exception <a 'java/lang/NoSuchMethodError'{0x00000000f3eaefa8}: 'java.lang.Object java.lang.invoke.DirectMethodHandle$Holder.invokeStaticInit(java.lang.Object, int, int, int, int)'> (0x00000000f3eaefa8) 
thrown [s\src\hotspot\share\interpreter\linkResolver.cpp, line 759]
Event: 1.188 Thread 0x000001848fb77bc0 Exception <a 'java/lang/NoSuchMethodError'{0x00000000f3d93480}: 'java.lang.Object java.lang.invoke.DirectMethodHandle$Holder.invokeStaticInit(java.lang.Object, java.lang.Object, int, int, int, int)'> (0x00000000f3d93480) 
thrown [s\src\hotspot\share\interpreter\linkResolver.cpp, line 759]
Event: 1.200 Thread 0x000001848fb77bc0 Exception <a 'java/lang/ClassNotFoundException'{0x00000000f3db1d40}: javax/management/remote/rmi/RMIServerImpl_Skel> (0x00000000f3db1d40) 
thrown [s\src\hotspot\share\classfile\systemDictionary.cpp, line 256]
Event: 1.270 Thread 0x0000018482387fa0 Exception <a 'java/lang/NoSuchMethodError'{0x00000000f3a0aa20}: 'java.lang.Object java.lang.invoke.DirectMethodHandle$Holder.invokeStaticInit(java.lang.Object, java.lang.Object, java.lang.Object)'> (0x00000000f3a0aa20) 
thrown [s\src\hotspot\share\interpreter\linkResolver.cpp, line 759]
Event: 1.333 Thread 0x0000018482387fa0 Exception <a 'java/lang/NoSuchMethodError'{0x00000000f398ae38}: 'void java.lang.invoke.DirectMethodHandle$Holder.invokeStatic(java.lang.Object, java.lang.Object, java.lang.Object, java.lang.Object)'> (0x00000000f398ae38) 
thrown [s\src\hotspot\share\interpreter\linkResolver.cpp, line 759]
Event: 1.337 Thread 0x00000184d5a133c0 Exception <a 'java/lang/NoSuchMethodError'{0x00000000f39b25a8}: static [B.<clinit>()V> (0x00000000f39b25a8) 
thrown [s\src\hotspot\share\prims\jni.cpp, line 1112]
Event: 1.349 Thread 0x0000018482387fa0 Exception <a 'java/lang/NoSuchMethodError'{0x00000000f39f7ed0}: 'int java.lang.invoke.DirectMethodHandle$Holder.invokeStatic(java.lang.Object, java.lang.Object, int)'> (0x00000000f39f7ed0) 
thrown [s\src\hotspot\share\interpreter\linkResolver.cpp, line 759]
Event: 1.356 Thread 0x00000184d5a133c0 Exception <a 'java/lang/ClassNotFoundException'{0x00000000f39f3f70}: javax/management/remote/rmi/RMIConnectionImpl_Skel> (0x00000000f39f3f70) 
thrown [s\src\hotspot\share\classfile\systemDictionary.cpp, line 256]
Event: 1.365 Thread 0x00000184d5a9f3c0 Exception <a 'java/lang/NoSuchMethodError'{0x00000000f3877e90}: 'java.lang.Object java.lang.invoke.Invokers$Holder.linkToTargetMethod(java.lang.Object, long, java.lang.Object)'> (0x00000000f3877e90) 
thrown [s\src\hotspot\share\interpreter\linkResolver.cpp, line 759]
Event: 1.380 Thread 0x0000018482387fa0 Exception <a 'java/lang/NoSuchMethodError'{0x00000000f38a84b0}: 'int java.lang.invoke.DirectMethodHandle$Holder.invokeStatic(java.lang.Object)'> (0x00000000f38a84b0) 
thrown [s\src\hotspot\share\interpreter\linkResolver.cpp, line 759]
Event: 1.380 Thread 0x0000018482387fa0 Exception <a 'java/lang/NoSuchMethodError'{0x00000000f38ab960}: 'int java.lang.invoke.DirectMethodHandle$Holder.invokeStaticInit(java.lang.Object)'> (0x00000000f38ab960) 
thrown [s\src\hotspot\share\interpreter\linkResolver.cpp, line 759]
Event: 1.396 Thread 0x0000018482387fa0 Exception <a 'java/lang/NoSuchMethodError'{0x00000000f3f102b8}: 'java.lang.Object java.lang.invoke.DirectMethodHandle$Holder.invokeStatic(java.lang.Object, int, java.lang.Object)'> (0x00000000f3f102b8) 
thrown [s\src\hotspot\share\interpreter\linkResolver.cpp, line 759]
Event: 1.402 Thread 0x0000018482387fa0 Exception <a 'java/lang/NoSuchMethodError'{0x00000000f3f17b78}: 'java.lang.Object java.lang.invoke.DirectMethodHandle$Holder.invokeInterface(java.lang.Object, java.lang.Object)'> (0x00000000f3f17b78) 
thrown [s\src\hotspot\share\interpreter\linkResolver.cpp, line 759]
Event: 1.426 Thread 0x0000018482387fa0 Exception <a 'java/lang/NoSuchMethodError'{0x00000000f3f91350}: 'void java.lang.invoke.DirectMethodHandle$Holder.invokeStaticInit(java.lang.Object, java.lang.Object, java.lang.Object, java.lang.Object)'> (0x00000000f3f91350) 
thrown [s\src\hotspot\share\interpreter\linkResolver.cpp, line 759]
Event: 1.502 Thread 0x0000018482387fa0 Exception <a 'java/lang/NoSuchMethodError'{0x00000000f3d38d18}: 'java.lang.Object java.lang.invoke.DirectMethodHandle$Holder.invokeSpecial(java.lang.Object, java.lang.Object, java.lang.Object, long, java.lang.Object)'> (0x00000000f3d38d18) 
thrown [s\src\hotspot\share\interpreter\linkResolver.cpp, line 759]
Event: 1.503 Thread 0x0000018482387fa0 Exception <a 'java/lang/NoSuchMethodError'{0x00000000f3d3c8e8}: 'java.lang.Object java.lang.invoke.Invokers$Holder.linkToTargetMethod(java.lang.Object, long, java.lang.Object, java.lang.Object)'> (0x00000000f3d3c8e8) 
thrown [s\src\hotspot\share\interpreter\linkResolver.cpp, line 759]

VM Operations (20 events):
Event: 0.835 Executing VM operation: HandshakeAllThreads
Event: 0.999 Executing VM operation: HandshakeAllThreads done
Event: 1.000 Executing VM operation: HandshakeAllThreads
Event: 1.000 Executing VM operation: HandshakeAllThreads done
Event: 1.051 Executing VM operation: G1CollectForAllocation
Event: 1.074 Executing VM operation: G1CollectForAllocation done
Event: 1.139 Executing VM operation: HandshakeAllThreads
Event: 1.141 Executing VM operation: HandshakeAllThreads done
Event: 1.224 Executing VM operation: HandshakeAllThreads
Event: 1.233 Executing VM operation: HandshakeAllThreads done
Event: 1.329 Executing VM operation: HandshakeAllThreads
Event: 1.329 Executing VM operation: HandshakeAllThreads done
Event: 1.346 Executing VM operation: HandshakeAllThreads
Event: 1.355 Executing VM operation: HandshakeAllThreads done
Event: 1.388 Executing VM operation: G1CollectForAllocation
Event: 1.393 Executing VM operation: G1CollectForAllocation done
Event: 1.407 Executing VM operation: HandshakeAllThreads
Event: 1.407 Executing VM operation: HandshakeAllThreads done
Event: 1.455 Executing VM operation: HandshakeAllThreads
Event: 1.456 Executing VM operation: HandshakeAllThreads done

Memory protections (0 events):
No events

Nmethod flushes (0 events):
No events

Events (17 events):
Event: 0.031 Thread 0x0000018482387fa0 Thread added: 0x0000018482387fa0
Event: 0.063 Thread 0x0000018482387fa0 Thread added: 0x00000184824218e0
Event: 0.063 Thread 0x0000018482387fa0 Thread added: 0x00000184824223b0
Event: 0.071 Thread 0x0000018482387fa0 Thread added: 0x000001848fb772f0
Event: 0.071 Thread 0x0000018482387fa0 Thread added: 0x000001848fb77bc0
Event: 0.071 Thread 0x0000018482387fa0 Thread added: 0x000001848fb78490
Event: 0.072 Thread 0x0000018482387fa0 Thread added: 0x000001848fb7ad70
Event: 0.072 Thread 0x0000018482387fa0 Thread added: 0x000001848fb7b6f0
Event: 0.073 Thread 0x0000018482387fa0 Thread added: 0x000001848fb7d010
Event: 0.198 Thread 0x0000018482387fa0 Thread added: 0x000001848240afd0
Event: 0.212 Thread 0x000001848fb7b6f0 Thread added: 0x00000184d50d6f50
Event: 0.803 Thread 0x0000018482387fa0 Thread added: 0x00000184d58ed790
Event: 0.803 Thread 0x0000018482387fa0 Thread added: 0x00000184d58edc70
Event: 1.209 Thread 0x000001848fb77bc0 Thread added: 0x00000184d59d8dd0
Event: 1.291 Thread 0x00000184d59d8dd0 Thread added: 0x00000184d5a133c0
Event: 1.336 Thread 0x00000184d5a133c0 Thread added: 0x00000184d5a9ebe0
Event: 1.344 Thread 0x00000184d5a133c0 Thread added: 0x00000184d5a9f3c0


Dynamic libraries:
0x00007ff74a4d0000 - 0x00007ff74a4de000 	C:\Users\GNEX_DIGITAL\.jdks\ms-17.0.19\bin\java.exe
0x00007ff8ed8b0000 - 0x00007ff8edaa8000 	C:\Windows\SYSTEM32\ntdll.dll
0x00007ff8eba90000 - 0x00007ff8ebb4f000 	C:\Windows\System32\KERNEL32.DLL
0x00007ff8eb0a0000 - 0x00007ff8eb372000 	C:\Windows\System32\KERNELBASE.dll
0x00007ff8eb6a0000 - 0x00007ff8eb7a0000 	C:\Windows\System32\ucrtbase.dll
0x00007ff8e68f0000 - 0x00007ff8e6908000 	C:\Users\GNEX_DIGITAL\.jdks\ms-17.0.19\bin\jli.dll
0x00007ff8ebd10000 - 0x00007ff8ebeb1000 	C:\Windows\System32\USER32.dll
0x00007ff8eafb0000 - 0x00007ff8eafd2000 	C:\Windows\System32\win32u.dll
0x00007ff8eb9a0000 - 0x00007ff8eb9cb000 	C:\Windows\System32\GDI32.dll
0x00007ff8eb590000 - 0x00007ff8eb69f000 	C:\Windows\System32\gdi32full.dll
0x00007ff8eb460000 - 0x00007ff8eb4fd000 	C:\Windows\System32\msvcp_win.dll
0x00007ff8e3830000 - 0x00007ff8e384e000 	C:\Users\GNEX_DIGITAL\.jdks\ms-17.0.19\bin\VCRUNTIME140.dll
0x00007ff8d6660000 - 0x00007ff8d68fa000 	C:\Windows\WinSxS\amd64_microsoft.windows.common-controls_6595b64144ccf1df_6.0.19041.1110_none_60b5254171f9507e\COMCTL32.dll
0x00007ff8ed710000 - 0x00007ff8ed7ae000 	C:\Windows\System32\msvcrt.dll
0x00007ff8ebce0000 - 0x00007ff8ebd10000 	C:\Windows\System32\IMM32.DLL
0x00007ff8e7ee0000 - 0x00007ff8e7eec000 	C:\Users\GNEX_DIGITAL\.jdks\ms-17.0.19\bin\vcruntime140_1.dll
0x00007ff8cecd0000 - 0x00007ff8ced59000 	C:\Users\GNEX_DIGITAL\.jdks\ms-17.0.19\bin\msvcp140.dll
0x00007ff898dc0000 - 0x00007ff899a3b000 	C:\Users\GNEX_DIGITAL\.jdks\ms-17.0.19\bin\server\jvm.dll
0x00007ff8ed530000 - 0x00007ff8ed5de000 	C:\Windows\System32\ADVAPI32.dll
0x00007ff8eb900000 - 0x00007ff8eb99c000 	C:\Windows\System32\sechost.dll
0x00007ff8ed5e0000 - 0x00007ff8ed704000 	C:\Windows\System32\RPCRT4.dll
0x00007ff8ec2b0000 - 0x00007ff8ec31b000 	C:\Windows\System32\WS2_32.dll
0x00007ff8ea960000 - 0x00007ff8ea9ab000 	C:\Windows\SYSTEM32\POWRPROF.dll
0x00007ff8d44e0000 - 0x00007ff8d4507000 	C:\Windows\SYSTEM32\WINMM.dll
0x00007ff8e0760000 - 0x00007ff8e076a000 	C:\Windows\SYSTEM32\VERSION.dll
0x00007ff8ea940000 - 0x00007ff8ea952000 	C:\Windows\SYSTEM32\UMPDC.dll
0x00007ff8e8e10000 - 0x00007ff8e8e22000 	C:\Windows\SYSTEM32\kernel.appcore.dll
0x00007ff8e6960000 - 0x00007ff8e696a000 	C:\Users\GNEX_DIGITAL\.jdks\ms-17.0.19\bin\jimage.dll
0x00007ff8e4bf0000 - 0x00007ff8e4dd4000 	C:\Windows\SYSTEM32\DBGHELP.DLL
0x00007ff8cfe80000 - 0x00007ff8cfeb5000 	C:\Windows\SYSTEM32\dbgcore.DLL
0x00007ff8eb500000 - 0x00007ff8eb582000 	C:\Windows\System32\bcryptPrimitives.dll
0x00007ff8e6810000 - 0x00007ff8e681f000 	C:\Users\GNEX_DIGITAL\.jdks\ms-17.0.19\bin\instrument.dll
0x00007ff8e3580000 - 0x00007ff8e35a6000 	C:\Users\GNEX_DIGITAL\.jdks\ms-17.0.19\bin\java.dll
0x00007ff8ce660000 - 0x00007ff8ce736000 	C:\Users\GNEX_DIGITAL\.jdks\ms-17.0.19\bin\jsvml.dll
0x00007ff8ec760000 - 0x00007ff8ecea5000 	C:\Windows\System32\SHELL32.dll
0x00007ff8e9030000 - 0x00007ff8e97c2000 	C:\Windows\SYSTEM32\windows.storage.dll
0x00007ff8ebec0000 - 0x00007ff8ec215000 	C:\Windows\System32\combase.dll
0x00007ff8ea8c0000 - 0x00007ff8ea8f0000 	C:\Windows\SYSTEM32\Wldp.dll
0x00007ff8eb9e0000 - 0x00007ff8eba8d000 	C:\Windows\System32\SHCORE.dll
0x00007ff8ed3a0000 - 0x00007ff8ed3f5000 	C:\Windows\System32\shlwapi.dll
0x00007ff8eaef0000 - 0x00007ff8eaf0f000 	C:\Windows\SYSTEM32\profapi.dll
0x00007ff8e2a70000 - 0x00007ff8e2a88000 	C:\Users\GNEX_DIGITAL\.jdks\ms-17.0.19\bin\zip.dll
0x00007ff8e2a50000 - 0x00007ff8e2a6b000 	C:\Users\GNEX_DIGITAL\.jdks\ms-17.0.19\bin\net.dll
0x00007ff8e5140000 - 0x00007ff8e524a000 	C:\Windows\SYSTEM32\WINHTTP.dll
0x00007ff8ea6a0000 - 0x00007ff8ea70a000 	C:\Windows\system32\mswsock.dll
0x00007ff8e29b0000 - 0x00007ff8e29c6000 	C:\Users\GNEX_DIGITAL\.jdks\ms-17.0.19\bin\nio.dll
0x00007ff8ea3f0000 - 0x00007ff8ea4bb000 	C:\Windows\SYSTEM32\DNSAPI.dll
0x00007ff8ea3b0000 - 0x00007ff8ea3eb000 	C:\Windows\SYSTEM32\IPHLPAPI.DLL
0x00007ff8ed520000 - 0x00007ff8ed528000 	C:\Windows\System32\NSI.dll
0x00007ff8e0400000 - 0x00007ff8e040a000 	C:\Windows\System32\rasadhlp.dll
0x00007ff8db9d0000 - 0x00007ff8dba50000 	C:\Windows\System32\fwpuclnt.dll
0x00007ff8eb430000 - 0x00007ff8eb457000 	C:\Windows\System32\bcrypt.dll
0x00007ff8e3900000 - 0x00007ff8e390a000 	C:\Users\GNEX_DIGITAL\.jdks\ms-17.0.19\bin\management.dll
0x00007ff8e38c0000 - 0x00007ff8e38cc000 	C:\Users\GNEX_DIGITAL\.jdks\ms-17.0.19\bin\management_ext.dll
0x00007ff8eb9d0000 - 0x00007ff8eb9d8000 	C:\Windows\System32\PSAPI.DLL
0x00007ff8e3b50000 - 0x00007ff8e3b59000 	C:\Users\GNEX_DIGITAL\.jdks\ms-17.0.19\bin\extnet.dll
0x00007ff8ea900000 - 0x00007ff8ea918000 	C:\Windows\SYSTEM32\CRYPTSP.dll
0x00007ff8e9fe0000 - 0x00007ff8ea014000 	C:\Windows\system32\rsaenh.dll
0x00007ff8eaeb0000 - 0x00007ff8eaede000 	C:\Windows\SYSTEM32\USERENV.dll
0x00007ff8ea830000 - 0x00007ff8ea83c000 	C:\Windows\SYSTEM32\CRYPTBASE.dll
0x00007ff8e05f0000 - 0x00007ff8e0607000 	C:\Windows\SYSTEM32\dhcpcsvc6.DLL
0x00007ff8e04e0000 - 0x00007ff8e04fd000 	C:\Windows\SYSTEM32\dhcpcsvc.DLL
0x00007ff8c8680000 - 0x00007ff8c8697000 	C:\Windows\system32\napinsp.dll
0x00007ff8c8660000 - 0x00007ff8c867b000 	C:\Windows\system32\pnrpnsp.dll
0x00007ff8e50e0000 - 0x00007ff8e50f5000 	C:\Windows\system32\wshbth.dll
0x00007ff8e68d0000 - 0x00007ff8e68ed000 	C:\Windows\system32\NLAapi.dll
0x00007ff8c8640000 - 0x00007ff8c8652000 	C:\Windows\System32\winrnr.dll
0x00007ff8bc620000 - 0x00007ff8bc669000 	C:\Windows\SYSTEM32\pdh.dll

dbghelp: loaded successfully - version: 4.0.5 - missing functions: none
symbol engine: initialized successfully - sym options: 0x614 - pdb path: .;C:\Users\GNEX_DIGITAL\.jdks\ms-17.0.19\bin;C:\Windows\SYSTEM32;C:\Windows\WinSxS\amd64_microsoft.windows.common-controls_6595b64144ccf1df_6.0.19041.1110_none_60b5254171f9507e;C:\Users\GNEX_DIGITAL\.jdks\ms-17.0.19\bin\server

VM Arguments:
jvm_args: -Xms64m -Xmx256m -XX:TieredStopAtLevel=1 -Dspring.output.ansi.enabled=always -Dcom.sun.management.jmxremote -Dspring.jmx.enabled=true -Dspring.liveBeansView.mbeanDomain -Dspring.application.admin.enabled=true -Dmanagement.endpoints.jmx.exposure.include=* -javaagent:D:\IntelliJ IDEA 2026.1.4\lib\idea_rt.jar=60639 -Dfile.encoding=UTF-8 
java_command: com.zosh.UserServiceApplication
java_class_path (initial): D:\Airline Project\Backend\Microservices\services\user-service\target\classes;D:\Airline Project\Backend\Microservices\common-lib\target\classes;C:\Users\GNEX_DIGITAL\.m2\repository\org\springframework\boot\spring-boot-starter-validation\4.0.2\spring-boot-starter-validation-4.0.2.jar;C:\Users\GNEX_DIGITAL\.m2\repository\org\springframework\boot\spring-boot-validation\4.0.2\spring-boot-validation-4.0.2.jar;C:\Users\GNEX_DIGITAL\.m2\repository\org\apache\tomcat\embed\tomcat-embed-el\11.0.15\tomcat-embed-el-11.0.15.jar;C:\Users\GNEX_DIGITAL\.m2\repository\org\hibernate\validator\hibernate-validator\9.0.1.Final\hibernate-validator-9.0.1.Final.jar;C:\Users\GNEX_DIGITAL\.m2\repository\org\jboss\logging\jboss-logging\3.6.1.Final\jboss-logging-3.6.1.Final.jar;C:\Users\GNEX_DIGITAL\.m2\repository\com\fasterxml\classmate\1.7.3\classmate-1.7.3.jar;C:\Users\GNEX_DIGITAL\.m2\repository\org\springframework\boot\spring-boot-starter-data-jpa\4.0.2\spring-boot-starter-data-jpa-4.0.2.jar;C:\Users\GNEX_DIGITAL\.m2\repository\org\springframework\boot\spring-boot-starter\4.0.2\spring-boot-starter-4.0.2.jar;C:\Users\GNEX_DIGITAL\.m2\repository\org\springframework\boot\spring-boot-starter-logging\4.0.2\spring-boot-starter-logging-4.0.2.jar;C:\Users\GNEX_DIGITAL\.m2\repository\ch\qos\logback\logback-classic\1.5.25\logback-classic-1.5.25.jar;C:\Users\GNEX_DIGITAL\.m2\repository\ch\qos\logback\logback-core\1.5.25\logback-core-1.5.25.jar;C:\Users\GNEX_DIGITAL\.m2\repository\org\apache\logging\log4j\log4j-to-slf4j\2.25.3\log4j-to-slf4j-2.25.3.jar;C:\Users\GNEX_DIGITAL\.m2\repository\org\apache\logging\log4j\log4j-api\2.25.3\log4j-api-2.25.3.jar;C:\Users\GNEX_DIGITAL\.m2\repository\org\slf4j\jul-to-slf4j\2.0.17\jul-to-slf4j-2.0.17.jar;C:\Users\GNEX_DIGITAL\.m2\repository\jakarta\annotation\jakarta.annotation-api\3.0.0\jakarta.annotation-api-3.0.0.jar;C:\Users\GNEX_DIGITAL\.m2\repository\org\yaml\snakeyaml\2.5\snakeyaml-2.5.jar;C:\Users\GNEX_DIGITAL\.m2\repository\or
Launcher Type: SUN_STANDARD

[Global flags]
     intx CICompilerCount                          = 3                                         {product} {ergonomic}
     uint ConcGCThreads                            = 1                                         {product} {ergonomic}
     uint G1ConcRefinementThreads                  = 4                                         {product} {ergonomic}
   size_t G1HeapRegionSize                         = 1048576                                   {product} {ergonomic}
    uintx GCDrainStackTargetSize                   = 64                                        {product} {ergonomic}
   size_t InitialHeapSize                          = 67108864                                  {product} {command line}
     bool ManagementServer                         = true                                      {product} {command line}
   size_t MarkStackSize                            = 4194304                                   {product} {ergonomic}
   size_t MaxHeapSize                              = 268435456                                 {product} {command line}
   size_t MaxNewSize                               = 160432128                                 {product} {ergonomic}
   size_t MinHeapDeltaBytes                        = 1048576                                   {product} {ergonomic}
   size_t MinHeapSize                              = 67108864                                  {product} {command line}
    uintx NonProfiledCodeHeapSize                  = 0                                      {pd product} {ergonomic}
     bool ProfileInterpreter                       = false                                  {pd product} {command line}
    uintx ProfiledCodeHeapSize                     = 0                                      {pd product} {ergonomic}
   size_t SoftMaxHeapSize                          = 268435456                              {manageable} {ergonomic}
     intx TieredStopAtLevel                        = 1                                         {product} {command line}
     bool UseCompressedClassPointers               = true                           {product lp64_product} {ergonomic}
     bool UseCompressedOops                        = true                           {product lp64_product} {ergonomic}
     bool UseG1GC                                  = true                                      {product} {ergonomic}
     bool UseLargePagesIndividualAllocation        = false                                  {pd product} {ergonomic}

Logging:
Log output configuration:
 #0: stdout all=warning uptime,level,tags
 #1: stderr all=off uptime,level,tags

Environment Variables:
JAVA_HOME=C:\Program Files\Java\latest\jdk-17
PATH=C:\Python314\Scripts\;C:\Python314\;C:\Program Files\Common Files\Oracle\Java\javapath;C:\Windows\system32;C:\Windows;C:\Windows\System32\Wbem;C:\Windows\System32\WindowsPowerShell\v1.0\;C:\Windows\System32\OpenSSH\;C:\Program Files\Java\latest\jdk-17\bin;C:\Program Files\Maven\apache-maven-3.9.16\bin;D:\Git\cmd;C:\Program Files\nodejs\;C:\ProgramData\chocolatey\bin;;C:\Program Files\Docker\Docker\resources\bin;C:\Users\GNEX_DIGITAL\AppData\Local\Microsoft\WindowsApps;D:\IntelliJ IDEA 2026.1.4\bin;D:\Microsoft VS Code\bin;C:\Users\GNEX_DIGITAL\AppData\Roaming\npm;D:\Antigravity IDE\bin
USERNAME=GNEX_DIGITAL
OS=Windows_NT
PROCESSOR_IDENTIFIER=Intel64 Family 6 Model 140 Stepping 1, GenuineIntel
TMP=C:\Users\GNEX_D~1\AppData\Local\Temp
TEMP=C:\Users\GNEX_D~1\AppData\Local\Temp



Periodic native trim disabled


---------------  S Y S T E M  ---------------

OS:
 Windows 10 , 64 bit Build 19041 (10.0.19041.2546)
OS uptime: 4 days 5:06 hours
Hyper-V role detected

CPU: total 4 (initial active 4) (2 cores per cpu, 2 threads per core) family 6 model 140 stepping 1 microcode 0x9a, cx8, cmov, fxsr, ht, mmx, 3dnowpref, sse, sse2, sse3, ssse3, sse4.1, sse4.2, popcnt, lzcnt, tsc, tscinvbit, avx, avx2, aes, erms, clmul, bmi1, bmi2, adx, avx512f, avx512dq, avx512cd, avx512bw, avx512vl, sha, fma, vzeroupper, avx512_vpopcntdq, avx512_vpclmulqdq, avx512_vaes, avx512_vnni, clflush, clflushopt, clwb, avx512_vbmi2, avx512_vbmi, hv
Processor Information for the first 4 processors :
  Max Mhz: 2995, Current Mhz: 2995, Mhz Limit: 2995

Memory: 4k page, system-wide physical 7991M (342M free)
TotalPageFile size 23535M (AvailPageFile size 2M)
current process WorkingSet (physical memory assigned to process): 77M, peak: 77M
current process commit charge ("private bytes"): 151M, peak: 152M

vm_info: OpenJDK 64-Bit Server VM (17.0.19+10-LTS) for windows-amd64 JRE (17.0.19+10-LTS), built on Apr 18 2026 18:24:40 by "MicrosoftCorporation" with MS VC++ 17.14 (VS2022)

END.
