#
# There is insufficient memory for the Java Runtime Environment to continue.
# Native memory allocation (mmap) failed to map 5242880 bytes. Error detail: G1 virtual space
# Possible reasons:
#   The system is out of physical RAM or swap space
#   This process is running with CompressedOops enabled, and the Java Heap may be blocking the growth of the native heap
# Possible solutions:
#   Reduce memory load on the system
#   Increase physical memory or swap space
#   Check if swap backing store is full
#   Decrease Java heap size (-Xmx/-Xms)
#   Decrease number of Java threads
#   Decrease Java thread stack sizes (-Xss)
#   Set larger code cache with -XX:ReservedCodeCacheSize=
#   JVM is running with Unscaled Compressed Oops mode in which the Java heap is
#     placed in the first 4GB address space. The Java Heap base address is the
#     maximum limit for the native heap growth. Please use -XX:HeapBaseMinAddress
#     to set the Java Heap base and to place the Java Heap above 4GB virtual address.
# This output file may be truncated or incomplete.
#
#  Out of Memory Error (os_windows.cpp:3690), pid=6448, tid=20364
#
# JRE version: OpenJDK Runtime Environment Microsoft-13877129 (17.0.19+10) (build 17.0.19+10-LTS)
# Java VM: OpenJDK 64-Bit Server VM Microsoft-13877129 (17.0.19+10-LTS, mixed mode, emulated-client, sharing, tiered, compressed oops, compressed class ptrs, g1 gc, windows-amd64)
# No core dump will be written. Minidumps are not enabled by default on client versions of Windows
#

---------------  S U M M A R Y ------------

Command Line: -Xms128m -Xmx512m -XX:TieredStopAtLevel=1 -Dspring.output.ansi.enabled=always -javaagent:D:\IntelliJ IDEA 2026.1.4\lib\idea_rt.jar=57313 -Dfile.encoding=UTF-8 com.zosh.SeatServiceApplication

Host: 11th Gen Intel(R) Core(TM) i3-1115G4 @ 3.00GHz, 4 cores, 11G,  Windows 10 , 64 bit Build 19041 (10.0.19041.5915)
Time: Sun Aug  9 00:02:18 2026 India Standard Time elapsed time: 49.262517 seconds (0d 0h 0m 49s)

---------------  T H R E A D  ---------------

Current thread (0x0000017b71207e10):  VMThread "VM Thread" [stack: 0x0000004f21a00000,0x0000004f21b00000] [id=20364]

Stack: [0x0000004f21a00000,0x0000004f21b00000]
Native frames: (J=compiled Java code, j=interpreted, Vv=VM code, C=native code)
V  [jvm.dll+0x68cc89]  (no source info available)
V  [jvm.dll+0x845d89]  (no source info available)
V  [jvm.dll+0x847af8]  (no source info available)
V  [jvm.dll+0x848183]  (no source info available)
V  [jvm.dll+0x24d0bf]  (no source info available)
V  [jvm.dll+0x68c089]  (no source info available)
V  [jvm.dll+0x68064a]  (no source info available)
V  [jvm.dll+0x3102f0]  (no source info available)
V  [jvm.dll+0x310192]  (no source info available)
V  [jvm.dll+0x317709]  (no source info available)
V  [jvm.dll+0x369b09]  (no source info available)
V  [jvm.dll+0x369d3d]  (no source info available)
V  [jvm.dll+0x2e6afa]  (no source info available)
V  [jvm.dll+0x2e9b78]  (no source info available)
V  [jvm.dll+0x2f42a4]  (no source info available)
V  [jvm.dll+0x3292ad]  (no source info available)
V  [jvm.dll+0x84ca0d]  (no source info available)
V  [jvm.dll+0x84d723]  (no source info available)
V  [jvm.dll+0x84dc54]  (no source info available)
V  [jvm.dll+0x84e038]  (no source info available)
V  [jvm.dll+0x84e12e]  (no source info available)
V  [jvm.dll+0x7f62cc]  (no source info available)
V  [jvm.dll+0x68e227]  (no source info available)
C  [ucrtbase.dll+0x21bb2]  (no source info available)
C  [KERNEL32.DLL+0x17374]  (no source info available)
C  [ntdll.dll+0x4cc91]  (no source info available)

VM_Operation (0x0000004f216ff610): G1PauseRemark, mode: safepoint, requested by thread 0x0000017b63130700


---------------  P R O C E S S  ---------------

Threads class SMR info:
_java_thread_list=0x0000017b7e4db3f0, length=79, elements={
0x0000017b7120c3b0, 0x0000017b7120d710, 0x0000017b71221f30, 0x0000017b71222af0,
0x0000017b712258c0, 0x0000017b71228a30, 0x0000017b7122aba0, 0x0000017b7122f9e0,
0x0000017b713d10d0, 0x0000017b71bdb120, 0x0000017b71bdba10, 0x0000017b7665d860,
0x0000017b775ce5b0, 0x0000017b775cf3a0, 0x0000017b77635600, 0x0000017b7657fd30,
0x0000017b71dfcfc0, 0x0000017b71dfc5a0, 0x0000017b7924efe0, 0x0000017b79251350,
0x0000017b79254b00, 0x0000017b7924e5c0, 0x0000017b79251860, 0x0000017b7924fa00,
0x0000017b79253bd0, 0x0000017b7924f4f0, 0x0000017b792545f0, 0x0000017b79251d70,
0x0000017b79252ca0, 0x0000017b792540e0, 0x0000017b7924ead0, 0x0000017b79252280,
0x0000017b79250930, 0x0000017b7924ff10, 0x0000017b79255010, 0x0000017b79255520,
0x0000017b79250420, 0x0000017b792531b0, 0x0000017b79250e40, 0x0000017b79252790,
0x0000017b792536c0, 0x0000017b7924e0b0, 0x0000017b79255a30, 0x0000017b7e19c5c0,
0x0000017b7e197ee0, 0x0000017b7e198900, 0x0000017b7e19b690, 0x0000017b7e1983f0,
0x0000017b7e1974c0, 0x0000017b7e196aa0, 0x0000017b7e198e10, 0x0000017b7e1979d0,
0x0000017b7e196fb0, 0x0000017b7e199320, 0x0000017b7e19a760, 0x0000017b7e19bba0,
0x0000017b7e19cfe0, 0x0000017b7e199830, 0x0000017b7e19d4f0, 0x0000017b7e199d40,
0x0000017b7e196080, 0x0000017b7e19a250, 0x0000017b7e19da00, 0x0000017b7e19ac70,
0x0000017b7e19b180, 0x0000017b7e19c0b0, 0x0000017b7e19cad0, 0x0000017b7e196590,
0x0000017b76bd3300, 0x0000017b76bd2df0, 0x0000017b76bd0a80, 0x0000017b76bd0570,
0x0000017b76bd19b0, 0x0000017b76bd0f90, 0x0000017b76bd28e0, 0x0000017b76bd3810,
0x0000017b76bd0060, 0x0000017b76bd14a0, 0x0000017b76bd1ec0
}

Java Threads: ( => current thread )
  0x0000017b7120c3b0 JavaThread "Reference Handler" daemon [_thread_blocked, id=8068, stack(0x0000004f21b00000,0x0000004f21c00000)]
  0x0000017b7120d710 JavaThread "Finalizer" daemon [_thread_blocked, id=15316, stack(0x0000004f21c00000,0x0000004f21d00000)]
  0x0000017b71221f30 JavaThread "Signal Dispatcher" daemon [_thread_blocked, id=916, stack(0x0000004f21d00000,0x0000004f21e00000)]
  0x0000017b71222af0 JavaThread "Attach Listener" daemon [_thread_blocked, id=1356, stack(0x0000004f21e00000,0x0000004f21f00000)]
  0x0000017b712258c0 JavaThread "Service Thread" daemon [_thread_blocked, id=24792, stack(0x0000004f21f00000,0x0000004f22000000)]
  0x0000017b71228a30 JavaThread "Monitor Deflation Thread" daemon [_thread_blocked, id=8176, stack(0x0000004f22000000,0x0000004f22100000)]
  0x0000017b7122aba0 JavaThread "C1 CompilerThread0" daemon [_thread_blocked, id=16100, stack(0x0000004f22100000,0x0000004f22200000)]
  0x0000017b7122f9e0 JavaThread "Sweeper thread" daemon [_thread_blocked, id=15928, stack(0x0000004f22200000,0x0000004f22300000)]
  0x0000017b713d10d0 JavaThread "Common-Cleaner" daemon [_thread_blocked, id=15412, stack(0x0000004f22300000,0x0000004f22400000)]
  0x0000017b71bdb120 JavaThread "Monitor Ctrl-Break" daemon [_thread_in_native, id=24372, stack(0x0000004f22600000,0x0000004f22700000)]
  0x0000017b71bdba10 JavaThread "Notification Thread" daemon [_thread_blocked, id=22352, stack(0x0000004f22700000,0x0000004f22800000)]
  0x0000017b7665d860 JavaThread "Keep-Alive-Timer" daemon [_thread_blocked, id=21948, stack(0x0000004f22f00000,0x0000004f23000000)]
  0x0000017b775ce5b0 JavaThread "Catalina-utility-1" [_thread_blocked, id=28792, stack(0x0000004f23200000,0x0000004f23300000)]
  0x0000017b775cf3a0 JavaThread "Catalina-utility-2" [_thread_blocked, id=21292, stack(0x0000004f23300000,0x0000004f23400000)]
  0x0000017b77635600 JavaThread "container-0" [_thread_blocked, id=13360, stack(0x0000004f23400000,0x0000004f23500000)]
  0x0000017b7657fd30 JavaThread "mysql-cj-abandoned-connection-cleanup" daemon [_thread_blocked, id=16416, stack(0x0000004f23500000,0x0000004f23600000)]
  0x0000017b71dfcfc0 JavaThread "HikariPool-1:housekeeper" daemon [_thread_blocked, id=23676, stack(0x0000004f23600000,0x0000004f23700000)]
  0x0000017b71dfc5a0 JavaThread "spring.cloud.inetutils" daemon [_thread_blocked, id=29436, stack(0x0000004f23800000,0x0000004f23900000)]
  0x0000017b7924efe0 JavaThread "File Watcher" daemon [_thread_blocked, id=2740, stack(0x0000004f23900000,0x0000004f23a00000)]
  0x0000017b79251350 JavaThread "spectator-gauge-polling-0" daemon [_thread_blocked, id=18244, stack(0x0000004f23a00000,0x0000004f23b00000)]
  0x0000017b79254b00 JavaThread "AsyncResolver-bootstrap-%d" daemon [_thread_blocked, id=9088, stack(0x0000004f23b00000,0x0000004f23c00000)]
  0x0000017b7924e5c0 JavaThread "DiscoveryClient-%d" daemon [_thread_blocked, id=24236, stack(0x0000004f23c00000,0x0000004f23d00000)]
  0x0000017b79251860 JavaThread "DiscoveryClient-%d" daemon [_thread_blocked, id=17656, stack(0x0000004f23d00000,0x0000004f23e00000)]
  0x0000017b7924fa00 JavaThread "DiscoveryClient-InstanceInfoReplicator-%d" daemon [_thread_blocked, id=12408, stack(0x0000004f23e00000,0x0000004f23f00000)]
  0x0000017b79253bd0 JavaThread "Eureka-DeltaRetentionTimer" daemon [_thread_blocked, id=20644, stack(0x0000004f23f00000,0x0000004f24000000)]
  0x0000017b7924f4f0 JavaThread "Eureka-EvictionTimer" daemon [_thread_blocked, id=11004, stack(0x0000004f24000000,0x0000004f24100000)]
  0x0000017b792545f0 JavaThread "Eureka-MeasureRateTimer" daemon [_thread_blocked, id=19088, stack(0x0000004f24100000,0x0000004f24200000)]
  0x0000017b79251d70 JavaThread "ReplicaAwareInstanceRegistry - RenewalThresholdUpdater" daemon [_thread_blocked, id=9584, stack(0x0000004f24200000,0x0000004f24300000)]
  0x0000017b79252ca0 JavaThread "Eureka-MeasureRateTimer" daemon [_thread_blocked, id=19056, stack(0x0000004f24300000,0x0000004f24400000)]
  0x0000017b792540e0 JavaThread "Eureka-Jersey3Client-Conn-Cleaner2" daemon [_thread_blocked, id=11672, stack(0x0000004f24400000,0x0000004f24500000)]
  0x0000017b7924ead0 JavaThread "TaskAcceptor-target_localhost" daemon [_thread_blocked, id=14120, stack(0x0000004f24500000,0x0000004f24600000)]
  0x0000017b79252280 JavaThread "TaskBatchingWorker-target_localhost-0" daemon [_thread_blocked, id=21028, stack(0x0000004f24600000,0x0000004f24700000)]
  0x0000017b79250930 JavaThread "TaskBatchingWorker-target_localhost-1" daemon [_thread_blocked, id=18100, stack(0x0000004f24700000,0x0000004f24800000)]
  0x0000017b7924ff10 JavaThread "TaskBatchingWorker-target_localhost-2" daemon [_thread_blocked, id=2152, stack(0x0000004f24800000,0x0000004f24900000)]
  0x0000017b79255010 JavaThread "TaskBatchingWorker-target_localhost-3" daemon [_thread_blocked, id=20472, stack(0x0000004f24900000,0x0000004f24a00000)]
  0x0000017b79255520 JavaThread "TaskBatchingWorker-target_localhost-4" daemon [_thread_blocked, id=28872, stack(0x0000004f24a00000,0x0000004f24b00000)]
  0x0000017b79250420 JavaThread "TaskBatchingWorker-target_localhost-5" daemon [_thread_blocked, id=5336, stack(0x0000004f24b00000,0x0000004f24c00000)]
  0x0000017b792531b0 JavaThread "TaskBatchingWorker-target_localhost-6" daemon [_thread_blocked, id=25004, stack(0x0000004f24c00000,0x0000004f24d00000)]
  0x0000017b79250e40 JavaThread "TaskBatchingWorker-target_localhost-7" daemon [_thread_blocked, id=19972, stack(0x0000004f24d00000,0x0000004f24e00000)]
  0x0000017b79252790 JavaThread "TaskBatchingWorker-target_localhost-8" daemon [_thread_blocked, id=15600, stack(0x0000004f24e00000,0x0000004f24f00000)]
  0x0000017b792536c0 JavaThread "TaskBatchingWorker-target_localhost-9" daemon [_thread_blocked, id=25140, stack(0x0000004f24f00000,0x0000004f25000000)]
  0x0000017b7924e0b0 JavaThread "TaskBatchingWorker-target_localhost-10" daemon [_thread_blocked, id=20380, stack(0x0000004f25000000,0x0000004f25100000)]
  0x0000017b79255a30 JavaThread "TaskBatchingWorker-target_localhost-11" daemon [_thread_blocked, id=15684, stack(0x0000004f25100000,0x0000004f25200000)]
  0x0000017b7e19c5c0 JavaThread "TaskBatchingWorker-target_localhost-12" daemon [_thread_blocked, id=17816, stack(0x0000004f25200000,0x0000004f25300000)]
  0x0000017b7e197ee0 JavaThread "TaskBatchingWorker-target_localhost-13" daemon [_thread_blocked, id=1032, stack(0x0000004f25300000,0x0000004f25400000)]
  0x0000017b7e198900 JavaThread "TaskBatchingWorker-target_localhost-14" daemon [_thread_blocked, id=5440, stack(0x0000004f25400000,0x0000004f25500000)]
  0x0000017b7e19b690 JavaThread "TaskBatchingWorker-target_localhost-15" daemon [_thread_blocked, id=7588, stack(0x0000004f25500000,0x0000004f25600000)]
  0x0000017b7e1983f0 JavaThread "TaskBatchingWorker-target_localhost-16" daemon [_thread_blocked, id=8764, stack(0x0000004f25600000,0x0000004f25700000)]
  0x0000017b7e1974c0 JavaThread "TaskBatchingWorker-target_localhost-17" daemon [_thread_blocked, id=16528, stack(0x0000004f25700000,0x0000004f25800000)]
  0x0000017b7e196aa0 JavaThread "TaskBatchingWorker-target_localhost-18" daemon [_thread_blocked, id=19556, stack(0x0000004f25800000,0x0000004f25900000)]
  0x0000017b7e198e10 JavaThread "TaskBatchingWorker-target_localhost-19" daemon [_thread_blocked, id=13324, stack(0x0000004f25900000,0x0000004f25a00000)]
  0x0000017b7e1979d0 JavaThread "TaskAcceptor-localhost" daemon [_thread_blocked, id=27480, stack(0x0000004f25a00000,0x0000004f25b00000)]
  0x0000017b7e196fb0 JavaThread "TaskNonBatchingWorker-localhost-0" daemon [_thread_blocked, id=19184, stack(0x0000004f25b00000,0x0000004f25c00000)]
  0x0000017b7e199320 JavaThread "Eureka-PeerNodesUpdater" daemon [_thread_blocked, id=25736, stack(0x0000004f25c00000,0x0000004f25d00000)]
  0x0000017b7e19a760 JavaThread "Eureka-CacheFillTimer" daemon [_thread_blocked, id=26700, stack(0x0000004f25d00000,0x0000004f25e00000)]
  0x0000017b7e19bba0 JavaThread "http-nio-5008-exec-1" daemon [_thread_blocked, id=17652, stack(0x0000004f25f00000,0x0000004f26000000)]
  0x0000017b7e19cfe0 JavaThread "http-nio-5008-exec-2" daemon [_thread_blocked, id=24168, stack(0x0000004f26000000,0x0000004f26100000)]
  0x0000017b7e199830 JavaThread "http-nio-5008-exec-3" daemon [_thread_blocked, id=14056, stack(0x0000004f26100000,0x0000004f26200000)]
  0x0000017b7e19d4f0 JavaThread "http-nio-5008-exec-4" daemon [_thread_blocked, id=9816, stack(0x0000004f26200000,0x0000004f26300000)]
  0x0000017b7e199d40 JavaThread "http-nio-5008-exec-5" daemon [_thread_blocked, id=17664, stack(0x0000004f26300000,0x0000004f26400000)]
  0x0000017b7e196080 JavaThread "http-nio-5008-exec-6" daemon [_thread_blocked, id=16932, stack(0x0000004f26400000,0x0000004f26500000)]
  0x0000017b7e19a250 JavaThread "http-nio-5008-exec-7" daemon [_thread_blocked, id=21552, stack(0x0000004f26500000,0x0000004f26600000)]
  0x0000017b7e19da00 JavaThread "http-nio-5008-exec-8" daemon [_thread_blocked, id=4404, stack(0x0000004f26600000,0x0000004f26700000)]
  0x0000017b7e19ac70 JavaThread "http-nio-5008-exec-9" daemon [_thread_blocked, id=10740, stack(0x0000004f26700000,0x0000004f26800000)]
  0x0000017b7e19b180 JavaThread "http-nio-5008-exec-10" daemon [_thread_blocked, id=8856, stack(0x0000004f26800000,0x0000004f26900000)]
  0x0000017b7e19c0b0 JavaThread "http-nio-5008-Poller" daemon [_thread_blocked, id=19368, stack(0x0000004f26900000,0x0000004f26a00000)]
  0x0000017b7e19cad0 JavaThread "http-nio-5008-Acceptor" daemon [_thread_in_native, id=27552, stack(0x0000004f25e00000,0x0000004f25f00000)]
  0x0000017b7e196590 JavaThread "ThreadPoolTaskScheduler-1" [_thread_blocked, id=19820, stack(0x0000004f26a00000,0x0000004f26b00000)]
  0x0000017b76bd3300 JavaThread "org.springframework.kafka.KafkaListenerEndpointContainer#2-0-C-1" [_thread_blocked, id=11248, stack(0x0000004f26b00000,0x0000004f26c00000)]
  0x0000017b76bd2df0 JavaThread "ThreadPoolTaskScheduler-1" [_thread_blocked, id=22436, stack(0x0000004f26c00000,0x0000004f26d00000)]
  0x0000017b76bd0a80 JavaThread "org.springframework.kafka.KafkaListenerEndpointContainer#0-0-C-1" [_thread_blocked, id=19548, stack(0x0000004f26d00000,0x0000004f26e00000)]
  0x0000017b76bd0570 JavaThread "ThreadPoolTaskScheduler-1" [_thread_blocked, id=17560, stack(0x0000004f26e00000,0x0000004f26f00000)]
  0x0000017b76bd19b0 JavaThread "org.springframework.kafka.KafkaListenerEndpointContainer#1-0-C-1" [_thread_blocked, id=9292, stack(0x0000004f26f00000,0x0000004f27000000)]
  0x0000017b76bd0f90 JavaThread "DestroyJavaVM" [_thread_blocked, id=18164, stack(0x0000004f21400000,0x0000004f21500000)]
  0x0000017b76bd28e0 JavaThread "kafka-coordinator-heartbeat-thread | seat-service-group" daemon [_thread_blocked, id=24080, stack(0x0000004f22c00000,0x0000004f22d00000)]
  0x0000017b76bd3810 JavaThread "kafka-coordinator-heartbeat-thread | seat-service-group" daemon [_thread_blocked, id=12396, stack(0x0000004f22d00000,0x0000004f22e00000)]
  0x0000017b76bd0060 JavaThread "kafka-coordinator-heartbeat-thread | seat-service-group" daemon [_thread_blocked, id=27740, stack(0x0000004f27000000,0x0000004f27100000)]
  0x0000017b76bd14a0 JavaThread "DiscoveryClient-HeartbeatExecutor-%d" daemon [_thread_blocked, id=26568, stack(0x0000004f23700000,0x0000004f23800000)]
  0x0000017b76bd1ec0 JavaThread "DiscoveryClient-CacheRefreshExecutor-%d" daemon [_thread_blocked, id=22336, stack(0x0000004f27100000,0x0000004f27200000)]

Other Threads:
=>0x0000017b71207e10 VMThread "VM Thread" [stack: 0x0000004f21a00000,0x0000004f21b00000] [id=20364]
  0x0000017b71bdc300 WatcherThread [stack: 0x0000004f22800000,0x0000004f22900000] [id=23264]
  0x0000017b6312b7a0 GCTaskThread "GC Thread#0" [stack: 0x0000004f21500000,0x0000004f21600000] [id=24636]
  0x0000017b71c012b0 GCTaskThread "GC Thread#1" [stack: 0x0000004f22900000,0x0000004f22a00000] [id=22508]
  0x0000017b71bee500 GCTaskThread "GC Thread#2" [stack: 0x0000004f22a00000,0x0000004f22b00000] [id=2596]
  0x0000017b7605fb80 GCTaskThread "GC Thread#3" [stack: 0x0000004f22b00000,0x0000004f22c00000] [id=17236]
  0x0000017b63130700 ConcurrentGCThread "G1 Main Marker" [stack: 0x0000004f21600000,0x0000004f21700000] [id=17060]
  0x0000017b63131120 ConcurrentGCThread "G1 Conc#0" [stack: 0x0000004f21700000,0x0000004f21800000] [id=24736]
  0x0000017b631969c0 ConcurrentGCThread "G1 Refine#0" [stack: 0x0000004f21800000,0x0000004f21900000] [id=15716]
  0x0000017b7758fe10 ConcurrentGCThread "G1 Refine#1" [stack: 0x0000004f23000000,0x0000004f23100000] [id=28036]
  0x0000017b77590110 ConcurrentGCThread "G1 Refine#2" [stack: 0x0000004f23100000,0x0000004f23200000] [id=20020]
  0x0000017b710d05e0 ConcurrentGCThread "G1 Service" [stack: 0x0000004f21900000,0x0000004f21a00000] [id=2616]

Threads with active compile tasks:

VM state: at safepoint (normal execution)

VM Mutex/Monitor currently owned by a thread:  ([mutex/lock_event])
[0x0000017b630f9510] Threads_lock - owner thread: 0x0000017b71207e10
[0x0000017b630fa560] Heap_lock - owner thread: 0x0000017b63130700

Heap address: 0x00000000e0000000, size: 512 MB, Compressed Oops mode: 32-bit

CDS archive(s) mapped at: [0x0000017b00000000-0x0000017b00bb0000-0x0000017b00bb0000), size 12255232, SharedBaseAddress: 0x0000017b00000000, ArchiveRelocationMode: 1.
Compressed class space mapped at: 0x0000017b01000000-0x0000017b41000000, reserved size: 1073741824
Narrow klass base: 0x0000017b00000000, Narrow klass shift: 0, Narrow klass range: 0x100000000

GC Precious Log:
 CPUs: 4 total, 4 available
 Memory: 12087M
 Large Page Support: Disabled
 NUMA Support: Disabled
 Compressed Oops: Enabled (32-bit)
 Heap Region Size: 1M
 Heap Min Capacity: 128M
 Heap Initial Capacity: 128M
 Heap Max Capacity: 512M
 Pre-touch: Disabled
 Parallel Workers: 4
 Concurrent Workers: 1
 Concurrent Refinement Workers: 4
 Periodic GC: Disabled

Heap:
 garbage-first heap   total 132096K, used 79344K [0x00000000e0000000, 0x0000000100000000)
  region size 1024K, 11 young (11264K), 1 survivors (1024K)
 Metaspace       used 121358K, committed 122304K, reserved 1179648K
  class space    used 17252K, committed 17728K, reserved 1048576K

Heap Regions: E=young(eden), S=young(survivor), O=old, HS=humongous(starts), HC=humongous(continues), CS=collection set, F=free, OA=open archive, CA=closed archive, TAMS=top-at-mark-start (previous, next)
|   0|0x00000000e0000000, 0x00000000e0100000, 0x00000000e0100000|100%|HS|  |TAMS 0x00000000e0100000, 0x00000000e0000000| Complete 
|   1|0x00000000e0100000, 0x00000000e0200000, 0x00000000e0200000|100%|HS|  |TAMS 0x00000000e0200000, 0x00000000e0100000| Complete 
|   2|0x00000000e0200000, 0x00000000e0300000, 0x00000000e0300000|100%|HS|  |TAMS 0x00000000e0300000, 0x00000000e0200000| Complete 
|   3|0x00000000e0300000, 0x00000000e0400000, 0x00000000e0400000|100%| O|  |TAMS 0x00000000e0400000, 0x00000000e0300000| Untracked 
|   4|0x00000000e0400000, 0x00000000e0500000, 0x00000000e0500000|100%| O|  |TAMS 0x00000000e0500000, 0x00000000e0400000| Untracked 
|   5|0x00000000e0500000, 0x00000000e0600000, 0x00000000e0600000|100%| O|  |TAMS 0x00000000e0600000, 0x00000000e0500000| Untracked 
|   6|0x00000000e0600000, 0x00000000e0700000, 0x00000000e0700000|100%| O|  |TAMS 0x00000000e0700000, 0x00000000e0600000| Untracked 
|   7|0x00000000e0700000, 0x00000000e0800000, 0x00000000e0800000|100%| O|  |TAMS 0x00000000e0800000, 0x00000000e0700000| Untracked 
|   8|0x00000000e0800000, 0x00000000e0900000, 0x00000000e0900000|100%| O|  |TAMS 0x00000000e0900000, 0x00000000e0800000| Untracked 
|   9|0x00000000e0900000, 0x00000000e0a00000, 0x00000000e0a00000|100%| O|  |TAMS 0x00000000e0a00000, 0x00000000e0900000| Untracked 
|  10|0x00000000e0a00000, 0x00000000e0b00000, 0x00000000e0b00000|100%| O|  |TAMS 0x00000000e0b00000, 0x00000000e0a00000| Untracked 
|  11|0x00000000e0b00000, 0x00000000e0c00000, 0x00000000e0c00000|100%| O|  |TAMS 0x00000000e0c00000, 0x00000000e0b00000| Untracked 
|  12|0x00000000e0c00000, 0x00000000e0d00000, 0x00000000e0d00000|100%| O|  |TAMS 0x00000000e0d00000, 0x00000000e0c00000| Untracked 
|  13|0x00000000e0d00000, 0x00000000e0e00000, 0x00000000e0e00000|100%| O|  |TAMS 0x00000000e0e00000, 0x00000000e0d00000| Updating 
|  14|0x00000000e0e00000, 0x00000000e0f00000, 0x00000000e0f00000|100%| O|  |TAMS 0x00000000e0f00000, 0x00000000e0e00000| Updating 
|  15|0x00000000e0f00000, 0x00000000e1000000, 0x00000000e1000000|100%| O|  |TAMS 0x00000000e1000000, 0x00000000e0f00000| Untracked 
|  16|0x00000000e1000000, 0x00000000e1100000, 0x00000000e1100000|100%| O|  |TAMS 0x00000000e1100000, 0x00000000e1000000| Untracked 
|  17|0x00000000e1100000, 0x00000000e1200000, 0x00000000e1200000|100%| O|  |TAMS 0x00000000e1200000, 0x00000000e1100000| Updating 
|  18|0x00000000e1200000, 0x00000000e1300000, 0x00000000e1300000|100%| O|  |TAMS 0x00000000e1300000, 0x00000000e1200000| Updating 
|  19|0x00000000e1300000, 0x00000000e1400000, 0x00000000e1400000|100%| O|  |TAMS 0x00000000e1400000, 0x00000000e1300000| Updating 
|  20|0x00000000e1400000, 0x00000000e1500000, 0x00000000e1500000|100%| O|  |TAMS 0x00000000e1500000, 0x00000000e1400000| Updating 
|  21|0x00000000e1500000, 0x00000000e1600000, 0x00000000e1600000|100%| O|  |TAMS 0x00000000e1600000, 0x00000000e1500000| Updating 
|  22|0x00000000e1600000, 0x00000000e1700000, 0x00000000e1700000|100%| O|  |TAMS 0x00000000e1700000, 0x00000000e1600000| Untracked 
|  23|0x00000000e1700000, 0x00000000e1800000, 0x00000000e1800000|100%| O|  |TAMS 0x00000000e1800000, 0x00000000e1700000| Untracked 
|  24|0x00000000e1800000, 0x00000000e1900000, 0x00000000e1900000|100%| O|  |TAMS 0x00000000e1900000, 0x00000000e1800000| Untracked 
|  25|0x00000000e1900000, 0x00000000e1a00000, 0x00000000e1a00000|100%| O|  |TAMS 0x00000000e1a00000, 0x00000000e1900000| Untracked 
|  26|0x00000000e1a00000, 0x00000000e1b00000, 0x00000000e1b00000|100%| O|  |TAMS 0x00000000e1b00000, 0x00000000e1a00000| Untracked 
|  27|0x00000000e1b00000, 0x00000000e1c00000, 0x00000000e1c00000|100%| O|  |TAMS 0x00000000e1c00000, 0x00000000e1b00000| Untracked 
|  28|0x00000000e1c00000, 0x00000000e1d00000, 0x00000000e1d00000|100%| O|  |TAMS 0x00000000e1d00000, 0x00000000e1c00000| Untracked 
|  29|0x00000000e1d00000, 0x00000000e1e00000, 0x00000000e1e00000|100%| O|  |TAMS 0x00000000e1e00000, 0x00000000e1d00000| Updating 
|  30|0x00000000e1e00000, 0x00000000e1f00000, 0x00000000e1f00000|100%| O|  |TAMS 0x00000000e1f00000, 0x00000000e1e00000| Untracked 
|  31|0x00000000e1f00000, 0x00000000e2000000, 0x00000000e2000000|100%| O|  |TAMS 0x00000000e2000000, 0x00000000e1f00000| Untracked 
|  32|0x00000000e2000000, 0x00000000e2000000, 0x00000000e2100000|  0%| F|  |TAMS 0x00000000e2000000, 0x00000000e2000000| Untracked 
|  33|0x00000000e2100000, 0x00000000e2200000, 0x00000000e2200000|100%| O|  |TAMS 0x00000000e2200000, 0x00000000e2100000| Updating 
|  34|0x00000000e2200000, 0x00000000e2300000, 0x00000000e2300000|100%| O|  |TAMS 0x00000000e2300000, 0x00000000e2200000| Untracked 
|  35|0x00000000e2300000, 0x00000000e2400000, 0x00000000e2400000|100%| O|  |TAMS 0x00000000e2400000, 0x00000000e2300000| Untracked 
|  36|0x00000000e2400000, 0x00000000e2500000, 0x00000000e2500000|100%| O|  |TAMS 0x00000000e2500000, 0x00000000e2400000| Updating 
|  37|0x00000000e2500000, 0x00000000e2600000, 0x00000000e2600000|100%| O|  |TAMS 0x00000000e2600000, 0x00000000e2500000| Updating 
|  38|0x00000000e2600000, 0x00000000e2700000, 0x00000000e2700000|100%| O|  |TAMS 0x00000000e2700000, 0x00000000e2600000| Untracked 
|  39|0x00000000e2700000, 0x00000000e2800000, 0x00000000e2800000|100%| O|  |TAMS 0x00000000e2800000, 0x00000000e2700000| Untracked 
|  40|0x00000000e2800000, 0x00000000e2900000, 0x00000000e2900000|100%| O|  |TAMS 0x00000000e2900000, 0x00000000e2800000| Untracked 
|  41|0x00000000e2900000, 0x00000000e2a00000, 0x00000000e2a00000|100%| O|  |TAMS 0x00000000e2a00000, 0x00000000e2900000| Untracked 
|  42|0x00000000e2a00000, 0x00000000e2b00000, 0x00000000e2b00000|100%| O|  |TAMS 0x00000000e2b00000, 0x00000000e2a00000| Untracked 
|  43|0x00000000e2b00000, 0x00000000e2c00000, 0x00000000e2c00000|100%| O|  |TAMS 0x00000000e2c00000, 0x00000000e2b00000| Updating 
|  44|0x00000000e2c00000, 0x00000000e2c00000, 0x00000000e2d00000|  0%| F|  |TAMS 0x00000000e2c00000, 0x00000000e2c00000| Untracked 
|  45|0x00000000e2d00000, 0x00000000e2e00000, 0x00000000e2e00000|100%| O|  |TAMS 0x00000000e2e00000, 0x00000000e2d00000| Untracked 
|  46|0x00000000e2e00000, 0x00000000e2f00000, 0x00000000e2f00000|100%| O|  |TAMS 0x00000000e2f00000, 0x00000000e2e00000| Untracked 
|  47|0x00000000e2f00000, 0x00000000e3000000, 0x00000000e3000000|100%| O|  |TAMS 0x00000000e3000000, 0x00000000e2f00000| Untracked 
|  48|0x00000000e3000000, 0x00000000e3100000, 0x00000000e3100000|100%| O|  |TAMS 0x00000000e3100000, 0x00000000e3000000| Untracked 
|  49|0x00000000e3100000, 0x00000000e3200000, 0x00000000e3200000|100%| O|  |TAMS 0x00000000e3200000, 0x00000000e3100000| Untracked 
|  50|0x00000000e3200000, 0x00000000e3300000, 0x00000000e3300000|100%| O|  |TAMS 0x00000000e3300000, 0x00000000e3200000| Updating 
|  51|0x00000000e3300000, 0x00000000e3400000, 0x00000000e3400000|100%| O|  |TAMS 0x00000000e3400000, 0x00000000e3300000| Untracked 
|  52|0x00000000e3400000, 0x00000000e3500000, 0x00000000e3500000|100%| O|  |TAMS 0x00000000e3500000, 0x00000000e3400000| Untracked 
|  53|0x00000000e3500000, 0x00000000e3600000, 0x00000000e3600000|100%| O|  |TAMS 0x00000000e3600000, 0x00000000e3500000| Untracked 
|  54|0x00000000e3600000, 0x00000000e3700000, 0x00000000e3700000|100%| O|  |TAMS 0x00000000e3700000, 0x00000000e3600000| Untracked 
|  55|0x00000000e3700000, 0x00000000e3800000, 0x00000000e3800000|100%| O|  |TAMS 0x00000000e3800000, 0x00000000e3700000| Updating 
|  56|0x00000000e3800000, 0x00000000e3900000, 0x00000000e3900000|100%| O|  |TAMS 0x00000000e3900000, 0x00000000e3800000| Updating 
|  57|0x00000000e3900000, 0x00000000e3a00000, 0x00000000e3a00000|100%| O|  |TAMS 0x00000000e3a00000, 0x00000000e3900000| Untracked 
|  58|0x00000000e3a00000, 0x00000000e3b00000, 0x00000000e3b00000|100%| O|  |TAMS 0x00000000e3b00000, 0x00000000e3a00000| Untracked 
|  59|0x00000000e3b00000, 0x00000000e3c00000, 0x00000000e3c00000|100%| O|  |TAMS 0x00000000e3c00000, 0x00000000e3b00000| Untracked 
|  60|0x00000000e3c00000, 0x00000000e3d00000, 0x00000000e3d00000|100%| O|  |TAMS 0x00000000e3d00000, 0x00000000e3c00000| Untracked 
|  61|0x00000000e3d00000, 0x00000000e3e00000, 0x00000000e3e00000|100%| O|  |TAMS 0x00000000e3e00000, 0x00000000e3d00000| Untracked 
|  62|0x00000000e3e00000, 0x00000000e3f00000, 0x00000000e3f00000|100%| O|  |TAMS 0x00000000e3f00000, 0x00000000e3e00000| Updating 
|  63|0x00000000e3f00000, 0x00000000e4000000, 0x00000000e4000000|100%| O|  |TAMS 0x00000000e4000000, 0x00000000e3f00000| Untracked 
|  64|0x00000000e4000000, 0x00000000e4100000, 0x00000000e4100000|100%| O|  |TAMS 0x00000000e4100000, 0x00000000e4000000| Untracked 
|  65|0x00000000e4100000, 0x00000000e4200000, 0x00000000e4200000|100%| O|  |TAMS 0x00000000e4200000, 0x00000000e4100000| Untracked 
|  66|0x00000000e4200000, 0x00000000e4300000, 0x00000000e4300000|100%| O|  |TAMS 0x00000000e4300000, 0x00000000e4200000| Untracked 
|  67|0x00000000e4300000, 0x00000000e4400000, 0x00000000e4400000|100%| O|  |TAMS 0x00000000e4400000, 0x00000000e4300000| Untracked 
|  68|0x00000000e4400000, 0x00000000e4500000, 0x00000000e4500000|100%| O|  |TAMS 0x00000000e4500000, 0x00000000e4400000| Untracked 
|  69|0x00000000e4500000, 0x00000000e4600000, 0x00000000e4600000|100%| O|  |TAMS 0x00000000e4600000, 0x00000000e4500000| Untracked 
|  70|0x00000000e4600000, 0x00000000e460d000, 0x00000000e4700000|  5%| O|  |TAMS 0x00000000e460d000, 0x00000000e4600000| Updating 
|  71|0x00000000e4700000, 0x00000000e4700000, 0x00000000e4800000|  0%| F|  |TAMS 0x00000000e4700000, 0x00000000e4700000| Untracked 
|  72|0x00000000e4800000, 0x00000000e4800000, 0x00000000e4900000|  0%| F|  |TAMS 0x00000000e4800000, 0x00000000e4800000| Untracked 
|  73|0x00000000e4900000, 0x00000000e4900000, 0x00000000e4a00000|  0%| F|  |TAMS 0x00000000e4900000, 0x00000000e4900000| Untracked 
|  74|0x00000000e4a00000, 0x00000000e4a00000, 0x00000000e4b00000|  0%| F|  |TAMS 0x00000000e4a00000, 0x00000000e4a00000| Untracked 
|  75|0x00000000e4b00000, 0x00000000e4b00000, 0x00000000e4c00000|  0%| F|  |TAMS 0x00000000e4b00000, 0x00000000e4b00000| Untracked 
|  76|0x00000000e4c00000, 0x00000000e4c00000, 0x00000000e4d00000|  0%| F|  |TAMS 0x00000000e4c00000, 0x00000000e4c00000| Untracked 
|  77|0x00000000e4d00000, 0x00000000e4d00000, 0x00000000e4e00000|  0%| F|  |TAMS 0x00000000e4d00000, 0x00000000e4d00000| Untracked 
|  78|0x00000000e4e00000, 0x00000000e4e00000, 0x00000000e4f00000|  0%| F|  |TAMS 0x00000000e4e00000, 0x00000000e4e00000| Untracked 
|  79|0x00000000e4f00000, 0x00000000e4f00000, 0x00000000e5000000|  0%| F|  |TAMS 0x00000000e4f00000, 0x00000000e4f00000| Untracked 
|  80|0x00000000e5000000, 0x00000000e5000000, 0x00000000e5100000|  0%| F|  |TAMS 0x00000000e5000000, 0x00000000e5000000| Untracked 
|  81|0x00000000e5100000, 0x00000000e5100000, 0x00000000e5200000|  0%| F|  |TAMS 0x00000000e5100000, 0x00000000e5100000| Untracked 
|  82|0x00000000e5200000, 0x00000000e5200000, 0x00000000e5300000|  0%| F|  |TAMS 0x00000000e5200000, 0x00000000e5200000| Untracked 
|  83|0x00000000e5300000, 0x00000000e5300000, 0x00000000e5400000|  0%| F|  |TAMS 0x00000000e5300000, 0x00000000e5300000| Untracked 
|  84|0x00000000e5400000, 0x00000000e5400000, 0x00000000e5500000|  0%| F|  |TAMS 0x00000000e5400000, 0x00000000e5400000| Untracked 
|  85|0x00000000e5500000, 0x00000000e5500000, 0x00000000e5600000|  0%| F|  |TAMS 0x00000000e5500000, 0x00000000e5500000| Untracked 
|  86|0x00000000e5600000, 0x00000000e5600000, 0x00000000e5700000|  0%| F|  |TAMS 0x00000000e5600000, 0x00000000e5600000| Untracked 
|  87|0x00000000e5700000, 0x00000000e5700000, 0x00000000e5800000|  0%| F|  |TAMS 0x00000000e5700000, 0x00000000e5700000| Untracked 
|  88|0x00000000e5800000, 0x00000000e5800000, 0x00000000e5900000|  0%| F|  |TAMS 0x00000000e5800000, 0x00000000e5800000| Untracked 
|  89|0x00000000e5900000, 0x00000000e596f230, 0x00000000e5a00000| 43%| S|CS|TAMS 0x00000000e5900000, 0x00000000e5900000| Complete 
|  90|0x00000000e5a00000, 0x00000000e5a00000, 0x00000000e5b00000|  0%| F|  |TAMS 0x00000000e5a00000, 0x00000000e5a00000| Untracked 
|  91|0x00000000e5b00000, 0x00000000e5b00000, 0x00000000e5c00000|  0%| F|  |TAMS 0x00000000e5b00000, 0x00000000e5b00000| Untracked 
|  92|0x00000000e5c00000, 0x00000000e5c00000, 0x00000000e5d00000|  0%| F|  |TAMS 0x00000000e5c00000, 0x00000000e5c00000| Untracked 
|  93|0x00000000e5d00000, 0x00000000e5d00000, 0x00000000e5e00000|  0%| F|  |TAMS 0x00000000e5d00000, 0x00000000e5d00000| Untracked 
|  94|0x00000000e5e00000, 0x00000000e5e00000, 0x00000000e5f00000|  0%| F|  |TAMS 0x00000000e5e00000, 0x00000000e5e00000| Untracked 
|  95|0x00000000e5f00000, 0x00000000e5f00000, 0x00000000e6000000|  0%| F|  |TAMS 0x00000000e5f00000, 0x00000000e5f00000| Untracked 
|  96|0x00000000e6000000, 0x00000000e6000000, 0x00000000e6100000|  0%| F|  |TAMS 0x00000000e6000000, 0x00000000e6000000| Untracked 
|  97|0x00000000e6100000, 0x00000000e6100000, 0x00000000e6200000|  0%| F|  |TAMS 0x00000000e6100000, 0x00000000e6100000| Untracked 
|  98|0x00000000e6200000, 0x00000000e6200000, 0x00000000e6300000|  0%| F|  |TAMS 0x00000000e6200000, 0x00000000e6200000| Untracked 
|  99|0x00000000e6300000, 0x00000000e6300000, 0x00000000e6400000|  0%| F|  |TAMS 0x00000000e6300000, 0x00000000e6300000| Untracked 
| 100|0x00000000e6400000, 0x00000000e6400000, 0x00000000e6500000|  0%| F|  |TAMS 0x00000000e6400000, 0x00000000e6400000| Untracked 
| 101|0x00000000e6500000, 0x00000000e6500000, 0x00000000e6600000|  0%| F|  |TAMS 0x00000000e6500000, 0x00000000e6500000| Untracked 
| 102|0x00000000e6600000, 0x00000000e6600000, 0x00000000e6700000|  0%| F|  |TAMS 0x00000000e6600000, 0x00000000e6600000| Untracked 
| 103|0x00000000e6700000, 0x00000000e6700000, 0x00000000e6800000|  0%| F|  |TAMS 0x00000000e6700000, 0x00000000e6700000| Untracked 
| 104|0x00000000e6800000, 0x00000000e6800000, 0x00000000e6900000|  0%| F|  |TAMS 0x00000000e6800000, 0x00000000e6800000| Untracked 
| 105|0x00000000e6900000, 0x00000000e6900000, 0x00000000e6a00000|  0%| F|  |TAMS 0x00000000e6900000, 0x00000000e6900000| Untracked 
| 106|0x00000000e6a00000, 0x00000000e6a00000, 0x00000000e6b00000|  0%| F|  |TAMS 0x00000000e6a00000, 0x00000000e6a00000| Untracked 
| 107|0x00000000e6b00000, 0x00000000e6b00000, 0x00000000e6c00000|  0%| F|  |TAMS 0x00000000e6b00000, 0x00000000e6b00000| Untracked 
| 108|0x00000000e6c00000, 0x00000000e6c00000, 0x00000000e6d00000|  0%| F|  |TAMS 0x00000000e6c00000, 0x00000000e6c00000| Untracked 
| 109|0x00000000e6d00000, 0x00000000e6d00000, 0x00000000e6e00000|  0%| F|  |TAMS 0x00000000e6d00000, 0x00000000e6d00000| Untracked 
| 110|0x00000000e6e00000, 0x00000000e6e00000, 0x00000000e6f00000|  0%| F|  |TAMS 0x00000000e6e00000, 0x00000000e6e00000| Untracked 
| 111|0x00000000e6f00000, 0x00000000e6f00000, 0x00000000e7000000|  0%| F|  |TAMS 0x00000000e6f00000, 0x00000000e6f00000| Untracked 
| 112|0x00000000e7000000, 0x00000000e7000000, 0x00000000e7100000|  0%| F|  |TAMS 0x00000000e7000000, 0x00000000e7000000| Untracked 
| 113|0x00000000e7100000, 0x00000000e7100000, 0x00000000e7200000|  0%| F|  |TAMS 0x00000000e7100000, 0x00000000e7100000| Untracked 
| 114|0x00000000e7200000, 0x00000000e7200000, 0x00000000e7300000|  0%| F|  |TAMS 0x00000000e7200000, 0x00000000e7200000| Untracked 
| 115|0x00000000e7300000, 0x00000000e7300000, 0x00000000e7400000|  0%| F|  |TAMS 0x00000000e7300000, 0x00000000e7300000| Untracked 
| 116|0x00000000e7400000, 0x00000000e7400000, 0x00000000e7500000|  0%| F|  |TAMS 0x00000000e7400000, 0x00000000e7400000| Untracked 
| 117|0x00000000e7500000, 0x00000000e7500000, 0x00000000e7600000|  0%| F|  |TAMS 0x00000000e7500000, 0x00000000e7500000| Untracked 
| 118|0x00000000e7600000, 0x00000000e7600000, 0x00000000e7700000|  0%| F|  |TAMS 0x00000000e7600000, 0x00000000e7600000| Untracked 
| 119|0x00000000e7700000, 0x00000000e77aa8f8, 0x00000000e7800000| 66%| E|  |TAMS 0x00000000e7700000, 0x00000000e7700000| Complete 
| 120|0x00000000e7800000, 0x00000000e7900000, 0x00000000e7900000|100%| E|CS|TAMS 0x00000000e7800000, 0x00000000e7800000| Complete 
| 121|0x00000000e7900000, 0x00000000e7a00000, 0x00000000e7a00000|100%| E|CS|TAMS 0x00000000e7900000, 0x00000000e7900000| Complete 
| 122|0x00000000e7a00000, 0x00000000e7b00000, 0x00000000e7b00000|100%| E|CS|TAMS 0x00000000e7a00000, 0x00000000e7a00000| Complete 
| 123|0x00000000e7b00000, 0x00000000e7c00000, 0x00000000e7c00000|100%| E|CS|TAMS 0x00000000e7b00000, 0x00000000e7b00000| Complete 
| 124|0x00000000e7c00000, 0x00000000e7d00000, 0x00000000e7d00000|100%| E|CS|TAMS 0x00000000e7c00000, 0x00000000e7c00000| Complete 
| 125|0x00000000e7d00000, 0x00000000e7e00000, 0x00000000e7e00000|100%| E|CS|TAMS 0x00000000e7d00000, 0x00000000e7d00000| Complete 
| 126|0x00000000e7e00000, 0x00000000e7f00000, 0x00000000e7f00000|100%| E|CS|TAMS 0x00000000e7e00000, 0x00000000e7e00000| Complete 
| 127|0x00000000e7f00000, 0x00000000e8000000, 0x00000000e8000000|100%| E|CS|TAMS 0x00000000e7f00000, 0x00000000e7f00000| Complete 
| 128|0x00000000e8000000, 0x00000000e8100000, 0x00000000e8100000|100%| E|CS|TAMS 0x00000000e8000000, 0x00000000e8000000| Complete 

Card table byte_map: [0x0000017b62e40000,0x0000017b62f40000] _byte_map_base: 0x0000017b62740000

Marking Bits (Prev, Next): (CMBitMap*) 0x0000017b6312bdd0, (CMBitMap*) 0x0000017b6312be10
 Prev Bits: [0x0000017b6dc80000, 0x0000017b6e480000)
 Next Bits: [0x0000017b6e480000, 0x0000017b6ec80000)

Polling page: 0x0000017b610b0000

Metaspace:

Usage:
  Non-class:    101.67 MB used.
      Class:     16.85 MB used.
       Both:    118.51 MB used.

Virtual space:
  Non-class space:      128.00 MB reserved,     102.12 MB ( 80%) committed,  2 nodes.
      Class space:        1.00 GB reserved,      17.31 MB (  2%) committed,  1 nodes.
             Both:        1.12 GB reserved,     119.44 MB ( 10%) committed. 

Chunk freelists:
   Non-Class:  9.83 MB
       Class:  14.71 MB
        Both:  24.54 MB

MaxMetaspaceSize: unlimited
CompressedClassSpaceSize: 1.00 GB
Initial GC threshold: 21.00 MB
Current GC threshold: 189.19 MB
CDS: on
MetaspaceReclaimPolicy: balanced
 - commit_granule_bytes: 65536.
 - commit_granule_words: 8192.
 - virtual_space_node_default_size: 8388608.
 - enlarge_chunks_in_place: 1.
 - new_chunks_are_fully_committed: 0.
 - uncommit_free_chunks: 1.
 - use_allocation_guard: 0.
 - handle_deallocations: 1.


Internal statistics:

num_allocs_failed_limit: 12.
num_arena_births: 1300.
num_arena_deaths: 70.
num_vsnodes_births: 3.
num_vsnodes_deaths: 0.
num_space_committed: 1911.
num_space_uncommitted: 0.
num_chunks_returned_to_freelist: 121.
num_chunks_taken_from_freelist: 5846.
num_chunk_merges: 35.
num_chunk_splits: 4308.
num_chunks_enlarged: 3426.
num_inconsistent_stats: 0.

CodeCache: size=49152Kb used=17903Kb max_used=18557Kb free=31248Kb
 bounds [0x0000017b6ac80000, 0x0000017b6bea0000, 0x0000017b6dc80000]
 total_blobs=11442 nmethods=10572 adapters=796
 compilation: enabled
              stopped_count=0, restarted_count=0
 full_count=0

Compilation events (20 events):
Event: 49.140 Thread 0x0000017b7122aba0 10762       1       io.micrometer.core.instrument.distribution.DistributionStatisticConfig::access$100 (5 bytes)
Event: 49.141 Thread 0x0000017b7122aba0 nmethod 10762 0x0000017b6bd45910 code [0x0000017b6bd45aa0, 0x0000017b6bd45b58]
Event: 49.141 Thread 0x0000017b7122aba0 10763       1       io.micrometer.core.instrument.distribution.DistributionStatisticConfig::getServiceLevelObjectiveBoundaries (5 bytes)
Event: 49.141 Thread 0x0000017b7122aba0 nmethod 10763 0x0000017b6bd45610 code [0x0000017b6bd457a0, 0x0000017b6bd45878]
Event: 49.141 Thread 0x0000017b7122aba0 10764       1       org.hibernate.LockMode::greaterThan (17 bytes)
Event: 49.141 Thread 0x0000017b7122aba0 nmethod 10764 0x0000017b6bd45210 code [0x0000017b6bd453c0, 0x0000017b6bd454f8]
Event: 49.142 Thread 0x0000017b7122aba0 10765       1       org.springframework.http.MediaType::isCompatibleWith (6 bytes)
Event: 49.142 Thread 0x0000017b7122aba0 nmethod 10765 0x0000017b6bd44f10 code [0x0000017b6bd450a0, 0x0000017b6bd45188]
Event: 49.142 Thread 0x0000017b7122aba0 10766       1       org.springframework.util.MimeType::isCompatibleWith (176 bytes)
Event: 49.143 Thread 0x0000017b7122aba0 nmethod 10766 0x0000017b6bd44010 code [0x0000017b6bd44300, 0x0000017b6bd44a98]
Event: 49.143 Thread 0x0000017b7122aba0 10767       1       org.apache.catalina.connector.ResponseFacade::getStatus (12 bytes)
Event: 49.143 Thread 0x0000017b7122aba0 nmethod 10767 0x0000017b6bd43b90 code [0x0000017b6bd43d40, 0x0000017b6bd43ef8]
Event: 49.143 Thread 0x0000017b7122aba0 10768       1       org.springframework.http.server.ServletServerHttpResponse$ServletResponseHttpHeaders::getFirst (64 bytes)
Event: 49.143 Thread 0x0000017b7122aba0 nmethod 10768 0x0000017b6bd43590 code [0x0000017b6bd43780, 0x0000017b6bd43a08]
Event: 49.144 Thread 0x0000017b7122aba0 10769       1       org.apache.tomcat.util.net.SocketWrapperBase::transfer (46 bytes)
Event: 49.144 Thread 0x0000017b7122aba0 nmethod 10769 0x0000017b6bd43110 code [0x0000017b6bd432c0, 0x0000017b6bd43448]
Event: 49.144 Thread 0x0000017b7122aba0 10770       1       org.apache.coyote.Response::action (23 bytes)
Event: 49.144 Thread 0x0000017b7122aba0 nmethod 10770 0x0000017b6bd42d10 code [0x0000017b6bd42ec0, 0x0000017b6bd43008]
Event: 49.144 Thread 0x0000017b7122aba0 10771       1       tools.jackson.core.base.GeneratorBase::isEnabled (18 bytes)
Event: 49.144 Thread 0x0000017b7122aba0 nmethod 10771 0x0000017b6bd42a10 code [0x0000017b6bd42ba0, 0x0000017b6bd42c98]

GC Heap History (20 events):
Event: 7.163 GC heap before
{Heap before GC invocations=14 (full 0):
 garbage-first heap   total 131072K, used 101871K [0x00000000e0000000, 0x0000000100000000)
  region size 1024K, 55 young (56320K), 3 survivors (3072K)
 Metaspace       used 74116K, committed 74624K, reserved 1114112K
  class space    used 10707K, committed 10944K, reserved 1048576K
}
Event: 7.169 GC heap after
{Heap after GC invocations=15 (full 0):
 garbage-first heap   total 131072K, used 51765K [0x00000000e0000000, 0x0000000100000000)
  region size 1024K, 6 young (6144K), 6 survivors (6144K)
 Metaspace       used 74116K, committed 74624K, reserved 1114112K
  class space    used 10707K, committed 10944K, reserved 1048576K
}
Event: 7.882 GC heap before
{Heap before GC invocations=16 (full 0):
 garbage-first heap   total 131072K, used 102965K [0x00000000e0000000, 0x0000000100000000)
  region size 1024K, 56 young (57344K), 6 survivors (6144K)
 Metaspace       used 84141K, committed 84672K, reserved 1179648K
  class space    used 12226K, committed 12480K, reserved 1048576K
}
Event: 7.888 GC heap after
{Heap after GC invocations=17 (full 0):
 garbage-first heap   total 131072K, used 54464K [0x00000000e0000000, 0x0000000100000000)
  region size 1024K, 3 young (3072K), 3 survivors (3072K)
 Metaspace       used 84141K, committed 84672K, reserved 1179648K
  class space    used 12226K, committed 12480K, reserved 1048576K
}
Event: 8.495 GC heap before
{Heap before GC invocations=17 (full 0):
 garbage-first heap   total 131072K, used 104640K [0x00000000e0000000, 0x0000000100000000)
  region size 1024K, 52 young (53248K), 3 survivors (3072K)
 Metaspace       used 92260K, committed 92928K, reserved 1179648K
  class space    used 13349K, committed 13632K, reserved 1048576K
}
Event: 8.501 GC heap after
{Heap after GC invocations=18 (full 0):
 garbage-first heap   total 131072K, used 57522K [0x00000000e0000000, 0x0000000100000000)
  region size 1024K, 6 young (6144K), 6 survivors (6144K)
 Metaspace       used 92260K, committed 92928K, reserved 1179648K
  class space    used 13349K, committed 13632K, reserved 1048576K
}
Event: 9.141 GC heap before
{Heap before GC invocations=18 (full 0):
 garbage-first heap   total 131072K, used 105650K [0x00000000e0000000, 0x0000000100000000)
  region size 1024K, 53 young (54272K), 6 survivors (6144K)
 Metaspace       used 95890K, committed 96576K, reserved 1179648K
  class space    used 13877K, committed 14208K, reserved 1048576K
}
Event: 9.153 GC heap after
{Heap after GC invocations=19 (full 0):
 garbage-first heap   total 131072K, used 61130K [0x00000000e0000000, 0x0000000100000000)
  region size 1024K, 7 young (7168K), 7 survivors (7168K)
 Metaspace       used 95890K, committed 96576K, reserved 1179648K
  class space    used 13877K, committed 14208K, reserved 1048576K
}
Event: 9.855 GC heap before
{Heap before GC invocations=19 (full 0):
 garbage-first heap   total 131072K, used 107210K [0x00000000e0000000, 0x0000000100000000)
  region size 1024K, 52 young (53248K), 7 survivors (7168K)
 Metaspace       used 100903K, committed 101632K, reserved 1179648K
  class space    used 14632K, committed 14976K, reserved 1048576K
}
Event: 9.865 GC heap after
{Heap after GC invocations=20 (full 0):
 garbage-first heap   total 131072K, used 64792K [0x00000000e0000000, 0x0000000100000000)
  region size 1024K, 7 young (7168K), 7 survivors (7168K)
 Metaspace       used 100903K, committed 101632K, reserved 1179648K
  class space    used 14632K, committed 14976K, reserved 1048576K
}
Event: 10.470 GC heap before
{Heap before GC invocations=20 (full 0):
 garbage-first heap   total 131072K, used 105752K [0x00000000e0000000, 0x0000000100000000)
  region size 1024K, 48 young (49152K), 7 survivors (7168K)
 Metaspace       used 106949K, committed 107712K, reserved 1179648K
  class space    used 15428K, committed 15808K, reserved 1048576K
}
Event: 10.479 GC heap after
{Heap after GC invocations=21 (full 0):
 garbage-first heap   total 131072K, used 68368K [0x00000000e0000000, 0x0000000100000000)
  region size 1024K, 5 young (5120K), 5 survivors (5120K)
 Metaspace       used 106949K, committed 107712K, reserved 1179648K
  class space    used 15428K, committed 15808K, reserved 1048576K
}
Event: 10.875 GC heap before
{Heap before GC invocations=21 (full 0):
 garbage-first heap   total 131072K, used 105232K [0x00000000e0000000, 0x0000000100000000)
  region size 1024K, 42 young (43008K), 5 survivors (5120K)
 Metaspace       used 114493K, committed 115264K, reserved 1179648K
  class space    used 16018K, committed 16384K, reserved 1048576K
}
Event: 10.881 GC heap after
{Heap after GC invocations=22 (full 0):
 garbage-first heap   total 131072K, used 69898K [0x00000000e0000000, 0x0000000100000000)
  region size 1024K, 2 young (2048K), 2 survivors (2048K)
 Metaspace       used 114493K, committed 115264K, reserved 1179648K
  class space    used 16018K, committed 16384K, reserved 1048576K
}
Event: 22.352 GC heap before
{Heap before GC invocations=23 (full 0):
 garbage-first heap   total 132096K, used 106762K [0x00000000e0000000, 0x0000000100000000)
  region size 1024K, 39 young (39936K), 2 survivors (2048K)
 Metaspace       used 120817K, committed 121600K, reserved 1179648K
  class space    used 17180K, committed 17536K, reserved 1048576K
}
Event: 22.359 GC heap after
{Heap after GC invocations=24 (full 0):
 garbage-first heap   total 132096K, used 71159K [0x00000000e0000000, 0x0000000100000000)
  region size 1024K, 4 young (4096K), 4 survivors (4096K)
 Metaspace       used 120817K, committed 121600K, reserved 1179648K
  class space    used 17180K, committed 17536K, reserved 1048576K
}
Event: 22.412 GC heap before
{Heap before GC invocations=24 (full 0):
 garbage-first heap   total 132096K, used 73207K [0x00000000e0000000, 0x0000000100000000)
  region size 1024K, 6 young (6144K), 4 survivors (4096K)
 Metaspace       used 121213K, committed 121984K, reserved 1179648K
  class space    used 17235K, committed 17600K, reserved 1048576K
}
Event: 22.418 GC heap after
{Heap after GC invocations=25 (full 0):
 garbage-first heap   total 132096K, used 70270K [0x00000000e0000000, 0x0000000100000000)
  region size 1024K, 1 young (1024K), 1 survivors (1024K)
 Metaspace       used 121213K, committed 121984K, reserved 1179648K
  class space    used 17235K, committed 17600K, reserved 1048576K
}
Event: 49.048 GC heap before
{Heap before GC invocations=25 (full 0):
 garbage-first heap   total 132096K, used 109182K [0x00000000e0000000, 0x0000000100000000)
  region size 1024K, 39 young (39936K), 1 survivors (1024K)
 Metaspace       used 121437K, committed 122304K, reserved 1179648K
  class space    used 17269K, committed 17728K, reserved 1048576K
}
Event: 49.051 GC heap after
{Heap after GC invocations=26 (full 0):
 garbage-first heap   total 132096K, used 70128K [0x00000000e0000000, 0x0000000100000000)
  region size 1024K, 1 young (1024K), 1 survivors (1024K)
 Metaspace       used 121437K, committed 122304K, reserved 1179648K
  class space    used 17269K, committed 17728K, reserved 1048576K
}

Dll operation events (13 events):
Event: 0.013 Loaded shared library C:\Users\GNEX_DIGITAL\.jdks\ms-17.0.19\bin\java.dll
Event: 0.038 Loaded shared library C:\Users\GNEX_DIGITAL\.jdks\ms-17.0.19\bin\jsvml.dll
Event: 0.174 Loaded shared library C:\Users\GNEX_DIGITAL\.jdks\ms-17.0.19\bin\zip.dll
Event: 0.176 Loaded shared library C:\Users\GNEX_DIGITAL\.jdks\ms-17.0.19\bin\instrument.dll
Event: 0.181 Loaded shared library C:\Users\GNEX_DIGITAL\.jdks\ms-17.0.19\bin\net.dll
Event: 0.182 Loaded shared library C:\Users\GNEX_DIGITAL\.jdks\ms-17.0.19\bin\nio.dll
Event: 0.184 Loaded shared library C:\Users\GNEX_DIGITAL\.jdks\ms-17.0.19\bin\zip.dll
Event: 0.320 Loaded shared library C:\Users\GNEX_DIGITAL\.jdks\ms-17.0.19\bin\extnet.dll
Event: 0.345 Loaded shared library C:\Users\GNEX_DIGITAL\.jdks\ms-17.0.19\bin\jimage.dll
Event: 0.790 Loaded shared library C:\Users\GNEX_DIGITAL\.jdks\ms-17.0.19\bin\management.dll
Event: 0.792 Loaded shared library C:\Users\GNEX_DIGITAL\.jdks\ms-17.0.19\bin\management_ext.dll
Event: 3.319 Loaded shared library C:\Users\GNEX_DIGITAL\.jdks\ms-17.0.19\bin\sunmscapi.dll
Event: 5.298 Loaded shared library C:\Users\GNEX_DIGITAL\.jdks\ms-17.0.19\bin\verify.dll

Deoptimization events (14 events):
Event: 1.888 Thread 0x0000017b76270020 DEOPT PACKING pc=0x0000017b6b078c9c sp=0x0000004f22dfd420
Event: 1.888 Thread 0x0000017b76270020 DEOPT UNPACKING pc=0x0000017b6acdace3 sp=0x0000004f22dfc8e8 mode 0
Event: 6.160 Thread 0x0000017b76270020 DEOPT PACKING pc=0x0000017b6b0d6401 sp=0x0000004f22dfdcf0
Event: 6.160 Thread 0x0000017b76270020 DEOPT UNPACKING pc=0x0000017b6acdace3 sp=0x0000004f22dfd180 mode 3
Event: 6.160 Thread 0x0000017b775ce5b0 DEOPT PACKING pc=0x0000017b6b0d5b17 sp=0x0000004f232fed90
Event: 6.160 Thread 0x0000017b775ce5b0 DEOPT UNPACKING pc=0x0000017b6acdace3 sp=0x0000004f232fe1e8 mode 3
Event: 7.861 Thread 0x0000017b76270020 DEOPT PACKING pc=0x0000017b6b964d74 sp=0x0000004f22dfbf90
Event: 7.861 Thread 0x0000017b76270020 DEOPT UNPACKING pc=0x0000017b6acdace3 sp=0x0000004f22dfb428 mode 0
Event: 9.991 Thread 0x0000017b76270020 DEOPT PACKING pc=0x0000017b6b1c9922 sp=0x0000004f22df9b90
Event: 9.991 Thread 0x0000017b76270020 DEOPT UNPACKING pc=0x0000017b6acdace3 sp=0x0000004f22df9098 mode 3
Event: 10.531 Thread 0x0000017b76bd3300 DEOPT PACKING pc=0x0000017b6b6a4c2f sp=0x0000004f26bff3f0
Event: 10.531 Thread 0x0000017b76bd3300 DEOPT UNPACKING pc=0x0000017b6acdace3 sp=0x0000004f26bfe858 mode 3
Event: 10.832 Thread 0x0000017b76bd3300 DEOPT PACKING pc=0x0000017b6b907a94 sp=0x0000004f26bfe2f0
Event: 10.832 Thread 0x0000017b76bd3300 DEOPT UNPACKING pc=0x0000017b6acdace3 sp=0x0000004f26bfd778 mode 0

Classes loaded (20 events):
Event: 22.431 Loading class sun/nio/cs/ISO_8859_1$Encoder
Event: 22.432 Loading class sun/nio/cs/ISO_8859_1$Encoder done
Event: 22.432 Loading class sun/nio/cs/Surrogate$Parser
Event: 22.432 Loading class sun/nio/cs/Surrogate$Parser done
Event: 22.432 Loading class sun/nio/cs/Surrogate
Event: 22.432 Loading class sun/nio/cs/Surrogate done
Event: 22.432 Loading class java/nio/StringCharBuffer
Event: 22.433 Loading class java/nio/StringCharBuffer done
Event: 22.436 Loading class java/util/ArrayDeque$DescendingIterator
Event: 22.436 Loading class java/util/ArrayDeque$DescendingIterator done
Event: 39.856 Loading class sun/net/www/http/KeepAliveStream
Event: 39.857 Loading class sun/net/www/MeteredStream
Event: 39.857 Loading class sun/net/www/MeteredStream done
Event: 39.859 Loading class sun/net/www/http/KeepAliveStream done
Event: 39.859 Loading class sun/net/www/http/KeepAliveStreamCleaner
Event: 39.859 Loading class sun/net/www/http/KeepAliveStreamCleaner done
Event: 39.860 Loading class sun/net/www/http/KeepAliveStreamCleaner$1
Event: 39.861 Loading class sun/net/www/http/KeepAliveStreamCleaner$1 done
Event: 39.861 Loading class sun/net/www/http/KeepAliveStreamCleaner$2
Event: 39.861 Loading class sun/net/www/http/KeepAliveStreamCleaner$2 done

Classes unloaded (20 events):
Event: 49.247 Thread 0x0000017b71207e10 Unloading class 0x0000017b02055400 'java/lang/invoke/LambdaForm$MH+0x0000017b02055400'
Event: 49.247 Thread 0x0000017b71207e10 Unloading class 0x0000017b02054c00 'java/lang/invoke/LambdaForm$MH+0x0000017b02054c00'
Event: 49.247 Thread 0x0000017b71207e10 Unloading class 0x0000017b02054400 'java/lang/invoke/LambdaForm$MH+0x0000017b02054400'
Event: 49.247 Thread 0x0000017b71207e10 Unloading class 0x0000017b02054000 'java/lang/invoke/LambdaForm$MH+0x0000017b02054000'
Event: 49.247 Thread 0x0000017b71207e10 Unloading class 0x0000017b02053800 'java/lang/invoke/LambdaForm$MH+0x0000017b02053800'
Event: 49.247 Thread 0x0000017b71207e10 Unloading class 0x0000017b02053400 'java/lang/invoke/LambdaForm$MH+0x0000017b02053400'
Event: 49.247 Thread 0x0000017b71207e10 Unloading class 0x0000017b02052c00 'java/lang/invoke/LambdaForm$MH+0x0000017b02052c00'
Event: 49.247 Thread 0x0000017b71207e10 Unloading class 0x0000017b02052800 'java/lang/invoke/LambdaForm$MH+0x0000017b02052800'
Event: 49.247 Thread 0x0000017b71207e10 Unloading class 0x0000017b02052000 'java/lang/invoke/LambdaForm$MH+0x0000017b02052000'
Event: 49.247 Thread 0x0000017b71207e10 Unloading class 0x0000017b02051c00 'java/lang/invoke/LambdaForm$MH+0x0000017b02051c00'
Event: 49.247 Thread 0x0000017b71207e10 Unloading class 0x0000017b02051400 'java/lang/invoke/LambdaForm$MH+0x0000017b02051400'
Event: 49.247 Thread 0x0000017b71207e10 Unloading class 0x0000017b02050c00 'java/lang/invoke/LambdaForm$MH+0x0000017b02050c00'
Event: 49.247 Thread 0x0000017b71207e10 Unloading class 0x0000017b02050800 'java/lang/invoke/LambdaForm$MH+0x0000017b02050800'
Event: 49.247 Thread 0x0000017b71207e10 Unloading class 0x0000017b02050400 'java/lang/invoke/LambdaForm$MH+0x0000017b02050400'
Event: 49.247 Thread 0x0000017b71207e10 Unloading class 0x0000017b02012000 'java/lang/invoke/LambdaForm$DMH+0x0000017b02012000'
Event: 49.247 Thread 0x0000017b71207e10 Unloading class 0x0000017b02011c00 'java/lang/invoke/LambdaForm$DMH+0x0000017b02011c00'
Event: 49.247 Thread 0x0000017b71207e10 Unloading class 0x0000017b02011400 'java/lang/invoke/LambdaForm$DMH+0x0000017b02011400'
Event: 49.247 Thread 0x0000017b71207e10 Unloading class 0x0000017b02011000 'java/lang/invoke/LambdaForm$DMH+0x0000017b02011000'
Event: 49.247 Thread 0x0000017b71207e10 Unloading class 0x0000017b02010800 'java/lang/invoke/LambdaForm$DMH+0x0000017b02010800'
Event: 49.247 Thread 0x0000017b71207e10 Unloading class 0x0000017b02010400 'java/lang/invoke/LambdaForm$DMH+0x0000017b02010400'

Classes redefined (0 events):
No events

Internal exceptions (20 events):
Event: 10.874 Thread 0x0000017b76bd0a80 Exception <a 'java/lang/NoSuchMethodError'{0x00000000e5bdbe08}: 'java.lang.Object java.lang.invoke.DirectMethodHandle$Holder.newInvokeSpecial(java.lang.Object, long, long)'> (0x00000000e5bdbe08) 
thrown [s\src\hotspot\share\interpreter\linkResolver.cpp, line 759]
Event: 10.874 Thread 0x0000017b76bd19b0 Exception <a 'java/lang/NoSuchMethodError'{0x00000000e5be6fc8}: 'java.lang.Object java.lang.invoke.DirectMethodHandle$Holder.newInvokeSpecial(java.lang.Object, long, long)'> (0x00000000e5be6fc8) 
thrown [s\src\hotspot\share\interpreter\linkResolver.cpp, line 759]
Event: 11.009 Thread 0x0000017b76bd0a80 Exception <a 'java/lang/NoSuchMethodError'{0x00000000e80ef7a8}: 'java.lang.Object java.lang.invoke.Invokers$Holder.linkToTargetMethod(java.lang.Object, int, java.lang.Object, java.lang.Object, int, java.lang.Object)'> (0x00000000e80ef7a8) 
thrown [s\src\hotspot\share\interpreter\linkResolver.cpp, line 759]
Event: 13.483 Thread 0x0000017b76bd3300 Exception <a 'java/lang/NoSuchMethodError'{0x00000000e727c8b8}: 'java.lang.Object java.lang.invoke.DirectMethodHandle$Holder.invokeSpecial(java.lang.Object, java.lang.Object, long, java.lang.Object, java.lang.Object)'> (0x00000000e727c8b8) 
thrown [s\src\hotspot\share\interpreter\linkResolver.cpp, line 759]
Event: 14.000 Thread 0x0000017b76bd3300 Exception <a 'java/lang/NoSuchMethodError'{0x00000000e7137240}: 'java.lang.Object java.lang.invoke.DirectMethodHandle$Holder.newInvokeSpecial(java.lang.Object, int, java.lang.Object, java.lang.Object)'> (0x00000000e7137240) 
thrown [s\src\hotspot\share\interpreter\linkResolver.cpp, line 759]
Event: 21.853 Thread 0x0000017b7e19cad0 Exception <a 'java/lang/NoSuchMethodError'{0x00000000e6d4bc30}: 'java.lang.Object java.lang.invoke.DirectMethodHandle$Holder.invokeStatic(java.lang.Object, java.lang.Object, java.lang.Object, int, int)'> (0x00000000e6d4bc30) 
thrown [s\src\hotspot\share\interpreter\linkResolver.cpp, line 759]
Event: 21.853 Thread 0x0000017b7e19cad0 Exception <a 'java/lang/NoSuchMethodError'{0x00000000e6d4f1d0}: 'java.lang.Object java.lang.invoke.DirectMethodHandle$Holder.invokeStaticInit(java.lang.Object, java.lang.Object, java.lang.Object, int, int)'> (0x00000000e6d4f1d0) 
thrown [s\src\hotspot\share\interpreter\linkResolver.cpp, line 759]
Event: 21.888 Thread 0x0000017b7e19bba0 Exception <a 'java/lang/NoSuchMethodError'{0x00000000e6caa270}: 'java.lang.Object java.lang.invoke.DirectMethodHandle$Holder.invokeSpecial(java.lang.Object, java.lang.Object, java.lang.Object, java.lang.Object, java.lang.Object, long)'> (0x00000000e6caa270) 
thrown [s\src\hotspot\share\interpreter\linkResolver.cpp, line 759]
Event: 21.888 Thread 0x0000017b7e19bba0 Exception <a 'java/lang/NoSuchMethodError'{0x00000000e6cadcb0}: 'java.lang.Object java.lang.invoke.Invokers$Holder.linkToTargetMethod(java.lang.Object, java.lang.Object, java.lang.Object, long, java.lang.Object)'> (0x00000000e6cadcb0) 
thrown [s\src\hotspot\share\interpreter\linkResolver.cpp, line 759]
Event: 22.168 Thread 0x0000017b7e19bba0 Exception <a 'java/lang/NoSuchMethodError'{0x00000000e627f438}: 'java.lang.Object java.lang.invoke.DirectMethodHandle$Holder.invokeStatic(java.lang.Object, java.lang.Object, java.lang.Object, java.lang.Object, java.lang.Object, java.lang.Object, java.lang.Object, java.lang.Object, java.lang.Object, java.lang.Object, int)'> (0x00000000e627f438) 
thrown [s\src\hotspot\share\interpreter\linkResolver.cpp, line 759]
Event: 22.169 Thread 0x0000017b7e19bba0 Exception <a 'java/lang/NoSuchMethodError'{0x00000000e628b880}: 'java.lang.Object java.lang.invoke.DirectMethodHandle$Holder.invokeStatic(java.lang.Object, java.lang.Object, java.lang.Object, java.lang.Object, java.lang.Object, java.lang.Object, java.lang.Object, java.lang.Object, java.lang.Object, java.lang.Object, java.lang.Object, int)'> (0x00000000e628b880) 
thrown [s\src\hotspot\share\interpreter\linkResolver.cpp, line 759]
Event: 22.169 Thread 0x0000017b7e19bba0 Exception <a 'java/lang/NoSuchMethodError'{0x00000000e629aef8}: 'java.lang.Object java.lang.invoke.DirectMethodHandle$Holder.invokeStatic(java.lang.Object, java.lang.Object, java.lang.Object, java.lang.Object, java.lang.Object, java.lang.Object, java.lang.Object, java.lang.Object, java.lang.Object, int)'> (0x00000000e629aef8) 
thrown [s\src\hotspot\share\interpreter\linkResolver.cpp, line 759]
Event: 22.204 Thread 0x0000017b7e19bba0 Exception <a 'java/lang/NoSuchMethodError'{0x00000000e604ff40}: 'void java.lang.invoke.DirectMethodHandle$Holder.invokeSpecial(java.lang.Object, java.lang.Object, int, int, java.lang.Object)'> (0x00000000e604ff40) 
thrown [s\src\hotspot\share\interpreter\linkResolver.cpp, line 759]
Event: 22.220 Thread 0x0000017b7e19bba0 Exception <a 'java/lang/NoSuchMethodError'{0x00000000e60e7368}: 'void java.lang.invoke.DirectMethodHandle$Holder.invokeSpecialIFC(java.lang.Object, java.lang.Object, int, java.lang.Object, java.lang.Object, java.lang.Object, java.lang.Object)'> (0x00000000e60e7368) 
thrown [s\src\hotspot\share\interpreter\linkResolver.cpp, line 759]
Event: 22.297 Thread 0x0000017b7e19bba0 Exception <a 'java/lang/IncompatibleClassChangeError'{0x00000000e5d4ba60}: Found class java.lang.Object, but interface was expected> (0x00000000e5d4ba60) 
thrown [s\src\hotspot\share\interpreter\linkResolver.cpp, line 826]
Event: 22.345 Thread 0x0000017b7e19bba0 Exception <a 'java/lang/NoSuchMethodError'{0x00000000e5cc2eb8}: 'java.lang.Object java.lang.invoke.DirectMethodHandle$Holder.newInvokeSpecial(java.lang.Object, java.lang.Object, java.lang.Object, long)'> (0x00000000e5cc2eb8) 
thrown [s\src\hotspot\share\interpreter\linkResolver.cpp, line 759]
Event: 22.345 Thread 0x0000017b7e19bba0 Exception <a 'java/lang/NoSuchMethodError'{0x00000000e5cc71e8}: 'java.lang.Object java.lang.invoke.DirectMethodHandle$Holder.invokeSpecial(java.lang.Object, java.lang.Object, java.lang.Object, java.lang.Object, long)'> (0x00000000e5cc71e8) 
thrown [s\src\hotspot\share\interpreter\linkResolver.cpp, line 759]
Event: 22.345 Thread 0x0000017b7e19bba0 Exception <a 'java/lang/NoSuchMethodError'{0x00000000e5ccaea0}: 'java.lang.Object java.lang.invoke.Invokers$Holder.linkToTargetMethod(java.lang.Object, java.lang.Object, long, java.lang.Object)'> (0x00000000e5ccaea0) 
thrown [s\src\hotspot\share\interpreter\linkResolver.cpp, line 759]
Event: 22.422 Thread 0x0000017b7e19bba0 Exception <a 'java/lang/NoSuchMethodError'{0x00000000e80533b0}: 'java.lang.Object java.lang.invoke.Invokers$Holder.invokeExact_MT(java.lang.Object, java.lang.Object, java.lang.Object)'> (0x00000000e80533b0) 
thrown [s\src\hotspot\share\interpreter\linkResolver.cpp, line 759]
Event: 23.340 Thread 0x0000017b7e19b180 Exception <a 'java/lang/IncompatibleClassChangeError'{0x00000000e7b97e50}: Found class java.lang.Object, but interface was expected> (0x00000000e7b97e50) 
thrown [s\src\hotspot\share\interpreter\linkResolver.cpp, line 826]

VM Operations (20 events):
Event: 37.445 Executing VM operation: Cleanup done
Event: 38.445 Executing VM operation: Cleanup
Event: 38.445 Executing VM operation: Cleanup done
Event: 39.858 Executing VM operation: HandshakeAllThreads
Event: 39.859 Executing VM operation: HandshakeAllThreads done
Event: 39.859 Executing VM operation: Cleanup
Event: 39.859 Executing VM operation: Cleanup done
Event: 39.860 Executing VM operation: HandshakeAllThreads
Event: 39.860 Executing VM operation: HandshakeAllThreads done
Event: 40.860 Executing VM operation: Cleanup
Event: 40.860 Executing VM operation: Cleanup done
Event: 45.917 Executing VM operation: Cleanup
Event: 45.917 Executing VM operation: Cleanup done
Event: 46.929 Executing VM operation: Cleanup
Event: 46.929 Executing VM operation: Cleanup done
Event: 48.937 Executing VM operation: Cleanup
Event: 48.937 Executing VM operation: Cleanup done
Event: 49.048 Executing VM operation: G1CollectForAllocation
Event: 49.051 Executing VM operation: G1CollectForAllocation done
Event: 49.183 Executing VM operation: G1PauseRemark

Memory protections (0 events):
No events

Nmethod flushes (20 events):
Event: 21.982 Thread 0x0000017b7122f9e0 flushing  nmethod 0x0000017b6b9f5310
Event: 21.982 Thread 0x0000017b7122f9e0 flushing  nmethod 0x0000017b6ba7c690
Event: 21.982 Thread 0x0000017b7122f9e0 flushing  nmethod 0x0000017b6bad5210
Event: 21.983 Thread 0x0000017b7122f9e0 flushing  nmethod 0x0000017b6bb32390
Event: 21.983 Thread 0x0000017b7122f9e0 flushing  nmethod 0x0000017b6bb57710
Event: 21.983 Thread 0x0000017b7122f9e0 flushing  nmethod 0x0000017b6bb58310
Event: 21.983 Thread 0x0000017b7122f9e0 flushing  nmethod 0x0000017b6bb60590
Event: 21.983 Thread 0x0000017b7122f9e0 flushing  nmethod 0x0000017b6bbdc110
Event: 21.983 Thread 0x0000017b7122f9e0 flushing  nmethod 0x0000017b6bbdee90
Event: 21.983 Thread 0x0000017b7122f9e0 flushing  nmethod 0x0000017b6bbdf990
Event: 21.983 Thread 0x0000017b7122f9e0 flushing  nmethod 0x0000017b6bbe1810
Event: 21.983 Thread 0x0000017b7122f9e0 flushing  nmethod 0x0000017b6bbe6290
Event: 21.983 Thread 0x0000017b7122f9e0 flushing  nmethod 0x0000017b6bbe9010
Event: 21.983 Thread 0x0000017b7122f9e0 flushing  nmethod 0x0000017b6bbe9990
Event: 21.983 Thread 0x0000017b7122f9e0 flushing  nmethod 0x0000017b6bbea190
Event: 21.983 Thread 0x0000017b7122f9e0 flushing  nmethod 0x0000017b6bbec210
Event: 21.983 Thread 0x0000017b7122f9e0 flushing  nmethod 0x0000017b6bbedc10
Event: 21.983 Thread 0x0000017b7122f9e0 flushing  nmethod 0x0000017b6bbf0510
Event: 21.984 Thread 0x0000017b7122f9e0 flushing  nmethod 0x0000017b6bc90c10
Event: 21.984 Thread 0x0000017b7122f9e0 flushing  nmethod 0x0000017b6bcf6390

Events (20 events):
Event: 10.529 Thread 0x0000017b76270020 Thread added: 0x0000017b7e196590
Event: 10.530 Thread 0x0000017b76270020 Thread added: 0x0000017b76bd3300
Event: 10.539 Thread 0x0000017b76270020 Thread added: 0x0000017b76bd2df0
Event: 10.540 Thread 0x0000017b76270020 Thread added: 0x0000017b76bd0a80
Event: 10.550 Thread 0x0000017b76270020 Thread added: 0x0000017b76bd0570
Event: 10.550 Thread 0x0000017b76270020 Thread added: 0x0000017b76bd19b0
Event: 10.571 Thread 0x0000017b76270020 Thread exited: 0x0000017b76270020
Event: 10.573 Thread 0x0000017b76287400 Thread exited: 0x0000017b76287400
Event: 10.574 Thread 0x0000017b630fee70 Thread exited: 0x0000017b630fee70
Event: 10.574 Thread 0x0000017b76bd0f90 Thread added: 0x0000017b76bd0f90
Event: 11.012 Thread 0x0000017b76bd3300 Thread added: 0x0000017b76bd28e0
Event: 11.012 Thread 0x0000017b76bd19b0 Thread added: 0x0000017b76bd3810
Event: 11.012 Thread 0x0000017b76bd0a80 Thread added: 0x0000017b76bd0060
Event: 12.181 Thread 0x0000017b713dc500 Thread exited: 0x0000017b713dc500
Event: 12.585 Thread 0x0000017b71dfd4d0 Thread exited: 0x0000017b71dfd4d0
Event: 23.343 Thread 0x0000017b7122aba0 Thread added: 0x0000017b76add7f0
Event: 25.853 Thread 0x0000017b76add7f0 Thread exited: 0x0000017b76add7f0
Event: 26.787 Thread 0x0000017b713d7fd0 Thread exited: 0x0000017b713d7fd0
Event: 39.853 Thread 0x0000017b79251860 Thread added: 0x0000017b76bd14a0
Event: 39.853 Thread 0x0000017b7924e5c0 Thread added: 0x0000017b76bd1ec0


Dynamic libraries:
0x00007ff7b0500000 - 0x00007ff7b050e000 	C:\Users\GNEX_DIGITAL\.jdks\ms-17.0.19\bin\java.exe
0x00007fff39f90000 - 0x00007fff3a188000 	C:\Windows\SYSTEM32\ntdll.dll
0x00007fff38170000 - 0x00007fff38232000 	C:\Windows\System32\KERNEL32.DLL
0x00007fff37c10000 - 0x00007fff37f06000 	C:\Windows\System32\KERNELBASE.dll
0x00007fff37930000 - 0x00007fff37a30000 	C:\Windows\System32\ucrtbase.dll
0x00007fff30700000 - 0x00007fff30718000 	C:\Users\GNEX_DIGITAL\.jdks\ms-17.0.19\bin\jli.dll
0x00007fff382e0000 - 0x00007fff38481000 	C:\Windows\System32\USER32.dll
0x00007fff30720000 - 0x00007fff3073e000 	C:\Users\GNEX_DIGITAL\.jdks\ms-17.0.19\bin\VCRUNTIME140.dll
0x00007fff23d70000 - 0x00007fff2400b000 	C:\Windows\WinSxS\amd64_microsoft.windows.common-controls_6595b64144ccf1df_6.0.19041.6456_none_60b8a6cb71f64256\COMCTL32.dll
0x00007fff37bb0000 - 0x00007fff37bd2000 	C:\Windows\System32\win32u.dll
0x00007fff38ea0000 - 0x00007fff38ecb000 	C:\Windows\System32\GDI32.dll
0x00007fff376b0000 - 0x00007fff377c9000 	C:\Windows\System32\gdi32full.dll
0x00007fff38240000 - 0x00007fff382de000 	C:\Windows\System32\msvcrt.dll
0x00007fff37f10000 - 0x00007fff37fad000 	C:\Windows\System32\msvcp_win.dll
0x00007fff398e0000 - 0x00007fff3990f000 	C:\Windows\System32\IMM32.DLL
0x00007fff306f0000 - 0x00007fff306fc000 	C:\Users\GNEX_DIGITAL\.jdks\ms-17.0.19\bin\vcruntime140_1.dll
0x00007fff0a930000 - 0x00007fff0a9b9000 	C:\Users\GNEX_DIGITAL\.jdks\ms-17.0.19\bin\msvcp140.dll
0x00007ffeeaf70000 - 0x00007ffeebbeb000 	C:\Users\GNEX_DIGITAL\.jdks\ms-17.0.19\bin\server\jvm.dll
0x00007fff38790000 - 0x00007fff38841000 	C:\Windows\System32\ADVAPI32.dll
0x00007fff38540000 - 0x00007fff385df000 	C:\Windows\System32\sechost.dll
0x00007fff39e30000 - 0x00007fff39f50000 	C:\Windows\System32\RPCRT4.dll
0x00007fff37be0000 - 0x00007fff37c07000 	C:\Windows\System32\bcrypt.dll
0x00007fff39000000 - 0x00007fff3906b000 	C:\Windows\System32\WS2_32.dll
0x00007fff36e90000 - 0x00007fff36edb000 	C:\Windows\SYSTEM32\POWRPROF.dll
0x00007fff23970000 - 0x00007fff23997000 	C:\Windows\SYSTEM32\WINMM.dll
0x00007fff2db50000 - 0x00007fff2db5a000 	C:\Windows\SYSTEM32\VERSION.dll
0x00007fff36d50000 - 0x00007fff36d62000 	C:\Windows\SYSTEM32\UMPDC.dll
0x00007fff35430000 - 0x00007fff35442000 	C:\Windows\SYSTEM32\kernel.appcore.dll
0x00007fff2c970000 - 0x00007fff2c97a000 	C:\Users\GNEX_DIGITAL\.jdks\ms-17.0.19\bin\jimage.dll
0x00007fff322c0000 - 0x00007fff324c1000 	C:\Windows\SYSTEM32\DBGHELP.DLL
0x00007fff2b600000 - 0x00007fff2b634000 	C:\Windows\SYSTEM32\dbgcore.DLL
0x00007fff37620000 - 0x00007fff376a2000 	C:\Windows\System32\bcryptPrimitives.dll
0x00007fff2c960000 - 0x00007fff2c96f000 	C:\Users\GNEX_DIGITAL\.jdks\ms-17.0.19\bin\instrument.dll
0x00007fff1cb90000 - 0x00007fff1cbb6000 	C:\Users\GNEX_DIGITAL\.jdks\ms-17.0.19\bin\java.dll
0x00007fff05380000 - 0x00007fff05456000 	C:\Users\GNEX_DIGITAL\.jdks\ms-17.0.19\bin\jsvml.dll
0x00007fff39070000 - 0x00007fff397e0000 	C:\Windows\System32\SHELL32.dll
0x00007fff35650000 - 0x00007fff35df5000 	C:\Windows\SYSTEM32\windows.storage.dll
0x00007fff39a40000 - 0x00007fff39d94000 	C:\Windows\System32\combase.dll
0x00007fff36f70000 - 0x00007fff36f9b000 	C:\Windows\SYSTEM32\Wldp.dll
0x00007fff38f30000 - 0x00007fff38ffd000 	C:\Windows\System32\OLEAUT32.dll
0x00007fff38490000 - 0x00007fff3853d000 	C:\Windows\System32\SHCORE.dll
0x00007fff38ed0000 - 0x00007fff38f2b000 	C:\Windows\System32\shlwapi.dll
0x00007fff37550000 - 0x00007fff37574000 	C:\Windows\SYSTEM32\profapi.dll
0x00007fff1a300000 - 0x00007fff1a318000 	C:\Users\GNEX_DIGITAL\.jdks\ms-17.0.19\bin\zip.dll
0x00007fff1cb70000 - 0x00007fff1cb8b000 	C:\Users\GNEX_DIGITAL\.jdks\ms-17.0.19\bin\net.dll
0x00007fff31500000 - 0x00007fff3160a000 	C:\Windows\SYSTEM32\WINHTTP.dll
0x00007fff36ce0000 - 0x00007fff36d4a000 	C:\Windows\system32\mswsock.dll
0x00007fff1cb50000 - 0x00007fff1cb66000 	C:\Users\GNEX_DIGITAL\.jdks\ms-17.0.19\bin\nio.dll
0x00007fff25240000 - 0x00007fff25249000 	C:\Users\GNEX_DIGITAL\.jdks\ms-17.0.19\bin\extnet.dll
0x00007fff24e60000 - 0x00007fff24e6a000 	C:\Users\GNEX_DIGITAL\.jdks\ms-17.0.19\bin\management.dll
0x00007fff24280000 - 0x00007fff2428c000 	C:\Users\GNEX_DIGITAL\.jdks\ms-17.0.19\bin\management_ext.dll
0x00007fff397f0000 - 0x00007fff397f8000 	C:\Windows\System32\PSAPI.DLL
0x00007fff36a20000 - 0x00007fff36aea000 	C:\Windows\SYSTEM32\DNSAPI.dll
0x00007fff369e0000 - 0x00007fff36a1b000 	C:\Windows\SYSTEM32\IPHLPAPI.DLL
0x00007fff397e0000 - 0x00007fff397e8000 	C:\Windows\System32\NSI.dll
0x00007fff2bec0000 - 0x00007fff2beca000 	C:\Windows\System32\rasadhlp.dll
0x00007fff2c0d0000 - 0x00007fff2c150000 	C:\Windows\System32\fwpuclnt.dll
0x00007fff298d0000 - 0x00007fff298e7000 	C:\Windows\SYSTEM32\dhcpcsvc6.DLL
0x00007fff297a0000 - 0x00007fff297bd000 	C:\Windows\SYSTEM32\dhcpcsvc.DLL
0x00007fff2c930000 - 0x00007fff2c93e000 	C:\Users\GNEX_DIGITAL\.jdks\ms-17.0.19\bin\sunmscapi.dll
0x00007fff377d0000 - 0x00007fff3792d000 	C:\Windows\System32\CRYPT32.dll
0x00007fff370c0000 - 0x00007fff370e7000 	C:\Windows\SYSTEM32\ncrypt.dll
0x00007fff37080000 - 0x00007fff370bb000 	C:\Windows\SYSTEM32\NTASN1.dll
0x00007fff36fb0000 - 0x00007fff36fc8000 	C:\Windows\SYSTEM32\CRYPTSP.dll
0x00007fff36620000 - 0x00007fff36658000 	C:\Windows\system32\rsaenh.dll
0x00007fff37510000 - 0x00007fff3753e000 	C:\Windows\SYSTEM32\USERENV.dll
0x00007fff36ee0000 - 0x00007fff36eec000 	C:\Windows\SYSTEM32\CRYPTBASE.dll
0x00007fff32e40000 - 0x00007fff32e50000 	C:\Users\GNEX_DIGITAL\.jdks\ms-17.0.19\bin\verify.dll
0x00007fff1ba30000 - 0x00007fff1ba47000 	C:\Windows\system32\napinsp.dll
0x00007fff1ba10000 - 0x00007fff1ba2b000 	C:\Windows\system32\pnrpnsp.dll
0x00007fff31b50000 - 0x00007fff31b6d000 	C:\Windows\system32\wshbth.dll
0x00007fff314e0000 - 0x00007fff314fd000 	C:\Windows\system32\NLAapi.dll
0x00007fff1b9f0000 - 0x00007fff1ba02000 	C:\Windows\System32\winrnr.dll
0x00007fff29ff0000 - 0x00007fff29ff7000 	C:\Windows\system32\wshunix.dll

dbghelp: loaded successfully - version: 4.0.5 - missing functions: none
symbol engine: initialized successfully - sym options: 0x614 - pdb path: .;C:\Users\GNEX_DIGITAL\.jdks\ms-17.0.19\bin;C:\Windows\SYSTEM32;C:\Windows\WinSxS\amd64_microsoft.windows.common-controls_6595b64144ccf1df_6.0.19041.6456_none_60b8a6cb71f64256;C:\Users\GNEX_DIGITAL\.jdks\ms-17.0.19\bin\server

VM Arguments:
jvm_args: -Xms128m -Xmx512m -XX:TieredStopAtLevel=1 -Dspring.output.ansi.enabled=always -javaagent:D:\IntelliJ IDEA 2026.1.4\lib\idea_rt.jar=57313 -Dfile.encoding=UTF-8 
java_command: com.zosh.SeatServiceApplication
java_class_path (initial): D:\Airline Project\Backend\Microservices\services\seat-service\target\classes;D:\Airline Project\Backend\Microservices\common-lib\target\classes;C:\Users\GNEX_DIGITAL\.m2\repository\org\springframework\boot\spring-boot-starter-validation\4.0.2\spring-boot-starter-validation-4.0.2.jar;C:\Users\GNEX_DIGITAL\.m2\repository\org\springframework\boot\spring-boot-validation\4.0.2\spring-boot-validation-4.0.2.jar;C:\Users\GNEX_DIGITAL\.m2\repository\org\apache\tomcat\embed\tomcat-embed-el\11.0.15\tomcat-embed-el-11.0.15.jar;C:\Users\GNEX_DIGITAL\.m2\repository\org\hibernate\validator\hibernate-validator\9.0.1.Final\hibernate-validator-9.0.1.Final.jar;C:\Users\GNEX_DIGITAL\.m2\repository\org\jboss\logging\jboss-logging\3.6.1.Final\jboss-logging-3.6.1.Final.jar;C:\Users\GNEX_DIGITAL\.m2\repository\com\fasterxml\classmate\1.7.3\classmate-1.7.3.jar;C:\Users\GNEX_DIGITAL\.m2\repository\org\springframework\boot\spring-boot-starter-data-jpa\4.0.2\spring-boot-starter-data-jpa-4.0.2.jar;C:\Users\GNEX_DIGITAL\.m2\repository\org\springframework\boot\spring-boot-starter\4.0.2\spring-boot-starter-4.0.2.jar;C:\Users\GNEX_DIGITAL\.m2\repository\org\springframework\boot\spring-boot-starter-logging\4.0.2\spring-boot-starter-logging-4.0.2.jar;C:\Users\GNEX_DIGITAL\.m2\repository\ch\qos\logback\logback-classic\1.5.25\logback-classic-1.5.25.jar;C:\Users\GNEX_DIGITAL\.m2\repository\ch\qos\logback\logback-core\1.5.25\logback-core-1.5.25.jar;C:\Users\GNEX_DIGITAL\.m2\repository\org\apache\logging\log4j\log4j-to-slf4j\2.25.3\log4j-to-slf4j-2.25.3.jar;C:\Users\GNEX_DIGITAL\.m2\repository\org\slf4j\jul-to-slf4j\2.0.17\jul-to-slf4j-2.0.17.jar;C:\Users\GNEX_DIGITAL\.m2\repository\jakarta\annotation\jakarta.annotation-api\3.0.0\jakarta.annotation-api-3.0.0.jar;C:\Users\GNEX_DIGITAL\.m2\repository\org\yaml\snakeyaml\2.5\snakeyaml-2.5.jar;C:\Users\GNEX_DIGITAL\.m2\repository\org\springframework\boot\spring-boot-starter-jdbc\4.0.2\spring-boot-starter-jdbc-4.0.2.jar;C:\Users\GN
Launcher Type: SUN_STANDARD

[Global flags]
     intx CICompilerCount                          = 3                                         {product} {ergonomic}
     uint ConcGCThreads                            = 1                                         {product} {ergonomic}
     uint G1ConcRefinementThreads                  = 4                                         {product} {ergonomic}
   size_t G1HeapRegionSize                         = 1048576                                   {product} {ergonomic}
    uintx GCDrainStackTargetSize                   = 64                                        {product} {ergonomic}
   size_t InitialHeapSize                          = 134217728                                 {product} {command line}
   size_t MarkStackSize                            = 4194304                                   {product} {ergonomic}
   size_t MaxHeapSize                              = 536870912                                 {product} {command line}
   size_t MaxNewSize                               = 321912832                                 {product} {ergonomic}
   size_t MinHeapDeltaBytes                        = 1048576                                   {product} {ergonomic}
   size_t MinHeapSize                              = 134217728                                 {product} {command line}
    uintx NonProfiledCodeHeapSize                  = 0                                      {pd product} {ergonomic}
     bool ProfileInterpreter                       = false                                  {pd product} {command line}
    uintx ProfiledCodeHeapSize                     = 0                                      {pd product} {ergonomic}
   size_t SoftMaxHeapSize                          = 536870912                              {manageable} {ergonomic}
     intx TieredStopAtLevel                        = 1                                         {product} {command line}
     bool UseCompressedClassPointers               = true                           {product lp64_product} {ergonomic}
     bool UseCompressedOops                        = true                           {product lp64_product} {ergonomic}
     bool UseG1GC                                  = true                                      {product} {ergonomic}
     bool UseLargePagesIndividualAllocation        = false                                  {pd product} {ergonomic}

Logging:
Log output configuration:
 #0: stdout all=warning uptime,level,tags
 #1: stderr all=off uptime,level,tags

Environment Variables:
JAVA_HOME=C:\Program Files\Java\latest\jdk-17
PATH=C:\Python314\Scripts\;C:\Python314\;C:\Program Files\Common Files\Oracle\Java\javapath;C:\Windows\system32;C:\Windows;C:\Windows\System32\Wbem;C:\Windows\System32\WindowsPowerShell\v1.0\;C:\Windows\System32\OpenSSH\;C:\Program Files\Java\latest\jdk-17\bin;C:\Program Files\Maven\apache-maven-3.9.16\bin;D:\Git\cmd;C:\Program Files\nodejs\;C:\ProgramData\chocolatey\bin;;C:\Program Files\Docker\Docker\resources\bin;C:\Users\GNEX_DIGITAL\AppData\Local\Microsoft\WindowsApps;D:\IntelliJ IDEA 2026.1.4\bin;D:\Microsoft VS Code\bin;C:\Users\GNEX_DIGITAL\AppData\Roaming\npm;D:\Antigravity IDE\bin
USERNAME=GNEX_DIGITAL
OS=Windows_NT
PROCESSOR_IDENTIFIER=Intel64 Family 6 Model 140 Stepping 1, GenuineIntel
TMP=C:\Users\GNEX_D~1\AppData\Local\Temp
TEMP=C:\Users\GNEX_D~1\AppData\Local\Temp



Periodic native trim disabled


---------------  S Y S T E M  ---------------

OS:
 Windows 10 , 64 bit Build 19041 (10.0.19041.5915)
OS uptime: 2 days 2:17 hours
Hyper-V role detected

CPU: total 4 (initial active 4) (2 cores per cpu, 2 threads per core) family 6 model 140 stepping 1 microcode 0x9a, cx8, cmov, fxsr, ht, mmx, 3dnowpref, sse, sse2, sse3, ssse3, sse4.1, sse4.2, popcnt, lzcnt, tsc, tscinvbit, avx, avx2, aes, erms, clmul, bmi1, bmi2, adx, avx512f, avx512dq, avx512cd, avx512bw, avx512vl, sha, fma, vzeroupper, avx512_vpopcntdq, avx512_vpclmulqdq, avx512_vaes, avx512_vnni, clflush, clflushopt, clwb, avx512_vbmi2, avx512_vbmi, hv
Processor Information for the first 4 processors :
  Max Mhz: 2995, Current Mhz: 2995, Mhz Limit: 2995

Memory: 4k page, system-wide physical 12087M (89M free)
TotalPageFile size 27631M (AvailPageFile size 14M)
current process WorkingSet (physical memory assigned to process): 366M, peak: 367M
current process commit charge ("private bytes"): 405M, peak: 410M

vm_info: OpenJDK 64-Bit Server VM (17.0.19+10-LTS) for windows-amd64 JRE (17.0.19+10-LTS), built on Apr 18 2026 18:24:40 by "MicrosoftCorporation" with MS VC++ 17.14 (VS2022)

END.
