#
# There is insufficient memory for the Java Runtime Environment to continue.
# Native memory allocation (mmap) failed to map 3145728 bytes. Error detail: G1 virtual space
# Possible reasons:
#   The system is out of physical RAM or swap space
#   This process is running with CompressedOops enabled, and the Java Heap may be blocking the growth of the native heap
# Possible solutions:
#   Reduce memory load on the system
#   Increase physical memory or swap space
#   Check if swap backing store is full
#   Decrease Java heap size (-Xmx/-Xms)
#   Decrease number of Java threads
#   Decrease Java thread stack sizes (-Xss)
#   Set larger code cache with -XX:ReservedCodeCacheSize=
#   JVM is running with Unscaled Compressed Oops mode in which the Java heap is
#     placed in the first 4GB address space. The Java Heap base address is the
#     maximum limit for the native heap growth. Please use -XX:HeapBaseMinAddress
#     to set the Java Heap base and to place the Java Heap above 4GB virtual address.
# This output file may be truncated or incomplete.
#
#  Out of Memory Error (os_windows.cpp:3690), pid=17664, tid=13016
#
# JRE version: OpenJDK Runtime Environment Microsoft-13877129 (17.0.19+10) (build 17.0.19+10-LTS)
# Java VM: OpenJDK 64-Bit Server VM Microsoft-13877129 (17.0.19+10-LTS, mixed mode, emulated-client, sharing, tiered, compressed oops, compressed class ptrs, g1 gc, windows-amd64)
# No core dump will be written. Minidumps are not enabled by default on client versions of Windows
#

---------------  S U M M A R Y ------------

Command Line: -Xms64m -Xmx256m -XX:TieredStopAtLevel=1 -Dspring.output.ansi.enabled=always -Dcom.sun.management.jmxremote -Dspring.jmx.enabled=true -Dspring.liveBeansView.mbeanDomain -Dspring.application.admin.enabled=true -Dmanagement.endpoints.jmx.exposure.include=* -javaagent:D:\IntelliJ IDEA 2026.1.4\lib\idea_rt.jar=60668 -Dfile.encoding=UTF-8 com.zosh.PricingServiceApplication

Host: 11th Gen Intel(R) Core(TM) i3-1115G4 @ 3.00GHz, 4 cores, 7G,  Windows 10 , 64 bit Build 19041 (10.0.19041.2546)
Time: Thu Jul 30 20:19:12 2026 India Standard Time elapsed time: 16.114810 seconds (0d 0h 0m 16s)

---------------  T H R E A D  ---------------

Current thread (0x000001fd6780e920):  VMThread "VM Thread" [stack: 0x000000cd50400000,0x000000cd50500000] [id=13016]

Stack: [0x000000cd50400000,0x000000cd50500000]
Native frames: (J=compiled Java code, j=interpreted, Vv=VM code, C=native code)
V  [jvm.dll+0x68cc89]  (no source info available)
V  [jvm.dll+0x845d89]  (no source info available)
V  [jvm.dll+0x847af8]  (no source info available)
V  [jvm.dll+0x848183]  (no source info available)
V  [jvm.dll+0x24d0bf]  (no source info available)
V  [jvm.dll+0x68c089]  (no source info available)
V  [jvm.dll+0x68064a]  (no source info available)
V  [jvm.dll+0x3102f0]  (no source info available)
V  [jvm.dll+0x310192]  (no source info available)
V  [jvm.dll+0x317709]  (no source info available)
V  [jvm.dll+0x369b09]  (no source info available)
V  [jvm.dll+0x369d3d]  (no source info available)
V  [jvm.dll+0x2e6afa]  (no source info available)
V  [jvm.dll+0x2e9b78]  (no source info available)
V  [jvm.dll+0x2f42a4]  (no source info available)
V  [jvm.dll+0x3292ad]  (no source info available)
V  [jvm.dll+0x84ca0d]  (no source info available)
V  [jvm.dll+0x84d723]  (no source info available)
V  [jvm.dll+0x84dc54]  (no source info available)
V  [jvm.dll+0x84e038]  (no source info available)
V  [jvm.dll+0x84e12e]  (no source info available)
V  [jvm.dll+0x7f62cc]  (no source info available)
V  [jvm.dll+0x68e227]  (no source info available)
C  [ucrtbase.dll+0x21bb2]  (no source info available)
C  [KERNEL32.DLL+0x17614]  (no source info available)
C  [ntdll.dll+0x526a1]  (no source info available)

VM_Operation (0x000000cd500ffa50): G1PauseRemark, mode: safepoint, requested by thread 0x000001fd677a19d0


---------------  P R O C E S S  ---------------

Threads class SMR info:
_java_thread_list=0x000001fd7a6d2c00, length=21, elements={
0x000001fd677765d0, 0x000001fd67816df0, 0x000001fd678178c0, 0x000001fd74f69310,
0x000001fd74f69be0, 0x000001fd74f6a8c0, 0x000001fd74f6d1a0, 0x000001fd74f6db20,
0x000001fd74f6e430, 0x000001fd75112a10, 0x000001fd75116f10, 0x000001fd75809d50,
0x000001fd7580a230, 0x000001fd7596c6f0, 0x000001fd75a06100, 0x000001fd759f9c70,
0x000001fd759f9720, 0x000001fd7a085450, 0x000001fd7a1435a0, 0x000001fd7a1449e0,
0x000001fd7a144ef0
}

Java Threads: ( => current thread )
  0x000001fd677765d0 JavaThread "main" [_thread_blocked, id=9672, stack(0x000000cd4fe00000,0x000000cd4ff00000)]
  0x000001fd67816df0 JavaThread "Reference Handler" daemon [_thread_blocked, id=23528, stack(0x000000cd50500000,0x000000cd50600000)]
  0x000001fd678178c0 JavaThread "Finalizer" daemon [_thread_blocked, id=22724, stack(0x000000cd50600000,0x000000cd50700000)]
  0x000001fd74f69310 JavaThread "Signal Dispatcher" daemon [_thread_blocked, id=24620, stack(0x000000cd50700000,0x000000cd50800000)]
  0x000001fd74f69be0 JavaThread "Attach Listener" daemon [_thread_blocked, id=14024, stack(0x000000cd50800000,0x000000cd50900000)]
  0x000001fd74f6a8c0 JavaThread "Service Thread" daemon [_thread_blocked, id=8520, stack(0x000000cd50900000,0x000000cd50a00000)]
  0x000001fd74f6d1a0 JavaThread "Monitor Deflation Thread" daemon [_thread_blocked, id=1052, stack(0x000000cd50a00000,0x000000cd50b00000)]
  0x000001fd74f6db20 JavaThread "C1 CompilerThread0" daemon [_thread_blocked, id=19680, stack(0x000000cd50b00000,0x000000cd50c00000)]
  0x000001fd74f6e430 JavaThread "Sweeper thread" daemon [_thread_blocked, id=10564, stack(0x000000cd50c00000,0x000000cd50d00000)]
  0x000001fd75112a10 JavaThread "Common-Cleaner" daemon [_thread_blocked, id=20152, stack(0x000000cd50d00000,0x000000cd50e00000)]
  0x000001fd75116f10 JavaThread "C1 CompilerThread1" daemon [_thread_blocked, id=12852, stack(0x000000cd50e00000,0x000000cd50f00000)]
  0x000001fd75809d50 JavaThread "Monitor Ctrl-Break" daemon [_thread_in_native, id=20664, stack(0x000000cd50f00000,0x000000cd51000000)]
  0x000001fd7580a230 JavaThread "Notification Thread" daemon [_thread_blocked, id=11680, stack(0x000000cd51000000,0x000000cd51100000)]
  0x000001fd7596c6f0 JavaThread "RMI TCP Accept-0" daemon [_thread_in_native, id=19272, stack(0x000000cd51500000,0x000000cd51600000)]
  0x000001fd75a06100 JavaThread "RMI TCP Connection(1)-192.168.1.166" daemon [_thread_in_native, id=15056, stack(0x000000cd51700000,0x000000cd51800000)]
  0x000001fd759f9c70 JavaThread "RMI Scheduler(0)" daemon [_thread_blocked, id=15000, stack(0x000000cd51800000,0x000000cd51900000)]
  0x000001fd759f9720 JavaThread "JMX server connection timeout 19" daemon [_thread_blocked, id=8496, stack(0x000000cd51900000,0x000000cd51a00000)]
  0x000001fd7a085450 JavaThread "RMI TCP Connection(2)-192.168.1.166" daemon [_thread_in_native, id=14824, stack(0x000000cd51a00000,0x000000cd51b00000)]
  0x000001fd7a1435a0 JavaThread "Thread-0" [_thread_blocked, id=21632, stack(0x000000cd51b00000,0x000000cd51c00000)]
  0x000001fd7a1449e0 JavaThread "restartedMain" [_thread_blocked, id=22320, stack(0x000000cd51c00000,0x000000cd51d00000)]
  0x000001fd7a144ef0 JavaThread "Keep-Alive-Timer" daemon [_thread_blocked, id=9380, stack(0x000000cd51e00000,0x000000cd51f00000)]

Other Threads:
=>0x000001fd6780e920 VMThread "VM Thread" [stack: 0x000000cd50400000,0x000000cd50500000] [id=13016]
  0x000001fd677776b0 WatcherThread [stack: 0x000000cd51600000,0x000000cd51700000] [id=11284]
  0x000001fd6779eb60 GCTaskThread "GC Thread#0" [stack: 0x000000cd4ff00000,0x000000cd50000000] [id=2868]
  0x000001fd75892140 GCTaskThread "GC Thread#1" [stack: 0x000000cd51100000,0x000000cd51200000] [id=20460]
  0x000001fd758a5c10 GCTaskThread "GC Thread#2" [stack: 0x000000cd51200000,0x000000cd51300000] [id=23960]
  0x000001fd758a9ef0 GCTaskThread "GC Thread#3" [stack: 0x000000cd51300000,0x000000cd51400000] [id=15476]
  0x000001fd677a19d0 ConcurrentGCThread "G1 Main Marker" [stack: 0x000000cd50000000,0x000000cd50100000] [id=16052]
  0x000001fd677a2300 ConcurrentGCThread "G1 Conc#0" [stack: 0x000000cd50100000,0x000000cd50200000] [id=32]
  0x000001fd677eeb90 ConcurrentGCThread "G1 Refine#0" [stack: 0x000000cd50200000,0x000000cd50300000] [id=15996]
  0x000001fd758a1840 ConcurrentGCThread "G1 Refine#1" [stack: 0x000000cd51400000,0x000000cd51500000] [id=17088]
  0x000001fd677ef4e0 ConcurrentGCThread "G1 Service" [stack: 0x000000cd50300000,0x000000cd50400000] [id=24468]

Threads with active compile tasks:

VM state: at safepoint (normal execution)

VM Mutex/Monitor currently owned by a thread:  ([mutex/lock_event])
[0x000001fd67772400] Threads_lock - owner thread: 0x000001fd6780e920
[0x000001fd67772640] Heap_lock - owner thread: 0x000001fd677a19d0

Heap address: 0x00000000f0000000, size: 256 MB, Compressed Oops mode: 32-bit

CDS archive(s) mapped at: [0x000001fd00000000-0x000001fd00bb0000-0x000001fd00bb0000), size 12255232, SharedBaseAddress: 0x000001fd00000000, ArchiveRelocationMode: 1.
Compressed class space mapped at: 0x000001fd01000000-0x000001fd41000000, reserved size: 1073741824
Narrow klass base: 0x000001fd00000000, Narrow klass shift: 0, Narrow klass range: 0x100000000

GC Precious Log:
 CPUs: 4 total, 4 available
 Memory: 7991M
 Large Page Support: Disabled
 NUMA Support: Disabled
 Compressed Oops: Enabled (32-bit)
 Heap Region Size: 1M
 Heap Min Capacity: 64M
 Heap Initial Capacity: 64M
 Heap Max Capacity: 256M
 Pre-touch: Disabled
 Parallel Workers: 4
 Concurrent Workers: 1
 Concurrent Refinement Workers: 4
 Periodic GC: Disabled

Heap:
 garbage-first heap   total 65536K, used 39739K [0x00000000f0000000, 0x0000000100000000)
  region size 1024K, 6 young (6144K), 2 survivors (2048K)
 Metaspace       used 45623K, committed 46144K, reserved 1114112K
  class space    used 6400K, committed 6656K, reserved 1048576K

Heap Regions: E=young(eden), S=young(survivor), O=old, HS=humongous(starts), HC=humongous(continues), CS=collection set, F=free, OA=open archive, CA=closed archive, TAMS=top-at-mark-start (previous, next)
|   0|0x00000000f0000000, 0x00000000f0100000, 0x00000000f0100000|100%|HS|  |TAMS 0x00000000f0100000, 0x00000000f0000000| Complete 
|   1|0x00000000f0100000, 0x00000000f0200000, 0x00000000f0200000|100%|HS|  |TAMS 0x00000000f0200000, 0x00000000f0100000| Complete 
|   2|0x00000000f0200000, 0x00000000f0300000, 0x00000000f0300000|100%|HS|  |TAMS 0x00000000f0300000, 0x00000000f0200000| Complete 
|   3|0x00000000f0300000, 0x00000000f0400000, 0x00000000f0400000|100%| O|  |TAMS 0x00000000f0400000, 0x00000000f0300000| Untracked 
|   4|0x00000000f0400000, 0x00000000f0500000, 0x00000000f0500000|100%| O|  |TAMS 0x00000000f0500000, 0x00000000f0400000| Untracked 
|   5|0x00000000f0500000, 0x00000000f0600000, 0x00000000f0600000|100%| O|  |TAMS 0x00000000f0600000, 0x00000000f0500000| Untracked 
|   6|0x00000000f0600000, 0x00000000f0700000, 0x00000000f0700000|100%| O|  |TAMS 0x00000000f0700000, 0x00000000f0600000| Untracked 
|   7|0x00000000f0700000, 0x00000000f0800000, 0x00000000f0800000|100%| O|  |TAMS 0x00000000f0800000, 0x00000000f0700000| Untracked 
|   8|0x00000000f0800000, 0x00000000f0900000, 0x00000000f0900000|100%| O|  |TAMS 0x00000000f0900000, 0x00000000f0800000| Untracked 
|   9|0x00000000f0900000, 0x00000000f0a00000, 0x00000000f0a00000|100%| O|  |TAMS 0x00000000f0a00000, 0x00000000f0900000| Untracked 
|  10|0x00000000f0a00000, 0x00000000f0b00000, 0x00000000f0b00000|100%| O|  |TAMS 0x00000000f0b00000, 0x00000000f0a00000| Untracked 
|  11|0x00000000f0b00000, 0x00000000f0c00000, 0x00000000f0c00000|100%| O|  |TAMS 0x00000000f0c00000, 0x00000000f0b00000| Updating 
|  12|0x00000000f0c00000, 0x00000000f0d00000, 0x00000000f0d00000|100%| O|  |TAMS 0x00000000f0d00000, 0x00000000f0c00000| Updating 
|  13|0x00000000f0d00000, 0x00000000f0e00000, 0x00000000f0e00000|100%| O|  |TAMS 0x00000000f0e00000, 0x00000000f0d00000| Untracked 
|  14|0x00000000f0e00000, 0x00000000f0f00000, 0x00000000f0f00000|100%| O|  |TAMS 0x00000000f0f00000, 0x00000000f0e00000| Untracked 
|  15|0x00000000f0f00000, 0x00000000f1000000, 0x00000000f1000000|100%| O|  |TAMS 0x00000000f1000000, 0x00000000f0f00000| Updating 
|  16|0x00000000f1000000, 0x00000000f1100000, 0x00000000f1100000|100%| O|  |TAMS 0x00000000f1100000, 0x00000000f1000000| Updating 
|  17|0x00000000f1100000, 0x00000000f1200000, 0x00000000f1200000|100%| O|  |TAMS 0x00000000f1200000, 0x00000000f1100000| Updating 
|  18|0x00000000f1200000, 0x00000000f1300000, 0x00000000f1300000|100%| O|  |TAMS 0x00000000f1300000, 0x00000000f1200000| Untracked 
|  19|0x00000000f1300000, 0x00000000f1400000, 0x00000000f1400000|100%| O|  |TAMS 0x00000000f1400000, 0x00000000f1300000| Updating 
|  20|0x00000000f1400000, 0x00000000f1500000, 0x00000000f1500000|100%| O|  |TAMS 0x00000000f1500000, 0x00000000f1400000| Untracked 
|  21|0x00000000f1500000, 0x00000000f1600000, 0x00000000f1600000|100%| O|  |TAMS 0x00000000f1600000, 0x00000000f1500000| Untracked 
|  22|0x00000000f1600000, 0x00000000f1700000, 0x00000000f1700000|100%| O|  |TAMS 0x00000000f1700000, 0x00000000f1600000| Untracked 
|  23|0x00000000f1700000, 0x00000000f1800000, 0x00000000f1800000|100%| O|  |TAMS 0x00000000f1800000, 0x00000000f1700000| Untracked 
|  24|0x00000000f1800000, 0x00000000f1900000, 0x00000000f1900000|100%| O|  |TAMS 0x00000000f1900000, 0x00000000f1800000| Untracked 
|  25|0x00000000f1900000, 0x00000000f1a00000, 0x00000000f1a00000|100%| O|  |TAMS 0x00000000f1a00000, 0x00000000f1900000| Updating 
|  26|0x00000000f1a00000, 0x00000000f1b00000, 0x00000000f1b00000|100%| O|  |TAMS 0x00000000f1b00000, 0x00000000f1a00000| Updating 
|  27|0x00000000f1b00000, 0x00000000f1c00000, 0x00000000f1c00000|100%| O|  |TAMS 0x00000000f1c00000, 0x00000000f1b00000| Untracked 
|  28|0x00000000f1c00000, 0x00000000f1d00000, 0x00000000f1d00000|100%| O|  |TAMS 0x00000000f1d00000, 0x00000000f1c00000| Untracked 
|  29|0x00000000f1d00000, 0x00000000f1e00000, 0x00000000f1e00000|100%| O|  |TAMS 0x00000000f1de0600, 0x00000000f1d00000| Untracked 
|  30|0x00000000f1e00000, 0x00000000f1f00000, 0x00000000f1f00000|100%| O|  |TAMS 0x00000000f1e00000, 0x00000000f1e00000| Untracked 
|  31|0x00000000f1f00000, 0x00000000f2000000, 0x00000000f2000000|100%| O|  |TAMS 0x00000000f1f00000, 0x00000000f1f00000| Untracked 
|  32|0x00000000f2000000, 0x00000000f20cee00, 0x00000000f2100000| 80%| O|  |TAMS 0x00000000f2000000, 0x00000000f2000000| Updating 
|  33|0x00000000f2100000, 0x00000000f2200000, 0x00000000f2200000|100%|HS|  |TAMS 0x00000000f2100000, 0x00000000f2100000| Complete 
|  34|0x00000000f2200000, 0x00000000f2200000, 0x00000000f2300000|  0%| F|  |TAMS 0x00000000f2200000, 0x00000000f2200000| Untracked 
|  35|0x00000000f2300000, 0x00000000f2300000, 0x00000000f2400000|  0%| F|  |TAMS 0x00000000f2300000, 0x00000000f2300000| Untracked 
|  36|0x00000000f2400000, 0x00000000f2400000, 0x00000000f2500000|  0%| F|  |TAMS 0x00000000f2400000, 0x00000000f2400000| Untracked 
|  37|0x00000000f2500000, 0x00000000f2500000, 0x00000000f2600000|  0%| F|  |TAMS 0x00000000f2500000, 0x00000000f2500000| Untracked 
|  38|0x00000000f2600000, 0x00000000f2600000, 0x00000000f2700000|  0%| F|  |TAMS 0x00000000f2600000, 0x00000000f2600000| Untracked 
|  39|0x00000000f2700000, 0x00000000f2700000, 0x00000000f2800000|  0%| F|  |TAMS 0x00000000f2700000, 0x00000000f2700000| Untracked 
|  40|0x00000000f2800000, 0x00000000f2800000, 0x00000000f2900000|  0%| F|  |TAMS 0x00000000f2800000, 0x00000000f2800000| Untracked 
|  41|0x00000000f2900000, 0x00000000f2900000, 0x00000000f2a00000|  0%| F|  |TAMS 0x00000000f2900000, 0x00000000f2900000| Untracked 
|  42|0x00000000f2a00000, 0x00000000f2a00000, 0x00000000f2b00000|  0%| F|  |TAMS 0x00000000f2a00000, 0x00000000f2a00000| Untracked 
|  43|0x00000000f2b00000, 0x00000000f2c00000, 0x00000000f2c00000|100%| S|CS|TAMS 0x00000000f2b00000, 0x00000000f2b00000| Complete 
|  44|0x00000000f2c00000, 0x00000000f2d00000, 0x00000000f2d00000|100%| S|CS|TAMS 0x00000000f2c00000, 0x00000000f2c00000| Complete 
|  45|0x00000000f2d00000, 0x00000000f2d00000, 0x00000000f2e00000|  0%| F|  |TAMS 0x00000000f2d00000, 0x00000000f2d00000| Untracked 
|  46|0x00000000f2e00000, 0x00000000f2e00000, 0x00000000f2f00000|  0%| F|  |TAMS 0x00000000f2e00000, 0x00000000f2e00000| Untracked 
|  47|0x00000000f2f00000, 0x00000000f2f00000, 0x00000000f3000000|  0%| F|  |TAMS 0x00000000f2f00000, 0x00000000f2f00000| Untracked 
|  48|0x00000000f3000000, 0x00000000f3000000, 0x00000000f3100000|  0%| F|  |TAMS 0x00000000f3000000, 0x00000000f3000000| Untracked 
|  49|0x00000000f3100000, 0x00000000f3100000, 0x00000000f3200000|  0%| F|  |TAMS 0x00000000f3100000, 0x00000000f3100000| Untracked 
|  50|0x00000000f3200000, 0x00000000f3200000, 0x00000000f3300000|  0%| F|  |TAMS 0x00000000f3200000, 0x00000000f3200000| Untracked 
|  51|0x00000000f3300000, 0x00000000f3300000, 0x00000000f3400000|  0%| F|  |TAMS 0x00000000f3300000, 0x00000000f3300000| Untracked 
|  52|0x00000000f3400000, 0x00000000f3400000, 0x00000000f3500000|  0%| F|  |TAMS 0x00000000f3400000, 0x00000000f3400000| Untracked 
|  53|0x00000000f3500000, 0x00000000f3500000, 0x00000000f3600000|  0%| F|  |TAMS 0x00000000f3500000, 0x00000000f3500000| Untracked 
|  54|0x00000000f3600000, 0x00000000f3600000, 0x00000000f3700000|  0%| F|  |TAMS 0x00000000f3600000, 0x00000000f3600000| Untracked 
|  55|0x00000000f3700000, 0x00000000f3700000, 0x00000000f3800000|  0%| F|  |TAMS 0x00000000f3700000, 0x00000000f3700000| Untracked 
|  56|0x00000000f3800000, 0x00000000f3800000, 0x00000000f3900000|  0%| F|  |TAMS 0x00000000f3800000, 0x00000000f3800000| Untracked 
|  57|0x00000000f3900000, 0x00000000f3900000, 0x00000000f3a00000|  0%| F|  |TAMS 0x00000000f3900000, 0x00000000f3900000| Untracked 
|  58|0x00000000f3a00000, 0x00000000f3a00000, 0x00000000f3b00000|  0%| F|  |TAMS 0x00000000f3a00000, 0x00000000f3a00000| Untracked 
|  59|0x00000000f3b00000, 0x00000000f3b00000, 0x00000000f3c00000|  0%| F|  |TAMS 0x00000000f3b00000, 0x00000000f3b00000| Untracked 
|  60|0x00000000f3c00000, 0x00000000f3cfbe10, 0x00000000f3d00000| 98%| E|  |TAMS 0x00000000f3c00000, 0x00000000f3c00000| Complete 
|  61|0x00000000f3d00000, 0x00000000f3e00000, 0x00000000f3e00000|100%| E|CS|TAMS 0x00000000f3d00000, 0x00000000f3d00000| Complete 
|  62|0x00000000f3e00000, 0x00000000f3f00000, 0x00000000f3f00000|100%| E|CS|TAMS 0x00000000f3e00000, 0x00000000f3e00000| Complete 
|  63|0x00000000f3f00000, 0x00000000f4000000, 0x00000000f4000000|100%| E|CS|TAMS 0x00000000f3f00000, 0x00000000f3f00000| Complete 

Card table byte_map: [0x000001fd67440000,0x000001fd674c0000] _byte_map_base: 0x000001fd66cc0000

Marking Bits (Prev, Next): (CMBitMap*) 0x000001fd6779f0a0, (CMBitMap*) 0x000001fd6779f0e0
 Prev Bits: [0x000001fd72300000, 0x000001fd72700000)
 Next Bits: [0x000001fd72700000, 0x000001fd72b00000)

Polling page: 0x000001fd65620000

Metaspace:

Usage:
  Non-class:     38.30 MB used.
      Class:      6.25 MB used.
       Both:     44.55 MB used.

Virtual space:
  Non-class space:       64.00 MB reserved,      38.56 MB ( 60%) committed,  1 nodes.
      Class space:        1.00 GB reserved,       6.50 MB ( <1%) committed,  1 nodes.
             Both:        1.06 GB reserved,      45.06 MB (  4%) committed. 

Chunk freelists:
   Non-Class:  8.88 MB
       Class:  9.41 MB
        Both:  18.28 MB

MaxMetaspaceSize: unlimited
CompressedClassSpaceSize: 1.00 GB
Initial GC threshold: 21.00 MB
Current GC threshold: 65.56 MB
CDS: on
MetaspaceReclaimPolicy: balanced
 - commit_granule_bytes: 65536.
 - commit_granule_words: 8192.
 - virtual_space_node_default_size: 8388608.
 - enlarge_chunks_in_place: 1.
 - new_chunks_are_fully_committed: 0.
 - uncommit_free_chunks: 1.
 - use_allocation_guard: 0.
 - handle_deallocations: 1.


Internal statistics:

num_allocs_failed_limit: 6.
num_arena_births: 694.
num_arena_deaths: 0.
num_vsnodes_births: 2.
num_vsnodes_deaths: 0.
num_space_committed: 721.
num_space_uncommitted: 0.
num_chunks_returned_to_freelist: 6.
num_chunks_taken_from_freelist: 2382.
num_chunk_merges: 6.
num_chunk_splits: 1641.
num_chunks_enlarged: 1235.
num_inconsistent_stats: 0.

CodeCache: size=49152Kb used=9506Kb max_used=9506Kb free=39645Kb
 bounds [0x000001fd6f300000, 0x000001fd6fc50000, 0x000001fd72300000]
 total_blobs=5413 nmethods=4859 adapters=480
 compilation: enabled
              stopped_count=0, restarted_count=0
 full_count=0

Compilation events (20 events):
Event: 16.015 Thread 0x000001fd74f6db20 4852       1       java.util.BitSet::expandTo (23 bytes)
Event: 16.015 Thread 0x000001fd75116f10 4853       1       java.util.BitSet::set (58 bytes)
Event: 16.015 Thread 0x000001fd74f6db20 nmethod 4852 0x000001fd6fc45010 code [0x000001fd6fc451a0, 0x000001fd6fc452a8]
Event: 16.015 Thread 0x000001fd75116f10 nmethod 4853 0x000001fd6fc45310 code [0x000001fd6fc45520, 0x000001fd6fc459b8]
Event: 16.072 Thread 0x000001fd74f6db20 4854       1       java.lang.String::compareToIgnoreCase (11 bytes)
Event: 16.072 Thread 0x000001fd74f6db20 nmethod 4854 0x000001fd6fc45c10 code [0x000001fd6fc45dc0, 0x000001fd6fc45ea8]
Event: 16.073 Thread 0x000001fd75116f10 4855       1       java.lang.Long::compare (22 bytes)
Event: 16.073 Thread 0x000001fd75116f10 nmethod 4855 0x000001fd6fc45f90 code [0x000001fd6fc46140, 0x000001fd6fc46278]
Event: 16.074 Thread 0x000001fd74f6db20 4856       1       java.util.zip.ZipFile$Source$Key::equals (93 bytes)
Event: 16.074 Thread 0x000001fd74f6db20 nmethod 4856 0x000001fd6fc46310 code [0x000001fd6fc46520, 0x000001fd6fc469b8]
Event: 16.074 Thread 0x000001fd75116f10 4857       1       java.nio.file.attribute.FileTime::equals (28 bytes)
Event: 16.074 Thread 0x000001fd75116f10 nmethod 4857 0x000001fd6fc46c90 code [0x000001fd6fc46e40, 0x000001fd6fc46fc8]
Event: 16.074 Thread 0x000001fd74f6db20 4858       1       java.nio.file.attribute.FileTime::compareTo (154 bytes)
Event: 16.075 Thread 0x000001fd74f6db20 nmethod 4858 0x000001fd6fc47090 code [0x000001fd6fc47320, 0x000001fd6fc47a78]
Event: 16.075 Thread 0x000001fd75116f10 4859       1       java.io.File::equals (28 bytes)
Event: 16.075 Thread 0x000001fd75116f10 nmethod 4859 0x000001fd6fc47e90 code [0x000001fd6fc48040, 0x000001fd6fc48228]
Event: 16.075 Thread 0x000001fd74f6db20 4860       1       java.io.File::compareTo (9 bytes)
Event: 16.075 Thread 0x000001fd74f6db20 nmethod 4860 0x000001fd6fc48390 code [0x000001fd6fc48540, 0x000001fd6fc48648]
Event: 16.075 Thread 0x000001fd75116f10 4861       1       java.io.WinNTFileSystem::compare (12 bytes)
Event: 16.076 Thread 0x000001fd75116f10 nmethod 4861 0x000001fd6fc48790 code [0x000001fd6fc48940, 0x000001fd6fc48a48]

GC Heap History (20 events):
Event: 8.140 GC heap before
{Heap before GC invocations=9 (full 0):
 garbage-first heap   total 65536K, used 46146K [0x00000000f0000000, 0x0000000100000000)
  region size 1024K, 26 young (26624K), 2 survivors (2048K)
 Metaspace       used 25630K, committed 26048K, reserved 1114112K
  class space    used 3299K, committed 3520K, reserved 1048576K
}
Event: 8.144 GC heap after
{Heap after GC invocations=10 (full 0):
 garbage-first heap   total 65536K, used 22368K [0x00000000f0000000, 0x0000000100000000)
  region size 1024K, 3 young (3072K), 3 survivors (3072K)
 Metaspace       used 25630K, committed 26048K, reserved 1114112K
  class space    used 3299K, committed 3520K, reserved 1048576K
}
Event: 9.048 GC heap before
{Heap before GC invocations=10 (full 0):
 garbage-first heap   total 65536K, used 48992K [0x00000000f0000000, 0x0000000100000000)
  region size 1024K, 30 young (30720K), 3 survivors (3072K)
 Metaspace       used 30162K, committed 30656K, reserved 1114112K
  class space    used 4087K, committed 4352K, reserved 1048576K
}
Event: 9.053 GC heap after
{Heap after GC invocations=11 (full 0):
 garbage-first heap   total 65536K, used 23716K [0x00000000f0000000, 0x0000000100000000)
  region size 1024K, 3 young (3072K), 3 survivors (3072K)
 Metaspace       used 30162K, committed 30656K, reserved 1114112K
  class space    used 4087K, committed 4352K, reserved 1048576K
}
Event: 9.851 GC heap before
{Heap before GC invocations=11 (full 0):
 garbage-first heap   total 65536K, used 49316K [0x00000000f0000000, 0x0000000100000000)
  region size 1024K, 29 young (29696K), 3 survivors (3072K)
 Metaspace       used 33226K, committed 33664K, reserved 1114112K
  class space    used 4467K, committed 4672K, reserved 1048576K
}
Event: 9.855 GC heap after
{Heap after GC invocations=12 (full 0):
 garbage-first heap   total 65536K, used 26330K [0x00000000f0000000, 0x0000000100000000)
  region size 1024K, 4 young (4096K), 4 survivors (4096K)
 Metaspace       used 33226K, committed 33664K, reserved 1114112K
  class space    used 4467K, committed 4672K, reserved 1048576K
}
Event: 10.609 GC heap before
{Heap before GC invocations=12 (full 0):
 garbage-first heap   total 65536K, used 50906K [0x00000000f0000000, 0x0000000100000000)
  region size 1024K, 28 young (28672K), 4 survivors (4096K)
 Metaspace       used 34218K, committed 34752K, reserved 1114112K
  class space    used 4642K, committed 4928K, reserved 1048576K
}
Event: 10.616 GC heap after
{Heap after GC invocations=13 (full 0):
 garbage-first heap   total 65536K, used 28124K [0x00000000f0000000, 0x0000000100000000)
  region size 1024K, 2 young (2048K), 2 survivors (2048K)
 Metaspace       used 34218K, committed 34752K, reserved 1114112K
  class space    used 4642K, committed 4928K, reserved 1048576K
}
Event: 11.156 GC heap before
{Heap before GC invocations=13 (full 0):
 garbage-first heap   total 65536K, used 51676K [0x00000000f0000000, 0x0000000100000000)
  region size 1024K, 25 young (25600K), 2 survivors (2048K)
 Metaspace       used 35461K, committed 35968K, reserved 1114112K
  class space    used 4814K, committed 5056K, reserved 1048576K
}
Event: 11.159 GC heap after
{Heap after GC invocations=14 (full 0):
 garbage-first heap   total 65536K, used 29531K [0x00000000f0000000, 0x0000000100000000)
  region size 1024K, 4 young (4096K), 4 survivors (4096K)
 Metaspace       used 35461K, committed 35968K, reserved 1114112K
  class space    used 4814K, committed 5056K, reserved 1048576K
}
Event: 11.273 GC heap before
{Heap before GC invocations=14 (full 0):
 garbage-first heap   total 65536K, used 34651K [0x00000000f0000000, 0x0000000100000000)
  region size 1024K, 10 young (10240K), 4 survivors (4096K)
 Metaspace       used 35907K, committed 36416K, reserved 1114112K
  class space    used 4885K, committed 5120K, reserved 1048576K
}
Event: 11.276 GC heap after
{Heap after GC invocations=15 (full 0):
 garbage-first heap   total 65536K, used 30146K [0x00000000f0000000, 0x0000000100000000)
  region size 1024K, 3 young (3072K), 3 survivors (3072K)
 Metaspace       used 35907K, committed 36416K, reserved 1114112K
  class space    used 4885K, committed 5120K, reserved 1048576K
}
Event: 11.886 GC heap before
{Heap before GC invocations=16 (full 0):
 garbage-first heap   total 65536K, used 51650K [0x00000000f0000000, 0x0000000100000000)
  region size 1024K, 24 young (24576K), 3 survivors (3072K)
 Metaspace       used 38358K, committed 38848K, reserved 1114112K
  class space    used 5334K, committed 5568K, reserved 1048576K
}
Event: 11.891 GC heap after
{Heap after GC invocations=17 (full 0):
 garbage-first heap   total 65536K, used 30782K [0x00000000f0000000, 0x0000000100000000)
  region size 1024K, 2 young (2048K), 2 survivors (2048K)
 Metaspace       used 38358K, committed 38848K, reserved 1114112K
  class space    used 5334K, committed 5568K, reserved 1048576K
}
Event: 13.610 GC heap before
{Heap before GC invocations=17 (full 0):
 garbage-first heap   total 65536K, used 52286K [0x00000000f0000000, 0x0000000100000000)
  region size 1024K, 23 young (23552K), 2 survivors (2048K)
 Metaspace       used 39660K, committed 40192K, reserved 1114112K
  class space    used 5570K, committed 5824K, reserved 1048576K
}
Event: 13.617 GC heap after
{Heap after GC invocations=18 (full 0):
 garbage-first heap   total 65536K, used 31784K [0x00000000f0000000, 0x0000000100000000)
  region size 1024K, 3 young (3072K), 3 survivors (3072K)
 Metaspace       used 39660K, committed 40192K, reserved 1114112K
  class space    used 5570K, committed 5824K, reserved 1048576K
}
Event: 15.369 GC heap before
{Heap before GC invocations=19 (full 0):
 garbage-first heap   total 65536K, used 53288K [0x00000000f0000000, 0x0000000100000000)
  region size 1024K, 24 young (24576K), 3 survivors (3072K)
 Metaspace       used 42487K, committed 43008K, reserved 1114112K
  class space    used 5953K, committed 6208K, reserved 1048576K
}
Event: 15.375 GC heap after
{Heap after GC invocations=20 (full 0):
 garbage-first heap   total 65536K, used 33665K [0x00000000f0000000, 0x0000000100000000)
  region size 1024K, 3 young (3072K), 3 survivors (3072K)
 Metaspace       used 42487K, committed 43008K, reserved 1114112K
  class space    used 5953K, committed 6208K, reserved 1048576K
}
Event: 16.053 GC heap before
{Heap before GC invocations=20 (full 0):
 garbage-first heap   total 65536K, used 53121K [0x00000000f0000000, 0x0000000100000000)
  region size 1024K, 22 young (22528K), 3 survivors (3072K)
 Metaspace       used 45623K, committed 46144K, reserved 1114112K
  class space    used 6400K, committed 6656K, reserved 1048576K
}
Event: 16.061 GC heap after
{Heap after GC invocations=21 (full 0):
 garbage-first heap   total 65536K, used 35643K [0x00000000f0000000, 0x0000000100000000)
  region size 1024K, 2 young (2048K), 2 survivors (2048K)
 Metaspace       used 45623K, committed 46144K, reserved 1114112K
  class space    used 6400K, committed 6656K, reserved 1048576K
}

Dll operation events (12 events):
Event: 0.026 Loaded shared library C:\Users\GNEX_DIGITAL\.jdks\ms-17.0.19\bin\java.dll
Event: 0.044 Loaded shared library C:\Users\GNEX_DIGITAL\.jdks\ms-17.0.19\bin\jsvml.dll
Event: 0.398 Loaded shared library C:\Users\GNEX_DIGITAL\.jdks\ms-17.0.19\bin\zip.dll
Event: 0.409 Loaded shared library C:\Users\GNEX_DIGITAL\.jdks\ms-17.0.19\bin\instrument.dll
Event: 0.532 Loaded shared library C:\Users\GNEX_DIGITAL\.jdks\ms-17.0.19\bin\jimage.dll
Event: 0.542 Loaded shared library C:\Users\GNEX_DIGITAL\.jdks\ms-17.0.19\bin\net.dll
Event: 0.543 Loaded shared library C:\Users\GNEX_DIGITAL\.jdks\ms-17.0.19\bin\nio.dll
Event: 0.545 Loaded shared library C:\Users\GNEX_DIGITAL\.jdks\ms-17.0.19\bin\zip.dll
Event: 0.693 Loaded shared library C:\Users\GNEX_DIGITAL\.jdks\ms-17.0.19\bin\management.dll
Event: 0.717 Loaded shared library C:\Users\GNEX_DIGITAL\.jdks\ms-17.0.19\bin\management_ext.dll
Event: 0.729 Loaded shared library C:\Users\GNEX_DIGITAL\.jdks\ms-17.0.19\bin\extnet.dll
Event: 9.257 Loaded shared library C:\Users\GNEX_DIGITAL\.jdks\ms-17.0.19\bin\sunmscapi.dll

Deoptimization events (2 events):
Event: 4.027 Thread 0x000001fd7a1449e0 DEOPT PACKING pc=0x000001fd6f6f141c sp=0x000000cd51cfd530
Event: 4.027 Thread 0x000001fd7a1449e0 DEOPT UNPACKING pc=0x000001fd6f35ace3 sp=0x000000cd51cfc9f8 mode 0

Classes loaded (20 events):
Event: 15.937 Loading class java/net/SocketTimeoutException
Event: 15.937 Loading class java/io/InterruptedIOException
Event: 15.937 Loading class java/io/InterruptedIOException done
Event: 15.937 Loading class java/net/SocketTimeoutException done
Event: 15.940 Loading class java/beans/PropertyChangeSupport
Event: 15.941 Loading class java/beans/PropertyChangeSupport done
Event: 15.941 Loading class java/beans/PropertyChangeSupport$PropertyChangeListenerMap
Event: 15.941 Loading class java/beans/ChangeListenerMap
Event: 15.941 Loading class java/beans/ChangeListenerMap done
Event: 15.941 Loading class java/beans/PropertyChangeSupport$PropertyChangeListenerMap done
Event: 15.941 Loading class java/beans/PropertyChangeListener
Event: 15.942 Loading class java/beans/PropertyChangeListener done
Event: 15.957 Loading class java/beans/PropertyChangeEvent
Event: 15.957 Loading class java/beans/PropertyChangeEvent done
Event: 15.972 Loading class java/nio/BufferUnderflowException
Event: 15.973 Loading class java/nio/BufferUnderflowException done
Event: 15.991 Loading class java/io/FileReader
Event: 15.992 Loading class java/io/FileReader done
Event: 16.023 Loading class java/lang/instrument/IllegalClassFormatException
Event: 16.023 Loading class java/lang/instrument/IllegalClassFormatException done

Classes unloaded (0 events):
No events

Classes redefined (0 events):
No events

Internal exceptions (20 events):
Event: 15.679 Thread 0x000001fd7a1449e0 Exception <a 'java/lang/NoSuchMethodError'{0x00000000f3703b80}: 'void java.lang.invoke.DirectMethodHandle$Holder.invokeSpecial(java.lang.Object, java.lang.Object, java.lang.Object, java.lang.Object, java.lang.Object, java.lang.Object, java.lang.Object)'> (0x00000000f3703b80) 
thrown [s\src\hotspot\share\interpreter\linkResolver.cpp, line 759]
Event: 15.745 Thread 0x000001fd7a1449e0 Exception <a 'java/lang/NoSuchMethodError'{0x00000000f3653ff0}: 'void java.lang.invoke.DirectMethodHandle$Holder.invokeInterface(java.lang.Object, java.lang.Object, int)'> (0x00000000f3653ff0) 
thrown [s\src\hotspot\share\interpreter\linkResolver.cpp, line 759]
Event: 15.747 Thread 0x000001fd7a1449e0 Exception <a 'java/lang/IncompatibleClassChangeError'{0x00000000f3664a30}: Found class java.lang.Object, but interface was expected> (0x00000000f3664a30) 
thrown [s\src\hotspot\share\interpreter\linkResolver.cpp, line 826]
Event: 15.747 Thread 0x000001fd7a1449e0 Exception <a 'java/lang/IncompatibleClassChangeError'{0x00000000f366b450}: Found class java.lang.Object, but interface was expected> (0x00000000f366b450) 
thrown [s\src\hotspot\share\interpreter\linkResolver.cpp, line 826]
Event: 15.748 Thread 0x000001fd7a1449e0 Exception <a 'java/lang/IncompatibleClassChangeError'{0x00000000f3672448}: Found class java.lang.Object, but interface was expected> (0x00000000f3672448) 
thrown [s\src\hotspot\share\interpreter\linkResolver.cpp, line 826]
Event: 15.749 Thread 0x000001fd7a1449e0 Exception <a 'java/lang/IncompatibleClassChangeError'{0x00000000f36796e8}: Found class java.lang.Object, but interface was expected> (0x00000000f36796e8) 
thrown [s\src\hotspot\share\interpreter\linkResolver.cpp, line 826]
Event: 15.749 Thread 0x000001fd7a1449e0 Exception <a 'java/lang/IncompatibleClassChangeError'{0x00000000f36876b0}: Found class java.lang.Object, but interface was expected> (0x00000000f36876b0) 
thrown [s\src\hotspot\share\interpreter\linkResolver.cpp, line 826]
Event: 15.751 Thread 0x000001fd7a1449e0 Exception <a 'java/lang/IncompatibleClassChangeError'{0x00000000f36a2030}: Found class java.lang.Object, but interface was expected> (0x00000000f36a2030) 
thrown [s\src\hotspot\share\interpreter\linkResolver.cpp, line 826]
Event: 15.752 Thread 0x000001fd7a1449e0 Exception <a 'java/lang/IncompatibleClassChangeError'{0x00000000f36a8008}: Found class java.lang.Object, but interface was expected> (0x00000000f36a8008) 
thrown [s\src\hotspot\share\interpreter\linkResolver.cpp, line 826]
Event: 15.752 Thread 0x000001fd7a1449e0 Exception <a 'java/lang/NoSuchMethodError'{0x00000000f36b8c28}: 'int java.lang.invoke.DirectMethodHandle$Holder.invokeSpecialIFC(java.lang.Object, java.lang.Object, java.lang.Object)'> (0x00000000f36b8c28) 
thrown [s\src\hotspot\share\interpreter\linkResolver.cpp, line 759]
Event: 15.758 Thread 0x000001fd7a1449e0 Exception <a 'java/lang/IncompatibleClassChangeError'{0x00000000f36be740}: Found class java.lang.Object, but interface was expected> (0x00000000f36be740) 
thrown [s\src\hotspot\share\interpreter\linkResolver.cpp, line 826]
Event: 15.759 Thread 0x000001fd7a1449e0 Exception <a 'java/lang/IncompatibleClassChangeError'{0x00000000f36c56a0}: Found class java.lang.Object, but interface was expected> (0x00000000f36c56a0) 
thrown [s\src\hotspot\share\interpreter\linkResolver.cpp, line 826]
Event: 15.760 Thread 0x000001fd7a1449e0 Exception <a 'java/lang/IncompatibleClassChangeError'{0x00000000f36d0638}: Found class java.lang.Object, but interface was expected> (0x00000000f36d0638) 
thrown [s\src\hotspot\share\interpreter\linkResolver.cpp, line 826]
Event: 15.764 Thread 0x000001fd7a1449e0 Exception <a 'java/lang/NoSuchMethodError'{0x00000000f3505750}: 'int java.lang.invoke.DirectMethodHandle$Holder.invokeSpecial(java.lang.Object, java.lang.Object, int)'> (0x00000000f3505750) 
thrown [s\src\hotspot\share\interpreter\linkResolver.cpp, line 759]
Event: 15.783 Thread 0x000001fd7a1449e0 Exception <a 'java/lang/NoSuchMethodError'{0x00000000f3513670}: 'void java.lang.invoke.DirectMethodHandle$Holder.invokeVirtual(java.lang.Object, java.lang.Object, int)'> (0x00000000f3513670) 
thrown [s\src\hotspot\share\interpreter\linkResolver.cpp, line 759]
Event: 15.785 Thread 0x000001fd7a1449e0 Exception <a 'java/lang/NoSuchMethodError'{0x00000000f3519848}: 'void java.lang.invoke.DirectMethodHandle$Holder.invokeStatic(java.lang.Object, java.lang.Object, java.lang.Object, int, java.lang.Object)'> (0x00000000f3519848) 
thrown [s\src\hotspot\share\interpreter\linkResolver.cpp, line 759]
Event: 15.789 Thread 0x000001fd7a1449e0 Exception <a 'java/lang/NoSuchMethodError'{0x00000000f3520cc0}: 'java.lang.Object java.lang.invoke.DirectMethodHandle$Holder.newInvokeSpecial(java.lang.Object, java.lang.Object, java.lang.Object, int)'> (0x00000000f3520cc0) 
thrown [s\src\hotspot\share\interpreter\linkResolver.cpp, line 759]
Event: 15.790 Thread 0x000001fd7a1449e0 Exception <a 'java/lang/NoSuchMethodError'{0x00000000f3524fa8}: 'java.lang.Object java.lang.invoke.DirectMethodHandle$Holder.invokeSpecial(java.lang.Object, java.lang.Object, java.lang.Object, java.lang.Object, int)'> (0x00000000f3524fa8) 
thrown [s\src\hotspot\share\interpreter\linkResolver.cpp, line 759]
Event: 15.790 Thread 0x000001fd7a1449e0 Exception <a 'java/lang/NoSuchMethodError'{0x00000000f3528b70}: 'java.lang.Object java.lang.invoke.Invokers$Holder.linkToTargetMethod(java.lang.Object, java.lang.Object, int, java.lang.Object)'> (0x00000000f3528b70) 
thrown [s\src\hotspot\share\interpreter\linkResolver.cpp, line 759]
Event: 15.802 Thread 0x000001fd7a1449e0 Exception <a 'java/lang/NoSuchMethodError'{0x00000000f35904f8}: 'void java.lang.invoke.DirectMethodHandle$Holder.invokeStatic(java.lang.Object, int, java.lang.Object)'> (0x00000000f35904f8) 
thrown [s\src\hotspot\share\interpreter\linkResolver.cpp, line 759]

VM Operations (20 events):
Event: 13.678 Executing VM operation: G1PauseCleanup done
Event: 14.685 Executing VM operation: Cleanup
Event: 14.685 Executing VM operation: Cleanup done
Event: 14.945 Executing VM operation: HandshakeAllThreads
Event: 15.001 Executing VM operation: HandshakeAllThreads done
Event: 15.100 Executing VM operation: HandshakeAllThreads
Event: 15.101 Executing VM operation: HandshakeAllThreads done
Event: 15.318 Executing VM operation: HandshakeAllThreads
Event: 15.344 Executing VM operation: HandshakeAllThreads done
Event: 15.347 Executing VM operation: HandshakeAllThreads
Event: 15.347 Executing VM operation: HandshakeAllThreads done
Event: 15.369 Executing VM operation: G1CollectForAllocation
Event: 15.375 Executing VM operation: G1CollectForAllocation done
Event: 15.924 Executing VM operation: HandshakeAllThreads
Event: 15.925 Executing VM operation: HandshakeAllThreads done
Event: 16.030 Executing VM operation: HandshakeAllThreads
Event: 16.030 Executing VM operation: HandshakeAllThreads done
Event: 16.053 Executing VM operation: G1CollectForAllocation
Event: 16.061 Executing VM operation: G1CollectForAllocation done
Event: 16.109 Executing VM operation: G1PauseRemark

Memory protections (0 events):
No events

Nmethod flushes (0 events):
No events

Events (20 events):
Event: 10.994 Thread 0x000001fd75a06100 Thread added: 0x000001fd7a143090
Event: 11.079 Thread 0x000001fd7a143090 Thread exited: 0x000001fd7a143090
Event: 11.497 Thread 0x000001fd7a085450 Thread added: 0x000001fd7a143fc0
Event: 11.512 Thread 0x000001fd7a143fc0 Thread exited: 0x000001fd7a143fc0
Event: 12.002 Thread 0x000001fd75a06100 Thread added: 0x000001fd7a143ab0
Event: 12.424 Thread 0x000001fd7a143ab0 Thread exited: 0x000001fd7a143ab0
Event: 12.778 Thread 0x000001fd7a085450 Thread added: 0x000001fd7a146330
Event: 12.923 Thread 0x000001fd7a146330 Thread exited: 0x000001fd7a146330
Event: 13.283 Thread 0x000001fd75a06100 Thread added: 0x000001fd7a145e20
Event: 13.369 Thread 0x000001fd7a145e20 Thread exited: 0x000001fd7a145e20
Event: 13.787 Thread 0x000001fd75a06100 Thread added: 0x000001fd7a143090
Event: 13.828 Thread 0x000001fd7a143090 Thread exited: 0x000001fd7a143090
Event: 14.293 Thread 0x000001fd75a06100 Thread added: 0x000001fd7a143090
Event: 14.491 Thread 0x000001fd7a143090 Thread exited: 0x000001fd7a143090
Event: 14.800 Thread 0x000001fd75a06100 Thread added: 0x000001fd7a145400
Event: 15.001 Thread 0x000001fd7a145400 Thread exited: 0x000001fd7a145400
Event: 15.306 Thread 0x000001fd7a085450 Thread added: 0x000001fd7a1444d0
Event: 15.342 Thread 0x000001fd7a1444d0 Thread exited: 0x000001fd7a1444d0
Event: 15.813 Thread 0x000001fd75a06100 Thread added: 0x000001fd7a145e20
Event: 15.890 Thread 0x000001fd7a145e20 Thread exited: 0x000001fd7a145e20


Dynamic libraries:
0x00007ff74a4d0000 - 0x00007ff74a4de000 	C:\Users\GNEX_DIGITAL\.jdks\ms-17.0.19\bin\java.exe
0x00007ff8ed8b0000 - 0x00007ff8edaa8000 	C:\Windows\SYSTEM32\ntdll.dll
0x00007ff8eba90000 - 0x00007ff8ebb4f000 	C:\Windows\System32\KERNEL32.DLL
0x00007ff8eb0a0000 - 0x00007ff8eb372000 	C:\Windows\System32\KERNELBASE.dll
0x00007ff8eb6a0000 - 0x00007ff8eb7a0000 	C:\Windows\System32\ucrtbase.dll
0x00007ff8e68f0000 - 0x00007ff8e6908000 	C:\Users\GNEX_DIGITAL\.jdks\ms-17.0.19\bin\jli.dll
0x00007ff8e3830000 - 0x00007ff8e384e000 	C:\Users\GNEX_DIGITAL\.jdks\ms-17.0.19\bin\VCRUNTIME140.dll
0x00007ff8ebd10000 - 0x00007ff8ebeb1000 	C:\Windows\System32\USER32.dll
0x00007ff8d6660000 - 0x00007ff8d68fa000 	C:\Windows\WinSxS\amd64_microsoft.windows.common-controls_6595b64144ccf1df_6.0.19041.1110_none_60b5254171f9507e\COMCTL32.dll
0x00007ff8ed710000 - 0x00007ff8ed7ae000 	C:\Windows\System32\msvcrt.dll
0x00007ff8eb9a0000 - 0x00007ff8eb9cb000 	C:\Windows\System32\GDI32.dll
0x00007ff8eafb0000 - 0x00007ff8eafd2000 	C:\Windows\System32\win32u.dll
0x00007ff8eb590000 - 0x00007ff8eb69f000 	C:\Windows\System32\gdi32full.dll
0x00007ff8eb460000 - 0x00007ff8eb4fd000 	C:\Windows\System32\msvcp_win.dll
0x00007ff8ebce0000 - 0x00007ff8ebd10000 	C:\Windows\System32\IMM32.DLL
0x00007ff8e7ee0000 - 0x00007ff8e7eec000 	C:\Users\GNEX_DIGITAL\.jdks\ms-17.0.19\bin\vcruntime140_1.dll
0x00007ff8cecd0000 - 0x00007ff8ced59000 	C:\Users\GNEX_DIGITAL\.jdks\ms-17.0.19\bin\msvcp140.dll
0x00007ff898dc0000 - 0x00007ff899a3b000 	C:\Users\GNEX_DIGITAL\.jdks\ms-17.0.19\bin\server\jvm.dll
0x00007ff8ed530000 - 0x00007ff8ed5de000 	C:\Windows\System32\ADVAPI32.dll
0x00007ff8eb900000 - 0x00007ff8eb99c000 	C:\Windows\System32\sechost.dll
0x00007ff8ed5e0000 - 0x00007ff8ed704000 	C:\Windows\System32\RPCRT4.dll
0x00007ff8ec2b0000 - 0x00007ff8ec31b000 	C:\Windows\System32\WS2_32.dll
0x00007ff8ea960000 - 0x00007ff8ea9ab000 	C:\Windows\SYSTEM32\POWRPROF.dll
0x00007ff8d44e0000 - 0x00007ff8d4507000 	C:\Windows\SYSTEM32\WINMM.dll
0x00007ff8e0760000 - 0x00007ff8e076a000 	C:\Windows\SYSTEM32\VERSION.dll
0x00007ff8ea940000 - 0x00007ff8ea952000 	C:\Windows\SYSTEM32\UMPDC.dll
0x00007ff8e8e10000 - 0x00007ff8e8e22000 	C:\Windows\SYSTEM32\kernel.appcore.dll
0x00007ff8e6960000 - 0x00007ff8e696a000 	C:\Users\GNEX_DIGITAL\.jdks\ms-17.0.19\bin\jimage.dll
0x00007ff8e4bf0000 - 0x00007ff8e4dd4000 	C:\Windows\SYSTEM32\DBGHELP.DLL
0x00007ff8cfe80000 - 0x00007ff8cfeb5000 	C:\Windows\SYSTEM32\dbgcore.DLL
0x00007ff8eb500000 - 0x00007ff8eb582000 	C:\Windows\System32\bcryptPrimitives.dll
0x00007ff8e6810000 - 0x00007ff8e681f000 	C:\Users\GNEX_DIGITAL\.jdks\ms-17.0.19\bin\instrument.dll
0x00007ff8e3580000 - 0x00007ff8e35a6000 	C:\Users\GNEX_DIGITAL\.jdks\ms-17.0.19\bin\java.dll
0x00007ff8ce660000 - 0x00007ff8ce736000 	C:\Users\GNEX_DIGITAL\.jdks\ms-17.0.19\bin\jsvml.dll
0x00007ff8ec760000 - 0x00007ff8ecea5000 	C:\Windows\System32\SHELL32.dll
0x00007ff8e9030000 - 0x00007ff8e97c2000 	C:\Windows\SYSTEM32\windows.storage.dll
0x00007ff8ebec0000 - 0x00007ff8ec215000 	C:\Windows\System32\combase.dll
0x00007ff8ea8c0000 - 0x00007ff8ea8f0000 	C:\Windows\SYSTEM32\Wldp.dll
0x00007ff8eb9e0000 - 0x00007ff8eba8d000 	C:\Windows\System32\SHCORE.dll
0x00007ff8ed3a0000 - 0x00007ff8ed3f5000 	C:\Windows\System32\shlwapi.dll
0x00007ff8eaef0000 - 0x00007ff8eaf0f000 	C:\Windows\SYSTEM32\profapi.dll
0x00007ff8e2a70000 - 0x00007ff8e2a88000 	C:\Users\GNEX_DIGITAL\.jdks\ms-17.0.19\bin\zip.dll
0x00007ff8e2a50000 - 0x00007ff8e2a6b000 	C:\Users\GNEX_DIGITAL\.jdks\ms-17.0.19\bin\net.dll
0x00007ff8e5140000 - 0x00007ff8e524a000 	C:\Windows\SYSTEM32\WINHTTP.dll
0x00007ff8ea6a0000 - 0x00007ff8ea70a000 	C:\Windows\system32\mswsock.dll
0x00007ff8e29b0000 - 0x00007ff8e29c6000 	C:\Users\GNEX_DIGITAL\.jdks\ms-17.0.19\bin\nio.dll
0x00007ff8ea3f0000 - 0x00007ff8ea4bb000 	C:\Windows\SYSTEM32\DNSAPI.dll
0x00007ff8ea3b0000 - 0x00007ff8ea3eb000 	C:\Windows\SYSTEM32\IPHLPAPI.DLL
0x00007ff8ed520000 - 0x00007ff8ed528000 	C:\Windows\System32\NSI.dll
0x00007ff8e0400000 - 0x00007ff8e040a000 	C:\Windows\System32\rasadhlp.dll
0x00007ff8db9d0000 - 0x00007ff8dba50000 	C:\Windows\System32\fwpuclnt.dll
0x00007ff8eb430000 - 0x00007ff8eb457000 	C:\Windows\System32\bcrypt.dll
0x00007ff8e3900000 - 0x00007ff8e390a000 	C:\Users\GNEX_DIGITAL\.jdks\ms-17.0.19\bin\management.dll
0x00007ff8e38c0000 - 0x00007ff8e38cc000 	C:\Users\GNEX_DIGITAL\.jdks\ms-17.0.19\bin\management_ext.dll
0x00007ff8eb9d0000 - 0x00007ff8eb9d8000 	C:\Windows\System32\PSAPI.DLL
0x00007ff8e3b50000 - 0x00007ff8e3b59000 	C:\Users\GNEX_DIGITAL\.jdks\ms-17.0.19\bin\extnet.dll
0x00007ff8ea900000 - 0x00007ff8ea918000 	C:\Windows\SYSTEM32\CRYPTSP.dll
0x00007ff8e9fe0000 - 0x00007ff8ea014000 	C:\Windows\system32\rsaenh.dll
0x00007ff8eaeb0000 - 0x00007ff8eaede000 	C:\Windows\SYSTEM32\USERENV.dll
0x00007ff8ea830000 - 0x00007ff8ea83c000 	C:\Windows\SYSTEM32\CRYPTBASE.dll
0x00007ff8e05f0000 - 0x00007ff8e0607000 	C:\Windows\SYSTEM32\dhcpcsvc6.DLL
0x00007ff8e04e0000 - 0x00007ff8e04fd000 	C:\Windows\SYSTEM32\dhcpcsvc.DLL
0x00007ff8c8680000 - 0x00007ff8c8697000 	C:\Windows\system32\napinsp.dll
0x00007ff8c8660000 - 0x00007ff8c867b000 	C:\Windows\system32\pnrpnsp.dll
0x00007ff8e50e0000 - 0x00007ff8e50f5000 	C:\Windows\system32\wshbth.dll
0x00007ff8e68d0000 - 0x00007ff8e68ed000 	C:\Windows\system32\NLAapi.dll
0x00007ff8c8640000 - 0x00007ff8c8652000 	C:\Windows\System32\winrnr.dll
0x00007ff8bc620000 - 0x00007ff8bc669000 	C:\Windows\SYSTEM32\pdh.dll
0x00007ff8e3f10000 - 0x00007ff8e3f1e000 	C:\Users\GNEX_DIGITAL\.jdks\ms-17.0.19\bin\sunmscapi.dll
0x00007ff8eb7a0000 - 0x00007ff8eb8f6000 	C:\Windows\System32\CRYPT32.dll
0x00007ff8eaa80000 - 0x00007ff8eaaa7000 	C:\Windows\SYSTEM32\ncrypt.dll
0x00007ff8eaa40000 - 0x00007ff8eaa7b000 	C:\Windows\SYSTEM32\NTASN1.dll
0x00007ff8d5350000 - 0x00007ff8d535f000 	C:\Windows\System32\perfproc.dll

dbghelp: loaded successfully - version: 4.0.5 - missing functions: none
symbol engine: initialized successfully - sym options: 0x614 - pdb path: .;C:\Users\GNEX_DIGITAL\.jdks\ms-17.0.19\bin;C:\Windows\SYSTEM32;C:\Windows\WinSxS\amd64_microsoft.windows.common-controls_6595b64144ccf1df_6.0.19041.1110_none_60b5254171f9507e;C:\Users\GNEX_DIGITAL\.jdks\ms-17.0.19\bin\server

VM Arguments:
jvm_args: -Xms64m -Xmx256m -XX:TieredStopAtLevel=1 -Dspring.output.ansi.enabled=always -Dcom.sun.management.jmxremote -Dspring.jmx.enabled=true -Dspring.liveBeansView.mbeanDomain -Dspring.application.admin.enabled=true -Dmanagement.endpoints.jmx.exposure.include=* -javaagent:D:\IntelliJ IDEA 2026.1.4\lib\idea_rt.jar=60668 -Dfile.encoding=UTF-8 
java_command: com.zosh.PricingServiceApplication
java_class_path (initial): D:\Airline Project\Backend\Microservices\services\pricing-service\target\classes;D:\Airline Project\Backend\Microservices\common-lib\target\classes;C:\Users\GNEX_DIGITAL\.m2\repository\org\springframework\boot\spring-boot-starter-validation\4.0.2\spring-boot-starter-validation-4.0.2.jar;C:\Users\GNEX_DIGITAL\.m2\repository\org\springframework\boot\spring-boot-validation\4.0.2\spring-boot-validation-4.0.2.jar;C:\Users\GNEX_DIGITAL\.m2\repository\org\apache\tomcat\embed\tomcat-embed-el\11.0.15\tomcat-embed-el-11.0.15.jar;C:\Users\GNEX_DIGITAL\.m2\repository\org\hibernate\validator\hibernate-validator\9.0.1.Final\hibernate-validator-9.0.1.Final.jar;C:\Users\GNEX_DIGITAL\.m2\repository\org\jboss\logging\jboss-logging\3.6.1.Final\jboss-logging-3.6.1.Final.jar;C:\Users\GNEX_DIGITAL\.m2\repository\com\fasterxml\classmate\1.7.3\classmate-1.7.3.jar;C:\Users\GNEX_DIGITAL\.m2\repository\org\springframework\boot\spring-boot-starter-data-jpa\4.0.2\spring-boot-starter-data-jpa-4.0.2.jar;C:\Users\GNEX_DIGITAL\.m2\repository\org\springframework\boot\spring-boot-starter\4.0.2\spring-boot-starter-4.0.2.jar;C:\Users\GNEX_DIGITAL\.m2\repository\org\springframework\boot\spring-boot-starter-logging\4.0.2\spring-boot-starter-logging-4.0.2.jar;C:\Users\GNEX_DIGITAL\.m2\repository\ch\qos\logback\logback-classic\1.5.25\logback-classic-1.5.25.jar;C:\Users\GNEX_DIGITAL\.m2\repository\ch\qos\logback\logback-core\1.5.25\logback-core-1.5.25.jar;C:\Users\GNEX_DIGITAL\.m2\repository\org\apache\logging\log4j\log4j-to-slf4j\2.25.3\log4j-to-slf4j-2.25.3.jar;C:\Users\GNEX_DIGITAL\.m2\repository\org\apache\logging\log4j\log4j-api\2.25.3\log4j-api-2.25.3.jar;C:\Users\GNEX_DIGITAL\.m2\repository\org\slf4j\jul-to-slf4j\2.0.17\jul-to-slf4j-2.0.17.jar;C:\Users\GNEX_DIGITAL\.m2\repository\jakarta\annotation\jakarta.annotation-api\3.0.0\jakarta.annotation-api-3.0.0.jar;C:\Users\GNEX_DIGITAL\.m2\repository\org\yaml\snakeyaml\2.5\snakeyaml-2.5.jar;C:\Users\GNEX_DIGITAL\.m2\repository
Launcher Type: SUN_STANDARD

[Global flags]
     intx CICompilerCount                          = 3                                         {product} {ergonomic}
     uint ConcGCThreads                            = 1                                         {product} {ergonomic}
     uint G1ConcRefinementThreads                  = 4                                         {product} {ergonomic}
   size_t G1HeapRegionSize                         = 1048576                                   {product} {ergonomic}
    uintx GCDrainStackTargetSize                   = 64                                        {product} {ergonomic}
   size_t InitialHeapSize                          = 67108864                                  {product} {command line}
     bool ManagementServer                         = true                                      {product} {command line}
   size_t MarkStackSize                            = 4194304                                   {product} {ergonomic}
   size_t MaxHeapSize                              = 268435456                                 {product} {command line}
   size_t MaxNewSize                               = 160432128                                 {product} {ergonomic}
   size_t MinHeapDeltaBytes                        = 1048576                                   {product} {ergonomic}
   size_t MinHeapSize                              = 67108864                                  {product} {command line}
    uintx NonProfiledCodeHeapSize                  = 0                                      {pd product} {ergonomic}
     bool ProfileInterpreter                       = false                                  {pd product} {command line}
    uintx ProfiledCodeHeapSize                     = 0                                      {pd product} {ergonomic}
   size_t SoftMaxHeapSize                          = 268435456                              {manageable} {ergonomic}
     intx TieredStopAtLevel                        = 1                                         {product} {command line}
     bool UseCompressedClassPointers               = true                           {product lp64_product} {ergonomic}
     bool UseCompressedOops                        = true                           {product lp64_product} {ergonomic}
     bool UseG1GC                                  = true                                      {product} {ergonomic}
     bool UseLargePagesIndividualAllocation        = false                                  {pd product} {ergonomic}

Logging:
Log output configuration:
 #0: stdout all=warning uptime,level,tags
 #1: stderr all=off uptime,level,tags

Environment Variables:
JAVA_HOME=C:\Program Files\Java\latest\jdk-17
PATH=C:\Python314\Scripts\;C:\Python314\;C:\Program Files\Common Files\Oracle\Java\javapath;C:\Windows\system32;C:\Windows;C:\Windows\System32\Wbem;C:\Windows\System32\WindowsPowerShell\v1.0\;C:\Windows\System32\OpenSSH\;C:\Program Files\Java\latest\jdk-17\bin;C:\Program Files\Maven\apache-maven-3.9.16\bin;D:\Git\cmd;C:\Program Files\nodejs\;C:\ProgramData\chocolatey\bin;;C:\Program Files\Docker\Docker\resources\bin;C:\Users\GNEX_DIGITAL\AppData\Local\Microsoft\WindowsApps;D:\IntelliJ IDEA 2026.1.4\bin;D:\Microsoft VS Code\bin;C:\Users\GNEX_DIGITAL\AppData\Roaming\npm;D:\Antigravity IDE\bin
USERNAME=GNEX_DIGITAL
OS=Windows_NT
PROCESSOR_IDENTIFIER=Intel64 Family 6 Model 140 Stepping 1, GenuineIntel
TMP=C:\Users\GNEX_D~1\AppData\Local\Temp
TEMP=C:\Users\GNEX_D~1\AppData\Local\Temp



Periodic native trim disabled


---------------  S Y S T E M  ---------------

OS:
 Windows 10 , 64 bit Build 19041 (10.0.19041.2546)
OS uptime: 4 days 5:06 hours
Hyper-V role detected

CPU: total 4 (initial active 4) (2 cores per cpu, 2 threads per core) family 6 model 140 stepping 1 microcode 0x9a, cx8, cmov, fxsr, ht, mmx, 3dnowpref, sse, sse2, sse3, ssse3, sse4.1, sse4.2, popcnt, lzcnt, tsc, tscinvbit, avx, avx2, aes, erms, clmul, bmi1, bmi2, adx, avx512f, avx512dq, avx512cd, avx512bw, avx512vl, sha, fma, vzeroupper, avx512_vpopcntdq, avx512_vpclmulqdq, avx512_vaes, avx512_vnni, clflush, clflushopt, clwb, avx512_vbmi2, avx512_vbmi, hv
Processor Information for the first 4 processors :
  Max Mhz: 2995, Current Mhz: 2995, Mhz Limit: 2995

Memory: 4k page, system-wide physical 7991M (274M free)
TotalPageFile size 23535M (AvailPageFile size 0M)
current process WorkingSet (physical memory assigned to process): 188M, peak: 188M
current process commit charge ("private bytes"): 224M, peak: 227M

vm_info: OpenJDK 64-Bit Server VM (17.0.19+10-LTS) for windows-amd64 JRE (17.0.19+10-LTS), built on Apr 18 2026 18:24:40 by "MicrosoftCorporation" with MS VC++ 17.14 (VS2022)

END.
