#
# There is insufficient memory for the Java Runtime Environment to continue.
# Native memory allocation (mmap) failed to map 65536 bytes. Error detail: Failed to commit metaspace.
# Possible reasons:
#   The system is out of physical RAM or swap space
#   This process is running with CompressedOops enabled, and the Java Heap may be blocking the growth of the native heap
# Possible solutions:
#   Reduce memory load on the system
#   Increase physical memory or swap space
#   Check if swap backing store is full
#   Decrease Java heap size (-Xmx/-Xms)
#   Decrease number of Java threads
#   Decrease Java thread stack sizes (-Xss)
#   Set larger code cache with -XX:ReservedCodeCacheSize=
#   JVM is running with Unscaled Compressed Oops mode in which the Java heap is
#     placed in the first 4GB address space. The Java Heap base address is the
#     maximum limit for the native heap growth. Please use -XX:HeapBaseMinAddress
#     to set the Java Heap base and to place the Java Heap above 4GB virtual address.
# This output file may be truncated or incomplete.
#
#  Out of Memory Error (virtualSpaceNode.cpp:110), pid=15112, tid=25128
#
# JRE version: OpenJDK Runtime Environment Microsoft-13877129 (17.0.19+10) (build 17.0.19+10-LTS)
# Java VM: OpenJDK 64-Bit Server VM Microsoft-13877129 (17.0.19+10-LTS, mixed mode, emulated-client, sharing, tiered, compressed oops, compressed class ptrs, g1 gc, windows-amd64)
# No core dump will be written. Minidumps are not enabled by default on client versions of Windows
#

---------------  S U M M A R Y ------------

Command Line: -Xms128m -Xmx512m -XX:TieredStopAtLevel=1 -Dspring.output.ansi.enabled=always -Dcom.sun.management.jmxremote -Dspring.jmx.enabled=true -Dspring.liveBeansView.mbeanDomain -Dspring.application.admin.enabled=true -Dmanagement.endpoints.jmx.exposure.include=* -javaagent:D:\IntelliJ IDEA 2026.1.4\lib\idea_rt.jar=53222 -Dfile.encoding=UTF-8 com.zosh.BookingServiceApplication

Host: 11th Gen Intel(R) Core(TM) i3-1115G4 @ 3.00GHz, 4 cores, 7G,  Windows 10 , 64 bit Build 19041 (10.0.19041.2546)
Time: Fri Jul 31 01:18:27 2026 India Standard Time elapsed time: 1.140831 seconds (0d 0h 0m 1s)

---------------  T H R E A D  ---------------

Current thread (0x000002d939cba6e0):  JavaThread "main" [_thread_in_vm, id=25128, stack(0x000000dd1cf00000,0x000000dd1d000000)]

Stack: [0x000000dd1cf00000,0x000000dd1d000000]
Native frames: (J=compiled Java code, j=interpreted, Vv=VM code, C=native code)
V  [jvm.dll+0x68cc89]  (no source info available)
V  [jvm.dll+0x845d89]  (no source info available)
V  [jvm.dll+0x847af8]  (no source info available)
V  [jvm.dll+0x848183]  (no source info available)
V  [jvm.dll+0x24d0bf]  (no source info available)
V  [jvm.dll+0x841b67]  (no source info available)
V  [jvm.dll+0x6332eb]  (no source info available)
V  [jvm.dll+0x1c4cdd]  (no source info available)
V  [jvm.dll+0x635c72]  (no source info available)
V  [jvm.dll+0x633ca6]  (no source info available)
V  [jvm.dll+0x63dcfa]  (no source info available)
V  [jvm.dll+0x1ee875]  (no source info available)
V  [jvm.dll+0x1eed85]  (no source info available)
V  [jvm.dll+0x1ef72c]  (no source info available)
V  [jvm.dll+0x1e5031]  (no source info available)
V  [jvm.dll+0x5520d9]  (no source info available)
V  [jvm.dll+0x7c02db]  (no source info available)
V  [jvm.dll+0x7c03d4]  (no source info available)
V  [jvm.dll+0x41dc84]  (no source info available)
V  [jvm.dll+0x4247b9]  (no source info available)
C  [java.dll+0x1818]  (no source info available)

Java frames: (J=compiled Java code, j=interpreted, Vv=VM code)
j  java.lang.ClassLoader.defineClass1(Ljava/lang/ClassLoader;Ljava/lang/String;[BIILjava/security/ProtectionDomain;Ljava/lang/String;)Ljava/lang/Class;+0 java.base@17.0.19
j  java.lang.ClassLoader.defineClass(Ljava/lang/String;[BIILjava/security/ProtectionDomain;)Ljava/lang/Class;+27 java.base@17.0.19
j  java.security.SecureClassLoader.defineClass(Ljava/lang/String;[BIILjava/security/CodeSource;)Ljava/lang/Class;+12 java.base@17.0.19
j  jdk.internal.loader.BuiltinClassLoader.defineClass(Ljava/lang/String;Ljdk/internal/loader/Resource;)Ljava/lang/Class;+117 java.base@17.0.19
j  jdk.internal.loader.BuiltinClassLoader.findClassOnClassPathOrNull(Ljava/lang/String;)Ljava/lang/Class;+37 java.base@17.0.19
j  jdk.internal.loader.BuiltinClassLoader.loadClassOrNull(Ljava/lang/String;Z)Ljava/lang/Class;+111 java.base@17.0.19
j  jdk.internal.loader.BuiltinClassLoader.loadClass(Ljava/lang/String;Z)Ljava/lang/Class;+3 java.base@17.0.19
j  jdk.internal.loader.ClassLoaders$AppClassLoader.loadClass(Ljava/lang/String;Z)Ljava/lang/Class;+36 java.base@17.0.19
j  java.lang.ClassLoader.loadClass(Ljava/lang/String;)Ljava/lang/Class;+3 java.base@17.0.19
v  ~StubRoutines::call_stub
j  org.springframework.boot.SpringApplication.<clinit>()V+2
v  ~StubRoutines::call_stub
j  com.zosh.BookingServiceApplication.main([Ljava/lang/String;)V+3
v  ~StubRoutines::call_stub

---------------  P R O C E S S  ---------------

Threads class SMR info:
_java_thread_list=0x000002d98da474e0, length=16, elements={
0x000002d939cba6e0, 0x000002d947dd6870, 0x000002d947dd7340, 0x000002d947deea00,
0x000002d947def2d0, 0x000002d947defba0, 0x000002d947df0470, 0x000002d947df2e00,
0x000002d947e232c0, 0x000002d98d108a50, 0x000002d947e8e8a0, 0x000002d98d8d80e0,
0x000002d98d8d85c0, 0x000002d98da07070, 0x000002d98dac12c0, 0x000002d98dac0b60
}

Java Threads: ( => current thread )
=>0x000002d939cba6e0 JavaThread "main" [_thread_in_vm, id=25128, stack(0x000000dd1cf00000,0x000000dd1d000000)]
  0x000002d947dd6870 JavaThread "Reference Handler" daemon [_thread_blocked, id=4404, stack(0x000000dd1d700000,0x000000dd1d800000)]
  0x000002d947dd7340 JavaThread "Finalizer" daemon [_thread_blocked, id=10448, stack(0x000000dd1d800000,0x000000dd1d900000)]
  0x000002d947deea00 JavaThread "Signal Dispatcher" daemon [_thread_blocked, id=14316, stack(0x000000dd1d900000,0x000000dd1da00000)]
  0x000002d947def2d0 JavaThread "Attach Listener" daemon [_thread_blocked, id=24824, stack(0x000000dd1da00000,0x000000dd1db00000)]
  0x000002d947defba0 JavaThread "Service Thread" daemon [_thread_blocked, id=25344, stack(0x000000dd1db00000,0x000000dd1dc00000)]
  0x000002d947df0470 JavaThread "Monitor Deflation Thread" daemon [_thread_blocked, id=25068, stack(0x000000dd1dc00000,0x000000dd1dd00000)]
  0x000002d947df2e00 JavaThread "C1 CompilerThread0" daemon [_thread_blocked, id=12860, stack(0x000000dd1dd00000,0x000000dd1de00000)]
  0x000002d947e232c0 JavaThread "Sweeper thread" daemon [_thread_blocked, id=22264, stack(0x000000dd1de00000,0x000000dd1df00000)]
  0x000002d98d108a50 JavaThread "Common-Cleaner" daemon [_thread_blocked, id=4536, stack(0x000000dd1df00000,0x000000dd1e000000)]
  0x000002d947e8e8a0 JavaThread "C1 CompilerThread1" daemon [_thread_blocked, id=14440, stack(0x000000dd1e000000,0x000000dd1e100000)]
  0x000002d98d8d80e0 JavaThread "Monitor Ctrl-Break" daemon [_thread_in_native, id=4100, stack(0x000000dd1e100000,0x000000dd1e200000)]
  0x000002d98d8d85c0 JavaThread "Notification Thread" daemon [_thread_blocked, id=10748, stack(0x000000dd1e200000,0x000000dd1e300000)]
  0x000002d98da07070 JavaThread "RMI TCP Accept-0" daemon [_thread_in_native, id=21772, stack(0x000000dd1e600000,0x000000dd1e700000)]
  0x000002d98dac12c0 JavaThread "RMI TCP Connection(idle)" daemon [_thread_in_vm, id=488, stack(0x000000dd1e700000,0x000000dd1e800000)]
  0x000002d98dac0b60 JavaThread "RMI TCP Connection(idle)" daemon [_thread_in_vm, id=15252, stack(0x000000dd1e900000,0x000000dd1ea00000)]

Other Threads:
  0x000002d947dd13b0 VMThread "VM Thread" [stack: 0x000000dd1d600000,0x000000dd1d700000] [id=18168]
  0x000002d98da1c4a0 WatcherThread [stack: 0x000000dd1e800000,0x000000dd1e900000] [id=4668]
  0x000002d939ce7f40 GCTaskThread "GC Thread#0" [stack: 0x000000dd1d100000,0x000000dd1d200000] [id=12544]
  0x000002d98d916720 GCTaskThread "GC Thread#1" [stack: 0x000000dd1e300000,0x000000dd1e400000] [id=22756]
  0x000002d98d967cd0 GCTaskThread "GC Thread#2" [stack: 0x000000dd1e400000,0x000000dd1e500000] [id=7720]
  0x000002d98d976440 GCTaskThread "GC Thread#3" [stack: 0x000000dd1e500000,0x000000dd1e600000] [id=23744]
  0x000002d939cecdb0 ConcurrentGCThread "G1 Main Marker" [stack: 0x000000dd1d200000,0x000000dd1d300000] [id=17104]
  0x000002d939ced6e0 ConcurrentGCThread "G1 Conc#0" [stack: 0x000000dd1d300000,0x000000dd1d400000] [id=10984]
  0x000002d947ca0090 ConcurrentGCThread "G1 Refine#0" [stack: 0x000000dd1d400000,0x000000dd1d500000] [id=11304]
  0x000002d947ca09e0 ConcurrentGCThread "G1 Service" [stack: 0x000000dd1d500000,0x000000dd1d600000] [id=12292]

Threads with active compile tasks:

VM state: not at safepoint (normal execution)

VM Mutex/Monitor currently owned by a thread:  ([mutex/lock_event])
[0x000002d939cb42a0] Metaspace_lock - owner thread: 0x000002d939cba6e0

Heap address: 0x00000000e0000000, size: 512 MB, Compressed Oops mode: 32-bit

CDS archive(s) mapped at: [0x000002d948000000-0x000002d948bb0000-0x000002d948bb0000), size 12255232, SharedBaseAddress: 0x000002d948000000, ArchiveRelocationMode: 1.
Compressed class space mapped at: 0x000002d949000000-0x000002d989000000, reserved size: 1073741824
Narrow klass base: 0x000002d948000000, Narrow klass shift: 0, Narrow klass range: 0x100000000

GC Precious Log:
 CPUs: 4 total, 4 available
 Memory: 7991M
 Large Page Support: Disabled
 NUMA Support: Disabled
 Compressed Oops: Enabled (32-bit)
 Heap Region Size: 1M
 Heap Min Capacity: 128M
 Heap Initial Capacity: 128M
 Heap Max Capacity: 512M
 Pre-touch: Disabled
 Parallel Workers: 4
 Concurrent Workers: 1
 Concurrent Refinement Workers: 4
 Periodic GC: Disabled

Heap:
 garbage-first heap   total 131072K, used 15807K [0x00000000e0000000, 0x0000000100000000)
  region size 1024K, 8 young (8192K), 2 survivors (2048K)
 Metaspace       used 4800K, committed 4928K, reserved 1114112K
  class space    used 581K, committed 640K, reserved 1048576K

Heap Regions: E=young(eden), S=young(survivor), O=old, HS=humongous(starts), HC=humongous(continues), CS=collection set, F=free, OA=open archive, CA=closed archive, TAMS=top-at-mark-start (previous, next)
|   0|0x00000000e0000000, 0x00000000e0100000, 0x00000000e0100000|100%|HS|  |TAMS 0x00000000e0000000, 0x00000000e0000000| Complete 
|   1|0x00000000e0100000, 0x00000000e0200000, 0x00000000e0200000|100%|HS|  |TAMS 0x00000000e0100000, 0x00000000e0100000| Complete 
|   2|0x00000000e0200000, 0x00000000e0300000, 0x00000000e0300000|100%|HS|  |TAMS 0x00000000e0200000, 0x00000000e0200000| Complete 
|   3|0x00000000e0300000, 0x00000000e0300000, 0x00000000e0400000|  0%| F|  |TAMS 0x00000000e0300000, 0x00000000e0300000| Untracked 
|   4|0x00000000e0400000, 0x00000000e0500000, 0x00000000e0500000|100%| O|  |TAMS 0x00000000e0400000, 0x00000000e0400000| Untracked 
|   5|0x00000000e0500000, 0x00000000e0600000, 0x00000000e0600000|100%| O|  |TAMS 0x00000000e0500000, 0x00000000e0500000| Untracked 
|   6|0x00000000e0600000, 0x00000000e0700000, 0x00000000e0700000|100%| O|  |TAMS 0x00000000e0600000, 0x00000000e0600000| Untracked 
|   7|0x00000000e0700000, 0x00000000e0800000, 0x00000000e0800000|100%| O|  |TAMS 0x00000000e0700000, 0x00000000e0700000| Untracked 
|   8|0x00000000e0800000, 0x00000000e0900000, 0x00000000e0900000|100%| O|  |TAMS 0x00000000e0800000, 0x00000000e0800000| Untracked 
|   9|0x00000000e0900000, 0x00000000e096fe00, 0x00000000e0a00000| 43%| O|  |TAMS 0x00000000e0900000, 0x00000000e0900000| Untracked 
|  10|0x00000000e0a00000, 0x00000000e0a00000, 0x00000000e0b00000|  0%| F|  |TAMS 0x00000000e0a00000, 0x00000000e0a00000| Untracked 
|  11|0x00000000e0b00000, 0x00000000e0b00000, 0x00000000e0c00000|  0%| F|  |TAMS 0x00000000e0b00000, 0x00000000e0b00000| Untracked 
|  12|0x00000000e0c00000, 0x00000000e0c00000, 0x00000000e0d00000|  0%| F|  |TAMS 0x00000000e0c00000, 0x00000000e0c00000| Untracked 
|  13|0x00000000e0d00000, 0x00000000e0d00000, 0x00000000e0e00000|  0%| F|  |TAMS 0x00000000e0d00000, 0x00000000e0d00000| Untracked 
|  14|0x00000000e0e00000, 0x00000000e0e00000, 0x00000000e0f00000|  0%| F|  |TAMS 0x00000000e0e00000, 0x00000000e0e00000| Untracked 
|  15|0x00000000e0f00000, 0x00000000e0f00000, 0x00000000e1000000|  0%| F|  |TAMS 0x00000000e0f00000, 0x00000000e0f00000| Untracked 
|  16|0x00000000e1000000, 0x00000000e1000000, 0x00000000e1100000|  0%| F|  |TAMS 0x00000000e1000000, 0x00000000e1000000| Untracked 
|  17|0x00000000e1100000, 0x00000000e1100000, 0x00000000e1200000|  0%| F|  |TAMS 0x00000000e1100000, 0x00000000e1100000| Untracked 
|  18|0x00000000e1200000, 0x00000000e1200000, 0x00000000e1300000|  0%| F|  |TAMS 0x00000000e1200000, 0x00000000e1200000| Untracked 
|  19|0x00000000e1300000, 0x00000000e1300000, 0x00000000e1400000|  0%| F|  |TAMS 0x00000000e1300000, 0x00000000e1300000| Untracked 
|  20|0x00000000e1400000, 0x00000000e1400000, 0x00000000e1500000|  0%| F|  |TAMS 0x00000000e1400000, 0x00000000e1400000| Untracked 
|  21|0x00000000e1500000, 0x00000000e1500000, 0x00000000e1600000|  0%| F|  |TAMS 0x00000000e1500000, 0x00000000e1500000| Untracked 
|  22|0x00000000e1600000, 0x00000000e1600000, 0x00000000e1700000|  0%| F|  |TAMS 0x00000000e1600000, 0x00000000e1600000| Untracked 
|  23|0x00000000e1700000, 0x00000000e1700000, 0x00000000e1800000|  0%| F|  |TAMS 0x00000000e1700000, 0x00000000e1700000| Untracked 
|  24|0x00000000e1800000, 0x00000000e1800000, 0x00000000e1900000|  0%| F|  |TAMS 0x00000000e1800000, 0x00000000e1800000| Untracked 
|  25|0x00000000e1900000, 0x00000000e1900000, 0x00000000e1a00000|  0%| F|  |TAMS 0x00000000e1900000, 0x00000000e1900000| Untracked 
|  26|0x00000000e1a00000, 0x00000000e1a00000, 0x00000000e1b00000|  0%| F|  |TAMS 0x00000000e1a00000, 0x00000000e1a00000| Untracked 
|  27|0x00000000e1b00000, 0x00000000e1b00000, 0x00000000e1c00000|  0%| F|  |TAMS 0x00000000e1b00000, 0x00000000e1b00000| Untracked 
|  28|0x00000000e1c00000, 0x00000000e1c00000, 0x00000000e1d00000|  0%| F|  |TAMS 0x00000000e1c00000, 0x00000000e1c00000| Untracked 
|  29|0x00000000e1d00000, 0x00000000e1d00000, 0x00000000e1e00000|  0%| F|  |TAMS 0x00000000e1d00000, 0x00000000e1d00000| Untracked 
|  30|0x00000000e1e00000, 0x00000000e1e00000, 0x00000000e1f00000|  0%| F|  |TAMS 0x00000000e1e00000, 0x00000000e1e00000| Untracked 
|  31|0x00000000e1f00000, 0x00000000e1f00000, 0x00000000e2000000|  0%| F|  |TAMS 0x00000000e1f00000, 0x00000000e1f00000| Untracked 
|  32|0x00000000e2000000, 0x00000000e2000000, 0x00000000e2100000|  0%| F|  |TAMS 0x00000000e2000000, 0x00000000e2000000| Untracked 
|  33|0x00000000e2100000, 0x00000000e2100000, 0x00000000e2200000|  0%| F|  |TAMS 0x00000000e2100000, 0x00000000e2100000| Untracked 
|  34|0x00000000e2200000, 0x00000000e2200000, 0x00000000e2300000|  0%| F|  |TAMS 0x00000000e2200000, 0x00000000e2200000| Untracked 
|  35|0x00000000e2300000, 0x00000000e2300000, 0x00000000e2400000|  0%| F|  |TAMS 0x00000000e2300000, 0x00000000e2300000| Untracked 
|  36|0x00000000e2400000, 0x00000000e2400000, 0x00000000e2500000|  0%| F|  |TAMS 0x00000000e2400000, 0x00000000e2400000| Untracked 
|  37|0x00000000e2500000, 0x00000000e2500000, 0x00000000e2600000|  0%| F|  |TAMS 0x00000000e2500000, 0x00000000e2500000| Untracked 
|  38|0x00000000e2600000, 0x00000000e2600000, 0x00000000e2700000|  0%| F|  |TAMS 0x00000000e2600000, 0x00000000e2600000| Untracked 
|  39|0x00000000e2700000, 0x00000000e2700000, 0x00000000e2800000|  0%| F|  |TAMS 0x00000000e2700000, 0x00000000e2700000| Untracked 
|  40|0x00000000e2800000, 0x00000000e2800000, 0x00000000e2900000|  0%| F|  |TAMS 0x00000000e2800000, 0x00000000e2800000| Untracked 
|  41|0x00000000e2900000, 0x00000000e2900000, 0x00000000e2a00000|  0%| F|  |TAMS 0x00000000e2900000, 0x00000000e2900000| Untracked 
|  42|0x00000000e2a00000, 0x00000000e2a00000, 0x00000000e2b00000|  0%| F|  |TAMS 0x00000000e2a00000, 0x00000000e2a00000| Untracked 
|  43|0x00000000e2b00000, 0x00000000e2b00000, 0x00000000e2c00000|  0%| F|  |TAMS 0x00000000e2b00000, 0x00000000e2b00000| Untracked 
|  44|0x00000000e2c00000, 0x00000000e2c00000, 0x00000000e2d00000|  0%| F|  |TAMS 0x00000000e2c00000, 0x00000000e2c00000| Untracked 
|  45|0x00000000e2d00000, 0x00000000e2d00000, 0x00000000e2e00000|  0%| F|  |TAMS 0x00000000e2d00000, 0x00000000e2d00000| Untracked 
|  46|0x00000000e2e00000, 0x00000000e2e00000, 0x00000000e2f00000|  0%| F|  |TAMS 0x00000000e2e00000, 0x00000000e2e00000| Untracked 
|  47|0x00000000e2f00000, 0x00000000e2f00000, 0x00000000e3000000|  0%| F|  |TAMS 0x00000000e2f00000, 0x00000000e2f00000| Untracked 
|  48|0x00000000e3000000, 0x00000000e3000000, 0x00000000e3100000|  0%| F|  |TAMS 0x00000000e3000000, 0x00000000e3000000| Untracked 
|  49|0x00000000e3100000, 0x00000000e3100000, 0x00000000e3200000|  0%| F|  |TAMS 0x00000000e3100000, 0x00000000e3100000| Untracked 
|  50|0x00000000e3200000, 0x00000000e3200000, 0x00000000e3300000|  0%| F|  |TAMS 0x00000000e3200000, 0x00000000e3200000| Untracked 
|  51|0x00000000e3300000, 0x00000000e3300000, 0x00000000e3400000|  0%| F|  |TAMS 0x00000000e3300000, 0x00000000e3300000| Untracked 
|  52|0x00000000e3400000, 0x00000000e3400000, 0x00000000e3500000|  0%| F|  |TAMS 0x00000000e3400000, 0x00000000e3400000| Untracked 
|  53|0x00000000e3500000, 0x00000000e3500000, 0x00000000e3600000|  0%| F|  |TAMS 0x00000000e3500000, 0x00000000e3500000| Untracked 
|  54|0x00000000e3600000, 0x00000000e3600000, 0x00000000e3700000|  0%| F|  |TAMS 0x00000000e3600000, 0x00000000e3600000| Untracked 
|  55|0x00000000e3700000, 0x00000000e3700000, 0x00000000e3800000|  0%| F|  |TAMS 0x00000000e3700000, 0x00000000e3700000| Untracked 
|  56|0x00000000e3800000, 0x00000000e3800000, 0x00000000e3900000|  0%| F|  |TAMS 0x00000000e3800000, 0x00000000e3800000| Untracked 
|  57|0x00000000e3900000, 0x00000000e3900000, 0x00000000e3a00000|  0%| F|  |TAMS 0x00000000e3900000, 0x00000000e3900000| Untracked 
|  58|0x00000000e3a00000, 0x00000000e3a00000, 0x00000000e3b00000|  0%| F|  |TAMS 0x00000000e3a00000, 0x00000000e3a00000| Untracked 
|  59|0x00000000e3b00000, 0x00000000e3b00000, 0x00000000e3c00000|  0%| F|  |TAMS 0x00000000e3b00000, 0x00000000e3b00000| Untracked 
|  60|0x00000000e3c00000, 0x00000000e3c00000, 0x00000000e3d00000|  0%| F|  |TAMS 0x00000000e3c00000, 0x00000000e3c00000| Untracked 
|  61|0x00000000e3d00000, 0x00000000e3d00000, 0x00000000e3e00000|  0%| F|  |TAMS 0x00000000e3d00000, 0x00000000e3d00000| Untracked 
|  62|0x00000000e3e00000, 0x00000000e3e00000, 0x00000000e3f00000|  0%| F|  |TAMS 0x00000000e3e00000, 0x00000000e3e00000| Untracked 
|  63|0x00000000e3f00000, 0x00000000e3f00000, 0x00000000e4000000|  0%| F|  |TAMS 0x00000000e3f00000, 0x00000000e3f00000| Untracked 
|  64|0x00000000e4000000, 0x00000000e4000000, 0x00000000e4100000|  0%| F|  |TAMS 0x00000000e4000000, 0x00000000e4000000| Untracked 
|  65|0x00000000e4100000, 0x00000000e4100000, 0x00000000e4200000|  0%| F|  |TAMS 0x00000000e4100000, 0x00000000e4100000| Untracked 
|  66|0x00000000e4200000, 0x00000000e4200000, 0x00000000e4300000|  0%| F|  |TAMS 0x00000000e4200000, 0x00000000e4200000| Untracked 
|  67|0x00000000e4300000, 0x00000000e4300000, 0x00000000e4400000|  0%| F|  |TAMS 0x00000000e4300000, 0x00000000e4300000| Untracked 
|  68|0x00000000e4400000, 0x00000000e4400000, 0x00000000e4500000|  0%| F|  |TAMS 0x00000000e4400000, 0x00000000e4400000| Untracked 
|  69|0x00000000e4500000, 0x00000000e4500000, 0x00000000e4600000|  0%| F|  |TAMS 0x00000000e4500000, 0x00000000e4500000| Untracked 
|  70|0x00000000e4600000, 0x00000000e4600000, 0x00000000e4700000|  0%| F|  |TAMS 0x00000000e4600000, 0x00000000e4600000| Untracked 
|  71|0x00000000e4700000, 0x00000000e4700000, 0x00000000e4800000|  0%| F|  |TAMS 0x00000000e4700000, 0x00000000e4700000| Untracked 
|  72|0x00000000e4800000, 0x00000000e4800000, 0x00000000e4900000|  0%| F|  |TAMS 0x00000000e4800000, 0x00000000e4800000| Untracked 
|  73|0x00000000e4900000, 0x00000000e4900000, 0x00000000e4a00000|  0%| F|  |TAMS 0x00000000e4900000, 0x00000000e4900000| Untracked 
|  74|0x00000000e4a00000, 0x00000000e4a00000, 0x00000000e4b00000|  0%| F|  |TAMS 0x00000000e4a00000, 0x00000000e4a00000| Untracked 
|  75|0x00000000e4b00000, 0x00000000e4b00000, 0x00000000e4c00000|  0%| F|  |TAMS 0x00000000e4b00000, 0x00000000e4b00000| Untracked 
|  76|0x00000000e4c00000, 0x00000000e4c00000, 0x00000000e4d00000|  0%| F|  |TAMS 0x00000000e4c00000, 0x00000000e4c00000| Untracked 
|  77|0x00000000e4d00000, 0x00000000e4d00000, 0x00000000e4e00000|  0%| F|  |TAMS 0x00000000e4d00000, 0x00000000e4d00000| Untracked 
|  78|0x00000000e4e00000, 0x00000000e4e00000, 0x00000000e4f00000|  0%| F|  |TAMS 0x00000000e4e00000, 0x00000000e4e00000| Untracked 
|  79|0x00000000e4f00000, 0x00000000e4f00000, 0x00000000e5000000|  0%| F|  |TAMS 0x00000000e4f00000, 0x00000000e4f00000| Untracked 
|  80|0x00000000e5000000, 0x00000000e5000000, 0x00000000e5100000|  0%| F|  |TAMS 0x00000000e5000000, 0x00000000e5000000| Untracked 
|  81|0x00000000e5100000, 0x00000000e5100000, 0x00000000e5200000|  0%| F|  |TAMS 0x00000000e5100000, 0x00000000e5100000| Untracked 
|  82|0x00000000e5200000, 0x00000000e5200000, 0x00000000e5300000|  0%| F|  |TAMS 0x00000000e5200000, 0x00000000e5200000| Untracked 
|  83|0x00000000e5300000, 0x00000000e5300000, 0x00000000e5400000|  0%| F|  |TAMS 0x00000000e5300000, 0x00000000e5300000| Untracked 
|  84|0x00000000e5400000, 0x00000000e5400000, 0x00000000e5500000|  0%| F|  |TAMS 0x00000000e5400000, 0x00000000e5400000| Untracked 
|  85|0x00000000e5500000, 0x00000000e5500000, 0x00000000e5600000|  0%| F|  |TAMS 0x00000000e5500000, 0x00000000e5500000| Untracked 
|  86|0x00000000e5600000, 0x00000000e5600000, 0x00000000e5700000|  0%| F|  |TAMS 0x00000000e5600000, 0x00000000e5600000| Untracked 
|  87|0x00000000e5700000, 0x00000000e5700000, 0x00000000e5800000|  0%| F|  |TAMS 0x00000000e5700000, 0x00000000e5700000| Untracked 
|  88|0x00000000e5800000, 0x00000000e5800000, 0x00000000e5900000|  0%| F|  |TAMS 0x00000000e5800000, 0x00000000e5800000| Untracked 
|  89|0x00000000e5900000, 0x00000000e5900000, 0x00000000e5a00000|  0%| F|  |TAMS 0x00000000e5900000, 0x00000000e5900000| Untracked 
|  90|0x00000000e5a00000, 0x00000000e5a00000, 0x00000000e5b00000|  0%| F|  |TAMS 0x00000000e5a00000, 0x00000000e5a00000| Untracked 
|  91|0x00000000e5b00000, 0x00000000e5b00000, 0x00000000e5c00000|  0%| F|  |TAMS 0x00000000e5b00000, 0x00000000e5b00000| Untracked 
|  92|0x00000000e5c00000, 0x00000000e5c00000, 0x00000000e5d00000|  0%| F|  |TAMS 0x00000000e5c00000, 0x00000000e5c00000| Untracked 
|  93|0x00000000e5d00000, 0x00000000e5d00000, 0x00000000e5e00000|  0%| F|  |TAMS 0x00000000e5d00000, 0x00000000e5d00000| Untracked 
|  94|0x00000000e5e00000, 0x00000000e5e00000, 0x00000000e5f00000|  0%| F|  |TAMS 0x00000000e5e00000, 0x00000000e5e00000| Untracked 
|  95|0x00000000e5f00000, 0x00000000e5f00000, 0x00000000e6000000|  0%| F|  |TAMS 0x00000000e5f00000, 0x00000000e5f00000| Untracked 
|  96|0x00000000e6000000, 0x00000000e6000000, 0x00000000e6100000|  0%| F|  |TAMS 0x00000000e6000000, 0x00000000e6000000| Untracked 
|  97|0x00000000e6100000, 0x00000000e6100000, 0x00000000e6200000|  0%| F|  |TAMS 0x00000000e6100000, 0x00000000e6100000| Untracked 
|  98|0x00000000e6200000, 0x00000000e6200000, 0x00000000e6300000|  0%| F|  |TAMS 0x00000000e6200000, 0x00000000e6200000| Untracked 
|  99|0x00000000e6300000, 0x00000000e6300000, 0x00000000e6400000|  0%| F|  |TAMS 0x00000000e6300000, 0x00000000e6300000| Untracked 
| 100|0x00000000e6400000, 0x00000000e6400000, 0x00000000e6500000|  0%| F|  |TAMS 0x00000000e6400000, 0x00000000e6400000| Untracked 
| 101|0x00000000e6500000, 0x00000000e6500000, 0x00000000e6600000|  0%| F|  |TAMS 0x00000000e6500000, 0x00000000e6500000| Untracked 
| 102|0x00000000e6600000, 0x00000000e6600000, 0x00000000e6700000|  0%| F|  |TAMS 0x00000000e6600000, 0x00000000e6600000| Untracked 
| 103|0x00000000e6700000, 0x00000000e6700000, 0x00000000e6800000|  0%| F|  |TAMS 0x00000000e6700000, 0x00000000e6700000| Untracked 
| 104|0x00000000e6800000, 0x00000000e6800000, 0x00000000e6900000|  0%| F|  |TAMS 0x00000000e6800000, 0x00000000e6800000| Untracked 
| 105|0x00000000e6900000, 0x00000000e6900000, 0x00000000e6a00000|  0%| F|  |TAMS 0x00000000e6900000, 0x00000000e6900000| Untracked 
| 106|0x00000000e6a00000, 0x00000000e6a00000, 0x00000000e6b00000|  0%| F|  |TAMS 0x00000000e6a00000, 0x00000000e6a00000| Untracked 
| 107|0x00000000e6b00000, 0x00000000e6b00000, 0x00000000e6c00000|  0%| F|  |TAMS 0x00000000e6b00000, 0x00000000e6b00000| Untracked 
| 108|0x00000000e6c00000, 0x00000000e6c00000, 0x00000000e6d00000|  0%| F|  |TAMS 0x00000000e6c00000, 0x00000000e6c00000| Untracked 
| 109|0x00000000e6d00000, 0x00000000e6d00000, 0x00000000e6e00000|  0%| F|  |TAMS 0x00000000e6d00000, 0x00000000e6d00000| Untracked 
| 110|0x00000000e6e00000, 0x00000000e6e00000, 0x00000000e6f00000|  0%| F|  |TAMS 0x00000000e6e00000, 0x00000000e6e00000| Untracked 
| 111|0x00000000e6f00000, 0x00000000e6f00000, 0x00000000e7000000|  0%| F|  |TAMS 0x00000000e6f00000, 0x00000000e6f00000| Untracked 
| 112|0x00000000e7000000, 0x00000000e7000000, 0x00000000e7100000|  0%| F|  |TAMS 0x00000000e7000000, 0x00000000e7000000| Untracked 
| 113|0x00000000e7100000, 0x00000000e7200000, 0x00000000e7200000|100%| S|CS|TAMS 0x00000000e7100000, 0x00000000e7100000| Complete 
| 114|0x00000000e7200000, 0x00000000e7300000, 0x00000000e7300000|100%| S|CS|TAMS 0x00000000e7200000, 0x00000000e7200000| Complete 
| 115|0x00000000e7300000, 0x00000000e7300000, 0x00000000e7400000|  0%| F|  |TAMS 0x00000000e7300000, 0x00000000e7300000| Untracked 
| 116|0x00000000e7400000, 0x00000000e7400000, 0x00000000e7500000|  0%| F|  |TAMS 0x00000000e7400000, 0x00000000e7400000| Untracked 
| 117|0x00000000e7500000, 0x00000000e7500000, 0x00000000e7600000|  0%| F|  |TAMS 0x00000000e7500000, 0x00000000e7500000| Untracked 
| 118|0x00000000e7600000, 0x00000000e7600000, 0x00000000e7700000|  0%| F|  |TAMS 0x00000000e7600000, 0x00000000e7600000| Untracked 
| 119|0x00000000e7700000, 0x00000000e7700000, 0x00000000e7800000|  0%| F|  |TAMS 0x00000000e7700000, 0x00000000e7700000| Untracked 
| 120|0x00000000e7800000, 0x00000000e7800000, 0x00000000e7900000|  0%| F|  |TAMS 0x00000000e7800000, 0x00000000e7800000| Untracked 
| 121|0x00000000e7900000, 0x00000000e7900000, 0x00000000e7a00000|  0%| F|  |TAMS 0x00000000e7900000, 0x00000000e7900000| Untracked 
| 122|0x00000000e7a00000, 0x00000000e7aeac38, 0x00000000e7b00000| 91%| E|  |TAMS 0x00000000e7a00000, 0x00000000e7a00000| Complete 
| 123|0x00000000e7b00000, 0x00000000e7c00000, 0x00000000e7c00000|100%| E|CS|TAMS 0x00000000e7b00000, 0x00000000e7b00000| Complete 
| 124|0x00000000e7c00000, 0x00000000e7d00000, 0x00000000e7d00000|100%| E|CS|TAMS 0x00000000e7c00000, 0x00000000e7c00000| Complete 
| 125|0x00000000e7d00000, 0x00000000e7e00000, 0x00000000e7e00000|100%| E|CS|TAMS 0x00000000e7d00000, 0x00000000e7d00000| Complete 
| 126|0x00000000e7e00000, 0x00000000e7f00000, 0x00000000e7f00000|100%| E|CS|TAMS 0x00000000e7e00000, 0x00000000e7e00000| Complete 
| 127|0x00000000e7f00000, 0x00000000e8000000, 0x00000000e8000000|100%| E|CS|TAMS 0x00000000e7f00000, 0x00000000e7f00000| Complete 

Card table byte_map: [0x000002d939a00000,0x000002d939b00000] _byte_map_base: 0x000002d939300000

Marking Bits (Prev, Next): (CMBitMap*) 0x000002d939ce8480, (CMBitMap*) 0x000002d939ce84c0
 Prev Bits: [0x000002d944840000, 0x000002d945040000)
 Next Bits: [0x000002d945040000, 0x000002d945840000)

Polling page: 0x000002d937b90000

Metaspace:

Usage:
  Non-class:      4.12 MB used.
      Class:    581.60 KB used.
       Both:      4.69 MB used.

Virtual space:
  Non-class space:       64.00 MB reserved,       4.19 MB (  7%) committed,  1 nodes.
      Class space:        1.00 GB reserved,     640.00 KB ( <1%) committed,  1 nodes.
             Both:        1.06 GB reserved,       4.81 MB ( <1%) committed. 

Chunk freelists:
   Non-Class:  11.73 MB
       Class:  15.22 MB
        Both:  26.95 MB

MaxMetaspaceSize: unlimited
CompressedClassSpaceSize: 1.00 GB
Initial GC threshold: 21.00 MB
Current GC threshold: 21.00 MB
CDS: on
MetaspaceReclaimPolicy: balanced
 - commit_granule_bytes: 65536.
 - commit_granule_words: 8192.
 - virtual_space_node_default_size: 8388608.
 - enlarge_chunks_in_place: 1.
 - new_chunks_are_fully_committed: 0.
 - uncommit_free_chunks: 1.
 - use_allocation_guard: 0.
 - handle_deallocations: 1.


Internal statistics:

num_allocs_failed_limit: 0.
num_arena_births: 84.
num_arena_deaths: 0.
num_vsnodes_births: 2.
num_vsnodes_deaths: 0.
num_space_committed: 77.
num_space_uncommitted: 0.
num_chunks_returned_to_freelist: 0.
num_chunks_taken_from_freelist: 111.
num_chunk_merges: 0.
num_chunk_splits: 69.
num_chunks_enlarged: 34.
num_inconsistent_stats: 0.

CodeCache: size=49152Kb used=3132Kb max_used=3132Kb free=46019Kb
 bounds [0x000002d941840000, 0x000002d941b50000, 0x000002d944840000]
 total_blobs=1462 nmethods=1020 adapters=369
 compilation: enabled
              stopped_count=0, restarted_count=0
 full_count=0

Compilation events (20 events):
Event: 1.123 Thread 0x000002d947df2e00 nmethod 1009 0x000002d941b41490 code [0x000002d941b416c0, 0x000002d941b41c18]
Event: 1.123 Thread 0x000002d947df2e00 1010   !   1       java.net.URL::set (114 bytes)
Event: 1.124 Thread 0x000002d947df2e00 nmethod 1010 0x000002d941b41f10 code [0x000002d941b42120, 0x000002d941b428b8]
Event: 1.124 Thread 0x000002d947df2e00 1011   !   1       jdk.internal.ref.PhantomCleanable::remove (60 bytes)
Event: 1.124 Thread 0x000002d947df2e00 nmethod 1011 0x000002d941b42b90 code [0x000002d941b42d40, 0x000002d941b430d8]
Event: 1.124 Thread 0x000002d947df2e00 1012       1       java.lang.ref.Reference::clear (5 bytes)
Event: 1.124 Thread 0x000002d947df2e00 nmethod 1012 0x000002d941b43290 code [0x000002d941b43420, 0x000002d941b43508]
Event: 1.125 Thread 0x000002d947df2e00 1013       1       java.lang.ClassLoader::checkName (37 bytes)
Event: 1.125 Thread 0x000002d947df2e00 nmethod 1013 0x000002d941b43590 code [0x000002d941b43780, 0x000002d941b43a98]
Event: 1.125 Thread 0x000002d947e8e8a0 nmethod 1008 0x000002d941b43c90 code [0x000002d941b440c0, 0x000002d941b45868]
Event: 1.125 Thread 0x000002d947e8e8a0 1014       1       java.io.FilterInputStream::<init> (10 bytes)
Event: 1.125 Thread 0x000002d947e8e8a0 nmethod 1014 0x000002d941b47190 code [0x000002d941b47320, 0x000002d941b47438]
Event: 1.127 Thread 0x000002d947df2e00 1015       1       sun.net.www.protocol.file.Handler::parseURL (18 bytes)
Event: 1.127 Thread 0x000002d947df2e00 nmethod 1015 0x000002d941b47490 code [0x000002d941b47640, 0x000002d941b47778]
Event: 1.127 Thread 0x000002d947e8e8a0 1016       1       java.net.URLStreamHandler::parseURL (1201 bytes)
Event: 1.133 Thread 0x000002d947df2e00 1017       1       jdk.internal.ref.PhantomCleanable::clean (16 bytes)
Event: 1.133 Thread 0x000002d947df2e00 nmethod 1017 0x000002d941b47890 code [0x000002d941b47a40, 0x000002d941b47b88]
Event: 1.133 Thread 0x000002d947df2e00 1018       1       jdk.internal.ref.CleanerImpl$PhantomCleanableRef::performCleanup (10 bytes)
Event: 1.133 Thread 0x000002d947df2e00 nmethod 1018 0x000002d941b47c90 code [0x000002d941b47e40, 0x000002d941b47f28]
Event: 1.135 Thread 0x000002d947e8e8a0 nmethod 1016 0x000002d941b47f90 code [0x000002d941b48840, 0x000002d941b4c2a8]

GC Heap History (2 events):
Event: 0.795 GC heap before
{Heap before GC invocations=0 (full 0):
 garbage-first heap   total 131072K, used 16384K [0x00000000e0000000, 0x0000000100000000)
  region size 1024K, 13 young (13312K), 0 survivors (0K)
 Metaspace       used 1599K, committed 1728K, reserved 1114112K
  class space    used 173K, committed 256K, reserved 1048576K
}
Event: 0.799 GC heap after
{Heap after GC invocations=1 (full 0):
 garbage-first heap   total 131072K, used 10687K [0x00000000e0000000, 0x0000000100000000)
  region size 1024K, 2 young (2048K), 2 survivors (2048K)
 Metaspace       used 1599K, committed 1728K, reserved 1114112K
  class space    used 173K, committed 256K, reserved 1048576K
}

Dll operation events (11 events):
Event: 0.017 Loaded shared library C:\Users\GNEX_DIGITAL\.jdks\ms-17.0.19\bin\java.dll
Event: 0.059 Loaded shared library C:\Users\GNEX_DIGITAL\.jdks\ms-17.0.19\bin\jsvml.dll
Event: 0.416 Loaded shared library C:\Users\GNEX_DIGITAL\.jdks\ms-17.0.19\bin\zip.dll
Event: 0.419 Loaded shared library C:\Users\GNEX_DIGITAL\.jdks\ms-17.0.19\bin\instrument.dll
Event: 0.440 Loaded shared library C:\Users\GNEX_DIGITAL\.jdks\ms-17.0.19\bin\net.dll
Event: 0.446 Loaded shared library C:\Users\GNEX_DIGITAL\.jdks\ms-17.0.19\bin\nio.dll
Event: 0.451 Loaded shared library C:\Users\GNEX_DIGITAL\.jdks\ms-17.0.19\bin\zip.dll
Event: 0.570 Loaded shared library C:\Users\GNEX_DIGITAL\.jdks\ms-17.0.19\bin\jimage.dll
Event: 0.748 Loaded shared library C:\Users\GNEX_DIGITAL\.jdks\ms-17.0.19\bin\management.dll
Event: 0.764 Loaded shared library C:\Users\GNEX_DIGITAL\.jdks\ms-17.0.19\bin\management_ext.dll
Event: 0.806 Loaded shared library C:\Users\GNEX_DIGITAL\.jdks\ms-17.0.19\bin\extnet.dll

Deoptimization events (0 events):
No events

Classes loaded (20 events):
Event: 1.084 Loading class sun/util/resources/cldr/TimeZoneNames_en_US
Event: 1.084 Loading class sun/util/resources/cldr/TimeZoneNames_en_US done
Event: 1.085 Loading class java/time/zone/ZoneRulesProvider
Event: 1.085 Loading class java/time/zone/ZoneRulesProvider done
Event: 1.085 Loading class java/time/zone/ZoneRulesProvider$1
Event: 1.085 Loading class java/time/zone/ZoneRulesProvider$1 done
Event: 1.085 Loading class java/time/zone/TzdbZoneRulesProvider
Event: 1.085 Loading class java/time/zone/TzdbZoneRulesProvider done
Event: 1.088 Loading class java/time/zone/Ser
Event: 1.088 Loading class java/time/zone/Ser done
Event: 1.088 Loading class java/time/zone/ZoneOffsetTransition
Event: 1.088 Loading class java/time/zone/ZoneOffsetTransition done
Event: 1.089 Loading class sun/util/cldr/CLDRBaseLocaleDataMetaInfo$TZCanonicalIDMapHolder
Event: 1.090 Loading class sun/util/cldr/CLDRBaseLocaleDataMetaInfo$TZCanonicalIDMapHolder done
Event: 1.091 Loading class sun/util/resources/TimeZoneNames
Event: 1.092 Loading class sun/util/resources/TimeZoneNames done
Event: 1.093 Loading class sun/util/resources/TimeZoneNames_en
Event: 1.093 Loading class sun/util/resources/TimeZoneNames_en done
Event: 1.102 Loading class sun/nio/ch/IOStatus
Event: 1.102 Loading class sun/nio/ch/IOStatus done

Classes unloaded (0 events):
No events

Classes redefined (0 events):
No events

Internal exceptions (9 events):
Event: 0.745 Thread 0x000002d947def2d0 Exception <a 'java/lang/NoSuchMethodError'{0x00000000e7315cc0}: 'java.lang.Object java.lang.invoke.DirectMethodHandle$Holder.invokeStaticInit(java.lang.Object)'> (0x00000000e7315cc0) 
thrown [s\src\hotspot\share\interpreter\linkResolver.cpp, line 759]
Event: 0.769 Thread 0x000002d947def2d0 Exception <a 'java/lang/NoSuchMethodError'{0x00000000e732ba50}: 'int java.lang.invoke.DirectMethodHandle$Holder.invokeInterface(java.lang.Object, java.lang.Object)'> (0x00000000e732ba50) 
thrown [s\src\hotspot\share\interpreter\linkResolver.cpp, line 759]
Event: 0.769 Thread 0x000002d947def2d0 Exception <a 'java/lang/IncompatibleClassChangeError'{0x00000000e732f050}: Found class java.lang.Object, but interface was expected> (0x00000000e732f050) 
thrown [s\src\hotspot\share\interpreter\linkResolver.cpp, line 826]
Event: 0.771 Thread 0x000002d947def2d0 Exception <a 'java/lang/NoSuchMethodError'{0x00000000e7334c70}: 'void java.lang.invoke.DirectMethodHandle$Holder.invokeStatic(java.lang.Object, java.lang.Object)'> (0x00000000e7334c70) 
thrown [s\src\hotspot\share\interpreter\linkResolver.cpp, line 759]
Event: 0.828 Thread 0x000002d947def2d0 Exception <a 'java/lang/NoSuchMethodError'{0x00000000e7fc3030}: 'int java.lang.invoke.DirectMethodHandle$Holder.invokeSpecial(java.lang.Object, java.lang.Object, java.lang.Object)'> (0x00000000e7fc3030) 
thrown [s\src\hotspot\share\interpreter\linkResolver.cpp, line 759]
Event: 0.872 Thread 0x000002d947def2d0 Exception <a 'java/lang/NoSuchMethodError'{0x00000000e7ebece8}: 'void java.lang.invoke.DirectMethodHandle$Holder.invokeStatic(java.lang.Object, java.lang.Object, java.lang.Object)'> (0x00000000e7ebece8) 
thrown [s\src\hotspot\share\interpreter\linkResolver.cpp, line 759]
Event: 0.906 Thread 0x000002d947def2d0 Exception <a 'java/lang/NoSuchMethodError'{0x00000000e7d70628}: 'java.lang.Object java.lang.invoke.DirectMethodHandle$Holder.invokeStaticInit(java.lang.Object, int, int, int, int)'> (0x00000000e7d70628) 
thrown [s\src\hotspot\share\interpreter\linkResolver.cpp, line 759]
Event: 0.967 Thread 0x000002d947def2d0 Exception <a 'java/lang/NoSuchMethodError'{0x00000000e7c53e88}: 'java.lang.Object java.lang.invoke.DirectMethodHandle$Holder.invokeStaticInit(java.lang.Object, java.lang.Object, int, int, int, int)'> (0x00000000e7c53e88) 
thrown [s\src\hotspot\share\interpreter\linkResolver.cpp, line 759]
Event: 0.984 Thread 0x000002d947def2d0 Exception <a 'java/lang/ClassNotFoundException'{0x00000000e7c726a8}: javax/management/remote/rmi/RMIServerImpl_Skel> (0x00000000e7c726a8) 
thrown [s\src\hotspot\share\classfile\systemDictionary.cpp, line 256]

VM Operations (14 events):
Event: 0.396 Executing VM operation: HandshakeAllThreads
Event: 0.405 Executing VM operation: HandshakeAllThreads done
Event: 0.732 Executing VM operation: HandshakeAllThreads
Event: 0.732 Executing VM operation: HandshakeAllThreads done
Event: 0.778 Executing VM operation: HandshakeAllThreads
Event: 0.780 Executing VM operation: HandshakeAllThreads done
Event: 0.781 Executing VM operation: HandshakeAllThreads
Event: 0.781 Executing VM operation: HandshakeAllThreads done
Event: 0.795 Executing VM operation: G1CollectForAllocation
Event: 0.799 Executing VM operation: G1CollectForAllocation done
Event: 0.897 Executing VM operation: HandshakeAllThreads
Event: 0.897 Executing VM operation: HandshakeAllThreads done
Event: 1.005 Executing VM operation: HandshakeAllThreads
Event: 1.070 Executing VM operation: HandshakeAllThreads done

Memory protections (0 events):
No events

Nmethod flushes (0 events):
No events

Events (14 events):
Event: 0.059 Thread 0x000002d939cba6e0 Thread added: 0x000002d939cba6e0
Event: 0.063 Thread 0x000002d939cba6e0 Thread added: 0x000002d947dd6870
Event: 0.063 Thread 0x000002d939cba6e0 Thread added: 0x000002d947dd7340
Event: 0.076 Thread 0x000002d939cba6e0 Thread added: 0x000002d947deea00
Event: 0.076 Thread 0x000002d939cba6e0 Thread added: 0x000002d947def2d0
Event: 0.079 Thread 0x000002d939cba6e0 Thread added: 0x000002d947defba0
Event: 0.079 Thread 0x000002d939cba6e0 Thread added: 0x000002d947df0470
Event: 0.079 Thread 0x000002d939cba6e0 Thread added: 0x000002d947df2e00
Event: 0.083 Thread 0x000002d939cba6e0 Thread added: 0x000002d947e232c0
Event: 0.390 Thread 0x000002d939cba6e0 Thread added: 0x000002d98d108a50
Event: 0.396 Thread 0x000002d947df2e00 Thread added: 0x000002d947e8e8a0
Event: 0.738 Thread 0x000002d939cba6e0 Thread added: 0x000002d98d8d80e0
Event: 0.738 Thread 0x000002d939cba6e0 Thread added: 0x000002d98d8d85c0
Event: 0.993 Thread 0x000002d947def2d0 Thread added: 0x000002d98da07070


Dynamic libraries:
0x00007ff74a4d0000 - 0x00007ff74a4de000 	C:\Users\GNEX_DIGITAL\.jdks\ms-17.0.19\bin\java.exe
0x00007ff8ed8b0000 - 0x00007ff8edaa8000 	C:\Windows\SYSTEM32\ntdll.dll
0x00007ff8eba90000 - 0x00007ff8ebb4f000 	C:\Windows\System32\KERNEL32.DLL
0x00007ff8eb0a0000 - 0x00007ff8eb372000 	C:\Windows\System32\KERNELBASE.dll
0x00007ff8eb6a0000 - 0x00007ff8eb7a0000 	C:\Windows\System32\ucrtbase.dll
0x00007ff8e68f0000 - 0x00007ff8e6908000 	C:\Users\GNEX_DIGITAL\.jdks\ms-17.0.19\bin\jli.dll
0x00007ff8ebd10000 - 0x00007ff8ebeb1000 	C:\Windows\System32\USER32.dll
0x00007ff8eafb0000 - 0x00007ff8eafd2000 	C:\Windows\System32\win32u.dll
0x00007ff8eb9a0000 - 0x00007ff8eb9cb000 	C:\Windows\System32\GDI32.dll
0x00007ff8eb590000 - 0x00007ff8eb69f000 	C:\Windows\System32\gdi32full.dll
0x00007ff8eb460000 - 0x00007ff8eb4fd000 	C:\Windows\System32\msvcp_win.dll
0x00007ff8e3830000 - 0x00007ff8e384e000 	C:\Users\GNEX_DIGITAL\.jdks\ms-17.0.19\bin\VCRUNTIME140.dll
0x00007ff8d6660000 - 0x00007ff8d68fa000 	C:\Windows\WinSxS\amd64_microsoft.windows.common-controls_6595b64144ccf1df_6.0.19041.1110_none_60b5254171f9507e\COMCTL32.dll
0x00007ff8ed710000 - 0x00007ff8ed7ae000 	C:\Windows\System32\msvcrt.dll
0x00007ff8ebce0000 - 0x00007ff8ebd10000 	C:\Windows\System32\IMM32.DLL
0x00007ff8e7ee0000 - 0x00007ff8e7eec000 	C:\Users\GNEX_DIGITAL\.jdks\ms-17.0.19\bin\vcruntime140_1.dll
0x00007ff8cece0000 - 0x00007ff8ced69000 	C:\Users\GNEX_DIGITAL\.jdks\ms-17.0.19\bin\msvcp140.dll
0x00007ff898dc0000 - 0x00007ff899a3b000 	C:\Users\GNEX_DIGITAL\.jdks\ms-17.0.19\bin\server\jvm.dll
0x00007ff8ed530000 - 0x00007ff8ed5de000 	C:\Windows\System32\ADVAPI32.dll
0x00007ff8eb900000 - 0x00007ff8eb99c000 	C:\Windows\System32\sechost.dll
0x00007ff8ed5e0000 - 0x00007ff8ed704000 	C:\Windows\System32\RPCRT4.dll
0x00007ff8ec2b0000 - 0x00007ff8ec31b000 	C:\Windows\System32\WS2_32.dll
0x00007ff8ea960000 - 0x00007ff8ea9ab000 	C:\Windows\SYSTEM32\POWRPROF.dll
0x00007ff8d44e0000 - 0x00007ff8d4507000 	C:\Windows\SYSTEM32\WINMM.dll
0x00007ff8e0760000 - 0x00007ff8e076a000 	C:\Windows\SYSTEM32\VERSION.dll
0x00007ff8ea940000 - 0x00007ff8ea952000 	C:\Windows\SYSTEM32\UMPDC.dll
0x00007ff8e8e10000 - 0x00007ff8e8e22000 	C:\Windows\SYSTEM32\kernel.appcore.dll
0x00007ff8e6960000 - 0x00007ff8e696a000 	C:\Users\GNEX_DIGITAL\.jdks\ms-17.0.19\bin\jimage.dll
0x00007ff8e4bf0000 - 0x00007ff8e4dd4000 	C:\Windows\SYSTEM32\DBGHELP.DLL
0x00007ff8cfe80000 - 0x00007ff8cfeb5000 	C:\Windows\SYSTEM32\dbgcore.DLL
0x00007ff8eb500000 - 0x00007ff8eb582000 	C:\Windows\System32\bcryptPrimitives.dll
0x00007ff8e6810000 - 0x00007ff8e681f000 	C:\Users\GNEX_DIGITAL\.jdks\ms-17.0.19\bin\instrument.dll
0x00007ff8e3580000 - 0x00007ff8e35a6000 	C:\Users\GNEX_DIGITAL\.jdks\ms-17.0.19\bin\java.dll
0x00007ff8ce660000 - 0x00007ff8ce736000 	C:\Users\GNEX_DIGITAL\.jdks\ms-17.0.19\bin\jsvml.dll
0x00007ff8ec760000 - 0x00007ff8ecea5000 	C:\Windows\System32\SHELL32.dll
0x00007ff8e9030000 - 0x00007ff8e97c2000 	C:\Windows\SYSTEM32\windows.storage.dll
0x00007ff8ebec0000 - 0x00007ff8ec215000 	C:\Windows\System32\combase.dll
0x00007ff8ea8c0000 - 0x00007ff8ea8f0000 	C:\Windows\SYSTEM32\Wldp.dll
0x00007ff8eb9e0000 - 0x00007ff8eba8d000 	C:\Windows\System32\SHCORE.dll
0x00007ff8ed3a0000 - 0x00007ff8ed3f5000 	C:\Windows\System32\shlwapi.dll
0x00007ff8eaef0000 - 0x00007ff8eaf0f000 	C:\Windows\SYSTEM32\profapi.dll
0x00007ff8e2a70000 - 0x00007ff8e2a88000 	C:\Users\GNEX_DIGITAL\.jdks\ms-17.0.19\bin\zip.dll
0x00007ff8e2a50000 - 0x00007ff8e2a6b000 	C:\Users\GNEX_DIGITAL\.jdks\ms-17.0.19\bin\net.dll
0x00007ff8e5140000 - 0x00007ff8e524a000 	C:\Windows\SYSTEM32\WINHTTP.dll
0x00007ff8ea6a0000 - 0x00007ff8ea70a000 	C:\Windows\system32\mswsock.dll
0x00007ff8e29b0000 - 0x00007ff8e29c6000 	C:\Users\GNEX_DIGITAL\.jdks\ms-17.0.19\bin\nio.dll
0x00007ff8ea3f0000 - 0x00007ff8ea4bb000 	C:\Windows\SYSTEM32\DNSAPI.dll
0x00007ff8ea3b0000 - 0x00007ff8ea3eb000 	C:\Windows\SYSTEM32\IPHLPAPI.DLL
0x00007ff8ed520000 - 0x00007ff8ed528000 	C:\Windows\System32\NSI.dll
0x00007ff8e0400000 - 0x00007ff8e040a000 	C:\Windows\System32\rasadhlp.dll
0x00007ff8db9d0000 - 0x00007ff8dba50000 	C:\Windows\System32\fwpuclnt.dll
0x00007ff8eb430000 - 0x00007ff8eb457000 	C:\Windows\System32\bcrypt.dll
0x00007ff8e3b50000 - 0x00007ff8e3b5a000 	C:\Users\GNEX_DIGITAL\.jdks\ms-17.0.19\bin\management.dll
0x00007ff8e3900000 - 0x00007ff8e390c000 	C:\Users\GNEX_DIGITAL\.jdks\ms-17.0.19\bin\management_ext.dll
0x00007ff8eb9d0000 - 0x00007ff8eb9d8000 	C:\Windows\System32\PSAPI.DLL
0x00007ff8e3f10000 - 0x00007ff8e3f19000 	C:\Users\GNEX_DIGITAL\.jdks\ms-17.0.19\bin\extnet.dll
0x00007ff8ea900000 - 0x00007ff8ea918000 	C:\Windows\SYSTEM32\CRYPTSP.dll
0x00007ff8e9fe0000 - 0x00007ff8ea014000 	C:\Windows\system32\rsaenh.dll
0x00007ff8eaeb0000 - 0x00007ff8eaede000 	C:\Windows\SYSTEM32\USERENV.dll
0x00007ff8ea830000 - 0x00007ff8ea83c000 	C:\Windows\SYSTEM32\CRYPTBASE.dll
0x00007ff8e05f0000 - 0x00007ff8e0607000 	C:\Windows\SYSTEM32\dhcpcsvc6.DLL
0x00007ff8e04e0000 - 0x00007ff8e04fd000 	C:\Windows\SYSTEM32\dhcpcsvc.DLL
0x00007ff8c8680000 - 0x00007ff8c8697000 	C:\Windows\system32\napinsp.dll
0x00007ff8c8660000 - 0x00007ff8c867b000 	C:\Windows\system32\pnrpnsp.dll
0x00007ff8e50e0000 - 0x00007ff8e50f5000 	C:\Windows\system32\wshbth.dll
0x00007ff8e68d0000 - 0x00007ff8e68ed000 	C:\Windows\system32\NLAapi.dll
0x00007ff8c8640000 - 0x00007ff8c8652000 	C:\Windows\System32\winrnr.dll

dbghelp: loaded successfully - version: 4.0.5 - missing functions: none
symbol engine: initialized successfully - sym options: 0x614 - pdb path: .;C:\Users\GNEX_DIGITAL\.jdks\ms-17.0.19\bin;C:\Windows\SYSTEM32;C:\Windows\WinSxS\amd64_microsoft.windows.common-controls_6595b64144ccf1df_6.0.19041.1110_none_60b5254171f9507e;C:\Users\GNEX_DIGITAL\.jdks\ms-17.0.19\bin\server

VM Arguments:
jvm_args: -Xms128m -Xmx512m -XX:TieredStopAtLevel=1 -Dspring.output.ansi.enabled=always -Dcom.sun.management.jmxremote -Dspring.jmx.enabled=true -Dspring.liveBeansView.mbeanDomain -Dspring.application.admin.enabled=true -Dmanagement.endpoints.jmx.exposure.include=* -javaagent:D:\IntelliJ IDEA 2026.1.4\lib\idea_rt.jar=53222 -Dfile.encoding=UTF-8 
java_command: com.zosh.BookingServiceApplication
java_class_path (initial): D:\Airline Project\Backend\Microservices\services\booking-service\target\classes;D:\Airline Project\Backend\Microservices\common-lib\target\classes;C:\Users\GNEX_DIGITAL\.m2\repository\org\springframework\boot\spring-boot-starter-validation\4.0.2\spring-boot-starter-validation-4.0.2.jar;C:\Users\GNEX_DIGITAL\.m2\repository\org\springframework\boot\spring-boot-validation\4.0.2\spring-boot-validation-4.0.2.jar;C:\Users\GNEX_DIGITAL\.m2\repository\org\apache\tomcat\embed\tomcat-embed-el\11.0.15\tomcat-embed-el-11.0.15.jar;C:\Users\GNEX_DIGITAL\.m2\repository\org\hibernate\validator\hibernate-validator\9.0.1.Final\hibernate-validator-9.0.1.Final.jar;C:\Users\GNEX_DIGITAL\.m2\repository\org\jboss\logging\jboss-logging\3.6.1.Final\jboss-logging-3.6.1.Final.jar;C:\Users\GNEX_DIGITAL\.m2\repository\com\fasterxml\classmate\1.7.3\classmate-1.7.3.jar;C:\Users\GNEX_DIGITAL\.m2\repository\org\springframework\boot\spring-boot-starter-data-jpa\4.0.2\spring-boot-starter-data-jpa-4.0.2.jar;C:\Users\GNEX_DIGITAL\.m2\repository\org\springframework\boot\spring-boot-starter\4.0.2\spring-boot-starter-4.0.2.jar;C:\Users\GNEX_DIGITAL\.m2\repository\org\springframework\boot\spring-boot-starter-logging\4.0.2\spring-boot-starter-logging-4.0.2.jar;C:\Users\GNEX_DIGITAL\.m2\repository\ch\qos\logback\logback-classic\1.5.25\logback-classic-1.5.25.jar;C:\Users\GNEX_DIGITAL\.m2\repository\ch\qos\logback\logback-core\1.5.25\logback-core-1.5.25.jar;C:\Users\GNEX_DIGITAL\.m2\repository\org\apache\logging\log4j\log4j-to-slf4j\2.25.3\log4j-to-slf4j-2.25.3.jar;C:\Users\GNEX_DIGITAL\.m2\repository\org\slf4j\jul-to-slf4j\2.0.17\jul-to-slf4j-2.0.17.jar;C:\Users\GNEX_DIGITAL\.m2\repository\jakarta\annotation\jakarta.annotation-api\3.0.0\jakarta.annotation-api-3.0.0.jar;C:\Users\GNEX_DIGITAL\.m2\repository\org\yaml\snakeyaml\2.5\snakeyaml-2.5.jar;C:\Users\GNEX_DIGITAL\.m2\repository\org\springframework\boot\spring-boot-starter-jdbc\4.0.2\spring-boot-starter-jdbc-4.0.2.jar;C:\Users
Launcher Type: SUN_STANDARD

[Global flags]
     intx CICompilerCount                          = 3                                         {product} {ergonomic}
     uint ConcGCThreads                            = 1                                         {product} {ergonomic}
     uint G1ConcRefinementThreads                  = 4                                         {product} {ergonomic}
   size_t G1HeapRegionSize                         = 1048576                                   {product} {ergonomic}
    uintx GCDrainStackTargetSize                   = 64                                        {product} {ergonomic}
   size_t InitialHeapSize                          = 134217728                                 {product} {command line}
     bool ManagementServer                         = true                                      {product} {command line}
   size_t MarkStackSize                            = 4194304                                   {product} {ergonomic}
   size_t MaxHeapSize                              = 536870912                                 {product} {command line}
   size_t MaxNewSize                               = 321912832                                 {product} {ergonomic}
   size_t MinHeapDeltaBytes                        = 1048576                                   {product} {ergonomic}
   size_t MinHeapSize                              = 134217728                                 {product} {command line}
    uintx NonProfiledCodeHeapSize                  = 0                                      {pd product} {ergonomic}
     bool ProfileInterpreter                       = false                                  {pd product} {command line}
    uintx ProfiledCodeHeapSize                     = 0                                      {pd product} {ergonomic}
   size_t SoftMaxHeapSize                          = 536870912                              {manageable} {ergonomic}
     intx TieredStopAtLevel                        = 1                                         {product} {command line}
     bool UseCompressedClassPointers               = true                           {product lp64_product} {ergonomic}
     bool UseCompressedOops                        = true                           {product lp64_product} {ergonomic}
     bool UseG1GC                                  = true                                      {product} {ergonomic}
     bool UseLargePagesIndividualAllocation        = false                                  {pd product} {ergonomic}

Logging:
Log output configuration:
 #0: stdout all=warning uptime,level,tags
 #1: stderr all=off uptime,level,tags

Environment Variables:
JAVA_HOME=C:\Program Files\Java\latest\jdk-17
PATH=C:\Python314\Scripts\;C:\Python314\;C:\Program Files\Common Files\Oracle\Java\javapath;C:\Windows\system32;C:\Windows;C:\Windows\System32\Wbem;C:\Windows\System32\WindowsPowerShell\v1.0\;C:\Windows\System32\OpenSSH\;C:\Program Files\Java\latest\jdk-17\bin;C:\Program Files\Maven\apache-maven-3.9.16\bin;D:\Git\cmd;C:\Program Files\nodejs\;C:\ProgramData\chocolatey\bin;;C:\Program Files\Docker\Docker\resources\bin;C:\Users\GNEX_DIGITAL\AppData\Local\Microsoft\WindowsApps;D:\IntelliJ IDEA 2026.1.4\bin;D:\Microsoft VS Code\bin;C:\Users\GNEX_DIGITAL\AppData\Roaming\npm;D:\Antigravity IDE\bin
USERNAME=GNEX_DIGITAL
OS=Windows_NT
PROCESSOR_IDENTIFIER=Intel64 Family 6 Model 140 Stepping 1, GenuineIntel
TMP=C:\Users\GNEX_D~1\AppData\Local\Temp
TEMP=C:\Users\GNEX_D~1\AppData\Local\Temp



Periodic native trim disabled


---------------  S Y S T E M  ---------------

OS:
 Windows 10 , 64 bit Build 19041 (10.0.19041.2546)
OS uptime: 4 days 10:06 hours
Hyper-V role detected

CPU: total 4 (initial active 4) (2 cores per cpu, 2 threads per core) family 6 model 140 stepping 1 microcode 0x9a, cx8, cmov, fxsr, ht, mmx, 3dnowpref, sse, sse2, sse3, ssse3, sse4.1, sse4.2, popcnt, lzcnt, tsc, tscinvbit, avx, avx2, aes, erms, clmul, bmi1, bmi2, adx, avx512f, avx512dq, avx512cd, avx512bw, avx512vl, sha, fma, vzeroupper, avx512_vpopcntdq, avx512_vpclmulqdq, avx512_vaes, avx512_vnni, clflush, clflushopt, clwb, avx512_vbmi2, avx512_vbmi, hv
Processor Information for the first 4 processors :
  Max Mhz: 2995, Current Mhz: 2995, Mhz Limit: 2995

Memory: 4k page, system-wide physical 7991M (253M free)
TotalPageFile size 23535M (AvailPageFile size 0M)
current process WorkingSet (physical memory assigned to process): 71M, peak: 71M
current process commit charge ("private bytes"): 213M, peak: 214M

vm_info: OpenJDK 64-Bit Server VM (17.0.19+10-LTS) for windows-amd64 JRE (17.0.19+10-LTS), built on Apr 18 2026 18:24:40 by "MicrosoftCorporation" with MS VC++ 17.14 (VS2022)

END.
