#
# There is insufficient memory for the Java Runtime Environment to continue.
# Native memory allocation (mmap) failed to map 199229440 bytes for G1 virtual space
# Possible reasons:
#   The system is out of physical RAM or swap space
#   The process is running with CompressedOops enabled, and the Java Heap may be blocking the growth of the native heap
# Possible solutions:
#   Reduce memory load on the system
#   Increase physical memory or swap space
#   Check if swap backing store is full
#   Decrease Java heap size (-Xmx/-Xms)
#   Decrease number of Java threads
#   Decrease Java thread stack sizes (-Xss)
#   Set larger code cache with -XX:ReservedCodeCacheSize=
#   JVM is running with Zero Based Compressed Oops mode in which the Java heap is
#     placed in the first 32GB address space. The Java Heap base address is the
#     maximum limit for the native heap growth. Please use -XX:HeapBaseMinAddress
#     to set the Java Heap base and to place the Java Heap above 32GB virtual address.
# This output file may be truncated or incomplete.
#
#  Out of Memory Error (os_windows.cpp:3552), pid=13896, tid=19424
#
# JRE version:  (17.0.19+9) (build )
# Java VM: Java HotSpot(TM) 64-Bit Server VM (17.0.19+9-LTS-183, mixed mode, sharing, tiered, compressed oops, compressed class ptrs, g1 gc, windows-amd64)
# No core dump will be written. Minidumps are not enabled by default on client versions of Windows
#

---------------  S U M M A R Y ------------

Command Line: -Dclassworlds.conf=C:\Program Files\Maven\apache-maven-3.9.16\bin\m2.conf -Dmaven.home=C:\Program Files\Maven\apache-maven-3.9.16 -Dlibrary.jansi.path=C:\Program Files\Maven\apache-maven-3.9.16\lib\jansi-native -Dmaven.multiModuleProjectDirectory=D:\Airline Project\Backend\Microservices\services\seat-service org.codehaus.plexus.classworlds.launcher.Launcher spring-boot:run

Host: 11th Gen Intel(R) Core(TM) i3-1115G4 @ 3.00GHz, 4 cores, 11G,  Windows 10 , 64 bit Build 19041 (10.0.19041.2546)
Time: Thu Aug  6 21:31:48 2026 India Standard Time elapsed time: 0.010224 seconds (0d 0h 0m 0s)

---------------  T H R E A D  ---------------

Current thread (0x00000211efcaea10):  JavaThread "Unknown thread" [_thread_in_vm, id=19424, stack(0x0000004b55b00000,0x0000004b55c00000)]

Stack: [0x0000004b55b00000,0x0000004b55c00000]
Native frames: (J=compiled Java code, j=interpreted, Vv=VM code, C=native code)
V  [jvm.dll+0x67ee4a]
V  [jvm.dll+0x7dedab]
V  [jvm.dll+0x7e06ee]
V  [jvm.dll+0x7e0d73]
V  [jvm.dll+0x247b9f]
V  [jvm.dll+0x67be49]
V  [jvm.dll+0x670bb2]
V  [jvm.dll+0x306ee0]
V  [jvm.dll+0x306d82]
V  [jvm.dll+0x30e516]
V  [jvm.dll+0x35e08e]
V  [jvm.dll+0x35e2bd]
V  [jvm.dll+0x2ddd78]
V  [jvm.dll+0x2dece8]
V  [jvm.dll+0x7b1e0d]
V  [jvm.dll+0x36bcc1]
V  [jvm.dll+0x790d51]
V  [jvm.dll+0x3f13bb]
V  [jvm.dll+0x3f2e91]
C  [jli.dll+0x5304]
C  [ucrtbase.dll+0x21bb2]
C  [KERNEL32.DLL+0x17614]
C  [ntdll.dll+0x526a1]


---------------  P R O C E S S  ---------------

Threads class SMR info:
_java_thread_list=0x00007ffcefccca58, length=0, elements={
}

Java Threads: ( => current thread )

Other Threads:
  0x00000211efd04b70 GCTaskThread "GC Thread#0" [stack: 0x0000004b55c00000,0x0000004b55d00000] [id=21296]
  0x00000211efd11790 ConcurrentGCThread "G1 Main Marker" [stack: 0x0000004b55d00000,0x0000004b55e00000] [id=3720]
  0x00000211efd121a0 ConcurrentGCThread "G1 Conc#0" [stack: 0x0000004b55e00000,0x0000004b55f00000] [id=27612]

[error occurred during error reporting (printing all threads), id 0xc0000005, EXCEPTION_ACCESS_VIOLATION (0xc0000005) at pc=0x00007ffcef4fed77]

VM state: not at safepoint (not fully initialized)

VM Mutex/Monitor currently owned by a thread:  ([mutex/lock_event])
[0x00000211edced690] Heap_lock - owner thread: 0x00000211efcaea10

Heap address: 0x0000000743200000, size: 3022 MB, Compressed Oops mode: Zero based, Oop shift amount: 3

CDS archive(s) mapped at: [0x0000000000000000-0x0000000000000000-0x0000000000000000), size 0, SharedBaseAddress: 0x0000000800000000, ArchiveRelocationMode: 1.
Narrow klass base: 0x0000000000000000, Narrow klass shift: 0, Narrow klass range: 0x0

GC Precious Log:
<Empty>

Heap:
 garbage-first heap   total 0K, used 0K [0x0000000743200000, 0x0000000800000000)
  region size 2048K, 0 young (0K), 0 survivors (0K)

[error occurred during error reporting (printing heap information), id 0xc0000005, EXCEPTION_ACCESS_VIOLATION (0xc0000005) at pc=0x00007ffcef8e7979]

GC Heap History (0 events):
No events

Deoptimization events (0 events):
No events

Classes unloaded (0 events):
No events

Classes redefined (0 events):
No events

Internal exceptions (0 events):
No events

VM Operations (0 events):
No events

Events (1 events):
Event: 0.005 Loaded shared library C:\Program Files\Java\latest\jdk-17\bin\java.dll


Dynamic libraries:
0x00007ff7b8b20000 - 0x00007ff7b8b30000 	C:\Program Files\Java\latest\jdk-17\bin\java.exe
0x00007ffd2fc90000 - 0x00007ffd2fe88000 	C:\Windows\SYSTEM32\ntdll.dll
0x00007ffd2df80000 - 0x00007ffd2e03f000 	C:\Windows\System32\KERNEL32.DLL
0x00007ffd2d8d0000 - 0x00007ffd2dba2000 	C:\Windows\System32\KERNELBASE.dll
0x00007ffd2dbb0000 - 0x00007ffd2dcb0000 	C:\Windows\System32\ucrtbase.dll
0x00007ffd28990000 - 0x00007ffd289a9000 	C:\Program Files\Java\latest\jdk-17\bin\jli.dll
0x00007ffd29e70000 - 0x00007ffd29e8e000 	C:\Program Files\Java\latest\jdk-17\bin\VCRUNTIME140.dll
0x00007ffd2f2a0000 - 0x00007ffd2f34e000 	C:\Windows\System32\ADVAPI32.dll
0x00007ffd2eab0000 - 0x00007ffd2eb4e000 	C:\Windows\System32\msvcrt.dll
0x00007ffd2f200000 - 0x00007ffd2f29c000 	C:\Windows\System32\sechost.dll
0x00007ffd2dce0000 - 0x00007ffd2de04000 	C:\Windows\System32\RPCRT4.dll
0x00007ffd2e100000 - 0x00007ffd2e2a1000 	C:\Windows\System32\USER32.dll
0x00007ffd17cb0000 - 0x00007ffd17f4a000 	C:\Windows\WinSxS\amd64_microsoft.windows.common-controls_6595b64144ccf1df_6.0.19041.1110_none_60b5254171f9507e\COMCTL32.dll
0x00007ffd2d690000 - 0x00007ffd2d6b2000 	C:\Windows\System32\win32u.dll
0x00007ffd2e2b0000 - 0x00007ffd2e2db000 	C:\Windows\System32\GDI32.dll
0x00007ffd2d580000 - 0x00007ffd2d68f000 	C:\Windows\System32\gdi32full.dll
0x00007ffd2d490000 - 0x00007ffd2d52d000 	C:\Windows\System32\msvcp_win.dll
0x00007ffd22870000 - 0x00007ffd2287a000 	C:\Windows\SYSTEM32\VERSION.dll
0x00007ffd2f0a0000 - 0x00007ffd2f0d0000 	C:\Windows\System32\IMM32.DLL
0x00007ffd2a5e0000 - 0x00007ffd2a5ec000 	C:\Program Files\Java\latest\jdk-17\bin\vcruntime140_1.dll
0x00007ffcfbb10000 - 0x00007ffcfbb9d000 	C:\Program Files\Java\latest\jdk-17\bin\msvcp140.dll
0x00007ffcef210000 - 0x00007ffcefdf5000 	C:\Program Files\Java\latest\jdk-17\bin\server\jvm.dll
0x00007ffd2f080000 - 0x00007ffd2f088000 	C:\Windows\System32\PSAPI.DLL
0x00007ffcf3a60000 - 0x00007ffcf3a69000 	C:\Windows\SYSTEM32\WSOCK32.dll
0x00007ffd17c00000 - 0x00007ffd17c27000 	C:\Windows\SYSTEM32\WINMM.dll
0x00007ffd2e510000 - 0x00007ffd2e57b000 	C:\Windows\System32\WS2_32.dll
0x00007ffd2bba0000 - 0x00007ffd2bbb2000 	C:\Windows\SYSTEM32\kernel.appcore.dll
0x00007ffd2a5c0000 - 0x00007ffd2a5ca000 	C:\Program Files\Java\latest\jdk-17\bin\jimage.dll
0x00007ffd2b100000 - 0x00007ffd2b2e4000 	C:\Windows\SYSTEM32\DBGHELP.DLL
0x00007ffd155e0000 - 0x00007ffd15615000 	C:\Windows\SYSTEM32\dbgcore.DLL
0x00007ffd2d390000 - 0x00007ffd2d412000 	C:\Windows\System32\bcryptPrimitives.dll
0x00007ffd27680000 - 0x00007ffd276a6000 	C:\Program Files\Java\latest\jdk-17\bin\java.dll

dbghelp: loaded successfully - version: 4.0.5 - missing functions: none
symbol engine: initialized successfully - sym options: 0x614 - pdb path: .;C:\Program Files\Java\latest\jdk-17\bin;C:\Windows\SYSTEM32;C:\Windows\WinSxS\amd64_microsoft.windows.common-controls_6595b64144ccf1df_6.0.19041.1110_none_60b5254171f9507e;C:\Program Files\Java\latest\jdk-17\bin\server

VM Arguments:
jvm_args: -Dclassworlds.conf=C:\Program Files\Maven\apache-maven-3.9.16\bin\m2.conf -Dmaven.home=C:\Program Files\Maven\apache-maven-3.9.16 -Dlibrary.jansi.path=C:\Program Files\Maven\apache-maven-3.9.16\lib\jansi-native -Dmaven.multiModuleProjectDirectory=D:\Airline Project\Backend\Microservices\services\seat-service 
java_command: org.codehaus.plexus.classworlds.launcher.Launcher spring-boot:run
java_class_path (initial): C:\Program Files\Maven\apache-maven-3.9.16\boot\plexus-classworlds-2.11.0.jar
Launcher Type: SUN_STANDARD

[Global flags]
     intx CICompilerCount                          = 3                                         {product} {ergonomic}
     uint ConcGCThreads                            = 1                                         {product} {ergonomic}
     uint G1ConcRefinementThreads                  = 4                                         {product} {ergonomic}
   size_t G1HeapRegionSize                         = 2097152                                   {product} {ergonomic}
    uintx GCDrainStackTargetSize                   = 64                                        {product} {ergonomic}
   size_t InitialHeapSize                          = 199229440                                 {product} {ergonomic}
   size_t MarkStackSize                            = 4194304                                   {product} {ergonomic}
   size_t MaxHeapSize                              = 3168796672                                {product} {ergonomic}
   size_t MinHeapDeltaBytes                        = 2097152                                   {product} {ergonomic}
   size_t MinHeapSize                              = 8388608                                   {product} {ergonomic}
    uintx NonNMethodCodeHeapSize                   = 5832780                                {pd product} {ergonomic}
    uintx NonProfiledCodeHeapSize                  = 122912730                              {pd product} {ergonomic}
    uintx ProfiledCodeHeapSize                     = 122912730                              {pd product} {ergonomic}
    uintx ReservedCodeCacheSize                    = 251658240                              {pd product} {ergonomic}
     bool SegmentedCodeCache                       = true                                      {product} {ergonomic}
   size_t SoftMaxHeapSize                          = 3168796672                             {manageable} {ergonomic}
     bool UseCompressedClassPointers               = true                           {product lp64_product} {ergonomic}
     bool UseCompressedOops                        = true                           {product lp64_product} {ergonomic}
     bool UseG1GC                                  = true                                      {product} {ergonomic}
     bool UseLargePagesIndividualAllocation        = false                                  {pd product} {ergonomic}

Logging:
Log output configuration:
 #0: stdout all=warning uptime,level,tags
 #1: stderr all=off uptime,level,tags

Environment Variables:
JAVA_HOME=C:\Program Files\Java\latest\jdk-17
PATH=C:\Python314\Scripts\;C:\Python314\;C:\Program Files\Common Files\Oracle\Java\javapath;C:\Windows\system32;C:\Windows;C:\Windows\System32\Wbem;C:\Windows\System32\WindowsPowerShell\v1.0\;C:\Windows\System32\OpenSSH\;C:\Program Files\Java\latest\jdk-17\bin;C:\Program Files\Maven\apache-maven-3.9.16\bin;D:\Git\cmd;C:\Program Files\nodejs\;C:\ProgramData\chocolatey\bin;;C:\Program Files\Docker\Docker\resources\bin;C:\Users\GNEX_DIGITAL\AppData\Local\Microsoft\WindowsApps;D:\IntelliJ IDEA 2026.1.4\bin;D:\Microsoft VS Code\bin;C:\Users\GNEX_DIGITAL\AppData\Roaming\npm;D:\Antigravity IDE\bin
USERNAME=GNEX_DIGITAL
OS=Windows_NT
PROCESSOR_IDENTIFIER=Intel64 Family 6 Model 140 Stepping 1, GenuineIntel



---------------  S Y S T E M  ---------------

OS:
 Windows 10 , 64 bit Build 19041 (10.0.19041.2546)
OS uptime: 4 days 12:42 hours
Hyper-V role detected

CPU: total 4 (initial active 4) (2 cores per cpu, 2 threads per core) family 6 model 140 stepping 1 microcode 0x9a, cx8, cmov, fxsr, ht, mmx, 3dnowpref, sse, sse2, sse3, ssse3, sse4.1, sse4.2, popcnt, lzcnt, tsc, tscinvbit, avx, avx2, aes, erms, clmul, bmi1, bmi2, adx, avx512f, avx512dq, avx512cd, avx512bw, avx512vl, sha, fma, vzeroupper, avx512_vpopcntdq, avx512_vpclmulqdq, avx512_vaes, avx512_vnni, clflush, clflushopt, clwb, avx512_vbmi2, avx512_vbmi, hv

Memory: 4k page, system-wide physical 12087M (305M free)
TotalPageFile size 27630M (AvailPageFile size 15M)
current process WorkingSet (physical memory assigned to process): 10M, peak: 10M
current process commit charge ("private bytes"): 51M, peak: 241M

vm_info: Java HotSpot(TM) 64-Bit Server VM (17.0.19+9-LTS-183) for windows-amd64 JRE (17.0.19+9-LTS-183), built on Mar 11 2026 01:59:45 by "mach5run" with MS VC++ 17.13 (VS2022)

END.
